Component: ARM Compiler 5.06 update 6 (build 750) Tool: armlink [4d35ed]

==============================================================================

Section Cross References

    stm32f10x_it.o(i.BusFault_Handler) refers to usart.o(i.UsartPrintf) for UsartPrintf
    stm32f10x_it.o(i.HardFault_Handler) refers to usart.o(i.UsartPrintf) for UsartPrintf
    stm32f10x_it.o(i.MemManage_Handler) refers to usart.o(i.UsartPrintf) for UsartPrintf
    stm32f10x_it.o(i.UsageFault_Handler) refers to usart.o(i.UsartPrintf) for UsartPrintf
    system_stm32f10x.o(i.SetSysClock) refers to system_stm32f10x.o(i.SetSysClockTo72) for SetSysClockTo72
    system_stm32f10x.o(i.SystemCoreClockUpdate) refers to system_stm32f10x.o(.data) for SystemCoreClock
    system_stm32f10x.o(i.SystemInit) refers to system_stm32f10x.o(i.SetSysClock) for SetSysClock
    startup_stm32f10x_hd.o(RESET) refers to startup_stm32f10x_hd.o(STACK) for __initial_sp
    startup_stm32f10x_hd.o(RESET) refers to startup_stm32f10x_hd.o(.text) for Reset_Handler
    startup_stm32f10x_hd.o(RESET) refers to stm32f10x_it.o(i.NMI_Handler) for NMI_Handler
    startup_stm32f10x_hd.o(RESET) refers to stm32f10x_it.o(i.HardFault_Handler) for HardFault_Handler
    startup_stm32f10x_hd.o(RESET) refers to stm32f10x_it.o(i.MemManage_Handler) for MemManage_Handler
    startup_stm32f10x_hd.o(RESET) refers to stm32f10x_it.o(i.BusFault_Handler) for BusFault_Handler
    startup_stm32f10x_hd.o(RESET) refers to stm32f10x_it.o(i.UsageFault_Handler) for UsageFault_Handler
    startup_stm32f10x_hd.o(RESET) refers to stm32f10x_it.o(i.SVC_Handler) for SVC_Handler
    startup_stm32f10x_hd.o(RESET) refers to stm32f10x_it.o(i.DebugMon_Handler) for DebugMon_Handler
    startup_stm32f10x_hd.o(RESET) refers to stm32f10x_it.o(i.SysTick_Handler) for SysTick_Handler
    startup_stm32f10x_hd.o(RESET) refers to stm32f10x_it.o(i.RTC_IRQHandler) for RTC_IRQHandler
    startup_stm32f10x_hd.o(RESET) refers to stm32f10x_it.o(i.EXTI0_IRQHandler) for EXTI0_IRQHandler
    startup_stm32f10x_hd.o(RESET) refers to exti.o(i.EXTI1_IRQHandler) for EXTI1_IRQHandler
    startup_stm32f10x_hd.o(RESET) refers to exti.o(i.EXTI2_IRQHandler) for EXTI2_IRQHandler
    startup_stm32f10x_hd.o(RESET) refers to exti.o(i.EXTI3_IRQHandler) for EXTI3_IRQHandler
    startup_stm32f10x_hd.o(RESET) refers to exti.o(i.EXTI4_IRQHandler) for EXTI4_IRQHandler
    startup_stm32f10x_hd.o(RESET) refers to hwjs.o(i.EXTI9_5_IRQHandler) for EXTI9_5_IRQHandler
    startup_stm32f10x_hd.o(RESET) refers to time.o(i.TIM4_IRQHandler) for TIM4_IRQHandler
    startup_stm32f10x_hd.o(RESET) refers to usart.o(i.USART1_IRQHandler) for USART1_IRQHandler
    startup_stm32f10x_hd.o(RESET) refers to esp8266.o(i.USART3_IRQHandler) for USART3_IRQHandler
    startup_stm32f10x_hd.o(.text) refers to system_stm32f10x.o(i.SystemInit) for SystemInit
    startup_stm32f10x_hd.o(.text) refers to entry.o(.ARM.Collect$$$$00000000) for __main
    stm32f10x_gpio.o(i.GPIO_AFIODeInit) refers to stm32f10x_rcc.o(i.RCC_APB2PeriphResetCmd) for RCC_APB2PeriphResetCmd
    stm32f10x_gpio.o(i.GPIO_DeInit) refers to stm32f10x_rcc.o(i.RCC_APB2PeriphResetCmd) for RCC_APB2PeriphResetCmd
    stm32f10x_rcc.o(i.RCC_GetClocksFreq) refers to stm32f10x_rcc.o(.data) for APBAHBPrescTable
    stm32f10x_rcc.o(i.RCC_WaitForHSEStartUp) refers to stm32f10x_rcc.o(i.RCC_GetFlagStatus) for RCC_GetFlagStatus
    stm32f10x_usart.o(i.USART_DeInit) refers to stm32f10x_rcc.o(i.RCC_APB2PeriphResetCmd) for RCC_APB2PeriphResetCmd
    stm32f10x_usart.o(i.USART_DeInit) refers to stm32f10x_rcc.o(i.RCC_APB1PeriphResetCmd) for RCC_APB1PeriphResetCmd
    stm32f10x_usart.o(i.USART_Init) refers to stm32f10x_rcc.o(i.RCC_GetClocksFreq) for RCC_GetClocksFreq
    stm32f10x_adc.o(i.ADC_DeInit) refers to stm32f10x_rcc.o(i.RCC_APB2PeriphResetCmd) for RCC_APB2PeriphResetCmd
    stm32f10x_tim.o(i.TIM_DeInit) refers to stm32f10x_rcc.o(i.RCC_APB2PeriphResetCmd) for RCC_APB2PeriphResetCmd
    stm32f10x_tim.o(i.TIM_DeInit) refers to stm32f10x_rcc.o(i.RCC_APB1PeriphResetCmd) for RCC_APB1PeriphResetCmd
    stm32f10x_tim.o(i.TIM_ETRClockMode1Config) refers to stm32f10x_tim.o(i.TIM_ETRConfig) for TIM_ETRConfig
    stm32f10x_tim.o(i.TIM_ETRClockMode2Config) refers to stm32f10x_tim.o(i.TIM_ETRConfig) for TIM_ETRConfig
    stm32f10x_tim.o(i.TIM_ICInit) refers to stm32f10x_tim.o(i.TI1_Config) for TI1_Config
    stm32f10x_tim.o(i.TIM_ICInit) refers to stm32f10x_tim.o(i.TIM_SetIC1Prescaler) for TIM_SetIC1Prescaler
    stm32f10x_tim.o(i.TIM_ICInit) refers to stm32f10x_tim.o(i.TI2_Config) for TI2_Config
    stm32f10x_tim.o(i.TIM_ICInit) refers to stm32f10x_tim.o(i.TIM_SetIC2Prescaler) for TIM_SetIC2Prescaler
    stm32f10x_tim.o(i.TIM_ICInit) refers to stm32f10x_tim.o(i.TI3_Config) for TI3_Config
    stm32f10x_tim.o(i.TIM_ICInit) refers to stm32f10x_tim.o(i.TIM_SetIC3Prescaler) for TIM_SetIC3Prescaler
    stm32f10x_tim.o(i.TIM_ICInit) refers to stm32f10x_tim.o(i.TI4_Config) for TI4_Config
[...]
    .data                                    0x200000d8   Section        4  mvars.o(.data)
    .data                                    0x200000dc   Section        4  mvars.o(.data)
    .data                                    0x200000e0   Section        4  errno.o(.data)
    _errno                                   0x200000e0   Data           4  errno.o(.data)
    .bss                                     0x200000e4   Section       75  ws2812.o(.bss)
    .bss                                     0x2000012f   Section      512  esp8266.o(.bss)
    HEAP                                     0x20000330   Section     3072  startup_stm32f10x_hd.o(HEAP)
    STACK                                    0x20000f30   Section     3072  startup_stm32f10x_hd.o(STACK)

    Global Symbols

    Symbol Name                              Value     Ov Type        Size  Object(Section)

    BuildAttributes$$THM_ISAv4$P$D$K$B$S$PE$A:L22UL41UL21$X:L11$S22US41US21$IEEE1$IW$USESV6$~STKCKD$USESV7$~SHL$OTIME$ROPI$IEEEX$EBA8$MICROLIB$REQ8$PRES8$EABIv2 0x00000000   Number         0  anon$$obj.o ABSOLUTE
    __ARM_use_no_argv                        0x00000000   Number         0  main.o ABSOLUTE
    _printf_a                                0x00000000   Number         0  stubs.o ABSOLUTE
    _printf_c                                0x00000000   Number         0  stubs.o ABSOLUTE
    _printf_charcount                        0x00000000   Number         0  stubs.o ABSOLUTE
    _printf_d                                0x00000000   Number         0  stubs.o ABSOLUTE
    _printf_e                                0x00000000   Number         0  stubs.o ABSOLUTE
    _printf_f                                0x00000000   Number         0  stubs.o ABSOLUTE
    _printf_flags                            0x00000000   Number         0  stubs.o ABSOLUTE
    _printf_fp_dec                           0x00000000   Number         0  stubs.o ABSOLUTE
    _printf_fp_hex                           0x00000000   Number         0  stubs.o ABSOLUTE
    _printf_g                                0x00000000   Number         0  stubs.o ABSOLUTE
    _printf_i                                0x00000000   Number         0  stubs.o ABSOLUTE
    _printf_int_dec                          0x00000000   Number         0  stubs.o ABSOLUTE
    _printf_l                                0x00000000   Number         0  stubs.o ABSOLUTE
    _printf_lc                               0x00000000   Number         0  stubs.o ABSOLUTE
    _printf_ll                               0x00000000   Number         0  stubs.o ABSOLUTE
    _printf_lld                              0x00000000   Number         0  stubs.o ABSOLUTE
    _printf_lli                              0x00000000   Number         0  stubs.o ABSOLUTE
    _printf_llo                              0x00000000   Number         0  stubs.o ABSOLUTE
    _printf_llu                              0x00000000   Number         0  stubs.o ABSOLUTE
    _printf_llx                              0x00000000   Number         0  stubs.o ABSOLUTE
    _printf_longlong_dec                     0x00000000   Number         0  stubs.o ABSOLUTE
    _printf_longlong_hex                     0x00000000   Number         0  stubs.o ABSOLUTE
    _printf_longlong_oct                     0x00000000   Number         0  stubs.o ABSOLUTE
    _printf_ls                               0x00000000   Number         0  stubs.o ABSOLUTE
    _printf_mbtowc                           0x00000000   Number         0  stubs.o ABSOLUTE
    _printf_n                                0x00000000   Number         0  stubs.o ABSOLUTE
    _printf_o                                0x00000000   Number         0  stubs.o ABSOLUTE
    _printf_p                                0x00000000   Number         0  stubs.o ABSOLUTE
    _printf_percent                          0x00000000   Number         0  stubs.o ABSOLUTE
    _printf_pre_padding                      0x00000000   Number         0  stubs.o ABSOLUTE
    _printf_return_value                     0x00000000   Number         0  stubs.o ABSOLUTE
    _printf_s                                0x00000000   Number         0  stubs.o ABSOLUTE
    _printf_sizespec                         0x00000000   Number         0  stubs.o ABSOLUTE
    _printf_str                              0x00000000   Number         0  stubs.o ABSOLUTE
    _printf_truncate_signed                  0x00000000   Number         0  stubs.o ABSOLUTE
    _printf_truncate_unsigned                0x00000000   Number         0  stubs.o ABSOLUTE
    _printf_u                                0x00000000   Number         0  stubs.o ABSOLUTE
    _printf_wc                               0x00000000   Number         0  stubs.o ABSOLUTE
    _printf_wctomb                           0x00000000   Number         0  stubs.o ABSOLUTE
    _printf_widthprec                        0x00000000   Number         0  stubs.o ABSOLUTE
    _printf_x                                0x00000000   Number         0  stubs.o ABSOLUTE
    __cpp_initialize__aeabi_                  - Undefined Weak Reference
    __cxa_finalize                            - Undefined Weak Reference
    __decompress                              - Undefined Weak Reference
    _clock_init                               - Undefined Weak Reference
    _microlib_exit                            - Undefined Weak Reference
    _scanf_longlong                           - Undefined Weak Reference
    _scanf_real                               - Undefined Weak Reference
    __Vectors_Size                           0x00000130   Number         0  startup_stm32f10x_hd.o ABSOLUTE
    __Vectors                                0x08000000   Data           4  startup_stm32f10x_hd.o(RESET)
    __Vectors_End                            0x08000130   Data           0  startup_stm32f10x_hd.o(RESET)
    __main                                   0x08000131   Thumb Code     0  entry.o(.ARM.Collect$$$$00000000)
    _main_stk                                0x08000131   Thumb Code     0  entry2.o(.ARM.Collect$$$$00000001)
    _main_scatterload                        0x08000135   Thumb Code     0  entry5.o(.ARM.Collect$$$$00000004)
    __main_after_scatterload                 0x08000139   Thumb Code     0  entry5.o(.ARM.Collect$$$$00000004)
    _main_clock                              0x08000139   Thumb Code     0  entry7b.o(.ARM.Collect$$$$00000008)
    _main_cpp_init                           0x08000139   Thumb Code     0  entry8b.o(.ARM.Collect$$$$0000000A)
    _main_init                               0x08000139   Thumb Code     0  entry9a.o(.ARM.Collect$$$$0000000B)
    __rt_final_cpp                           0x08000141   Thumb Code     0  entry10a.o(.ARM.Collect$$$$0000000D)
    __rt_final_exit                          0x08000141   Thumb Code     0  entry11a.o(.ARM.Collect$$$$0000000F)
    Reset_Handler                            0x08000145   Thumb Code     8  startup_stm32f10x_hd.o(.text)
    PendSV_Handler                           0x0800015b   Thumb Code     2  startup_stm32f10x_hd.o(.text)
    ADC1_2_IRQHandler                        0x0800015f   Thumb Code     0  startup_stm32f10x_hd.o(.text)
    ADC3_IRQHandler                          0x0800015f   Thumb Code     0  startup_stm32f10x_hd.o(.text)
    CAN1_RX1_IRQHandler                      0x0800015f   Thumb Code     0  startup_stm32f10x_hd.o(.text)
    CAN1_SCE_IRQHandler                      0x0800015f   Thumb Code     0  startup_stm32f10x_hd.o(.text)
    DMA1_Channel1_IRQHandler                 0x0800015f   Thumb Code     0  startup_stm32f10x_hd.o(.text)
    DMA1_Channel2_IRQHandler                 0x0800015f   Thumb Code     0  startup_stm32f10x_hd.o(.text)
    DMA1_Channel3_IRQHandler                 0x0800015f   Thumb Code     0  startup_stm32f10x_hd.o(.text)
    DMA1_Channel4_IRQHandler                 0x0800015f   Thumb Code     0  startup_stm32f10x_hd.o(.text)
    DMA1_Channel5_IRQHandler                 0x0800015f   Thumb Code     0  startup_stm32f10x_hd.o(.text)
    DMA1_Channel6_IRQHandler                 0x0800015f   Thumb Code     0  startup_stm32f10x_hd.o(.text)
    DMA1_Channel7_IRQHandler                 0x0800015f   Thumb Code     0  startup_stm32f10x_hd.o(.text)
    DMA2_Channel1_IRQHandler                 0x0800015f   Thumb Code     0  startup_stm32f10x_hd.o(.text)
    DMA2_Channel2_IRQHandler                 0x0800015f   Thumb Code     0  startup_stm32f10x_hd.o(.text)
    DMA2_Channel3_IRQHandler                 0x0800015f   Thumb Code     0  startup_stm32f10x_hd.o(.text)
    DMA2_Channel4_5_IRQHandler               0x0800015f   Thumb Code     0  startup_stm32f10x_hd.o(.text)
    EXTI15_10_IRQHandler                     0x0800015f   Thumb Code     0  startup_stm32f10x_hd.o(.text)
    FLASH_IRQHandler                         0x0800015f   Thumb Code     0  startup_stm32f10x_hd.o(.text)
    FSMC_IRQHandler                          0x0800015f   Thumb Code     0  startup_stm32f10x_hd.o(.text)
    I2C1_ER_IRQHandler                       0x0800015f   Thumb Code     0  startup_stm32f10x_hd.o(.text)
    I2C1_EV_IRQHandler                       0x0800015f   Thumb Code     0  startup_stm32f10x_hd.o(.text)
    I2C2_ER_IRQHandler                       0x0800015f   Thumb Code     0  startup_stm32f10x_hd.o(.text)
    I2C2_EV_IRQHandler                       0x0800015f   Thumb Code     0  startup_stm32f10x_hd.o(.text)
    PVD_IRQHandler                           0x0800015f   Thumb Code     0  startup_stm32f10x_hd.o(.text)
    RCC_IRQHandler                           0x0800015f   Thumb Code     0  startup_stm32f10x_hd.o(.text)
    RTCAlarm_IRQHandler                      0x0800015f   Thumb Code     0  startup_stm32f10x_hd.o(.text)
    SDIO_IRQHandler                          0x0800015f   Thumb Code     0  startup_stm32f10x_hd.o(.text)
    SPI1_IRQHandler                          0x0800015f   Thumb Code     0  startup_stm32f10x_hd.o(.text)
    SPI2_IRQHandler                          0x0800015f   Thumb Code     0  startup_stm32f10x_hd.o(.text)
    SPI3_IRQHandler                          0x0800015f   Thumb Code     0  startup_stm32f10x_hd.o(.text)
    TAMPER_IRQHandler                        0x0800015f   Thumb Code     0  startup_stm32f10x_hd.o(.text)
    TIM1_BRK_IRQHandler                      0x0800015f   Thumb Code     0  startup_stm32f10x_hd.o(.text)
    TIM1_CC_IRQHandler                       0x0800015f   Thumb Code     0  startup_stm32f10x_hd.o(.text)
    TIM1_TRG_COM_IRQHandler                  0x0800015f   Thumb Code     0  startup_stm32f10x_hd.o(.text)
    TIM1_UP_IRQHandler                       0x0800015f   Thumb Code     0  startup_stm32f10x_hd.o(.text)
    TIM2_IRQHandler                          0x0800015f   Thumb Code     0  startup_stm32f10x_hd.o(.text)
    TIM3_IRQHandler                          0x0800015f   Thumb Code     0  startup_stm32f10x_hd.o(.text)
    TIM5_IRQHandler                          0x0800015f   Thumb Code     0  startup_stm32f10x_hd.o(.text)
    TIM6_IRQHandler                          0x0800015f   Thumb Code     0  startup_stm32f10x_hd.o(.text)
    TIM7_IRQHandler                          0x0800015f   Thumb Code     0  startup_stm32f10x_hd.o(.text)
    TIM8_BRK_IRQHandler                      0x0800015f   Thumb Code     0  startup_stm32f10x_hd.o(.text)
    TIM8_CC_IRQHandler                       0x0800015f   Thumb Code     0  startup_stm32f10x_hd.o(.text)
    TIM8_TRG_COM_IRQHandler                  0x0800015f   Thumb Code     0  startup_stm32f10x_hd.o(.text)
    TIM8_UP_IRQHandler                       0x0800015f   Thumb Code     0  startup_stm32f10x_hd.o(.text)
    UART4_IRQHandler                         0x0800015f   Thumb Code     0  startup_stm32f10x_hd.o(.text)
    UART5_IRQHandler                         0x0800015f   Thumb Code     0  startup_stm32f10x_hd.o(.text)
    USART2_IRQHandler                        0x0800015f   Thumb Code     0  startup_stm32f10x_hd.o(.text)
    USBWakeUp_IRQHandler                     0x0800015f   Thumb Code     0  startup_stm32f10x_hd.o(.text)
    USB_HP_CAN1_TX_IRQHandler                0x0800015f   Thumb Code     0  startup_stm32f10x_hd.o(.text)
    USB_LP_CAN1_RX0_IRQHandler               0x0800015f   Thumb Code     0  startup_stm32f10x_hd.o(.text)
    WWDG_IRQHandler                          0x0800015f   Thumb Code     0  startup_stm32f10x_hd.o(.text)
    tolower                                  0x08000169   Thumb Code    12  tolower.o(.text)
    __aeabi_memcpy                           0x08000175   Thumb Code    36  memcpya.o(.text)
    __aeabi_memcpy4                          0x08000175   Thumb Code     0  memcpya.o(.text)
    __aeabi_memcpy8                          0x08000175   Thumb Code     0  memcpya.o(.text)
    __aeabi_memset                           0x08000199   Thumb Code    14  memseta.o(.text)
    __aeabi_memset4                          0x08000199   Thumb Code     0  memseta.o(.text)
    __aeabi_memset8                          0x08000199   Thumb Code     0  memseta.o(.text)
    __aeabi_memclr                           0x080001a7   Thumb Code     4  memseta.o(.text)
    __aeabi_memclr4                          0x080001a7   Thumb Code     0  memseta.o(.text)
    __aeabi_memclr8                          0x080001a7   Thumb Code     0  memseta.o(.text)
    _memset$wrapper                          0x080001ab   Thumb Code    18  memseta.o(.text)
    strcat                                   0x080001bd   Thumb Code    24  strcat.o(.text)
    strstr                                   0x080001d5   Thumb Code    36  strstr.o(.text)
    strchr                                   0x080001f9   Thumb Code    20  strchr.o(.text)
    strlen                                   0x0800020d   Thumb Code    14  strlen.o(.text)
    strncat                                  0x0800021b   Thumb Code    40  strncat.o(.text)
    strcpy                                   0x08000243   Thumb Code    18  strcpy.o(.text)
    strncmp                                  0x08000255   Thumb Code    30  strncmp.o(.text)
    __aeabi_fadd                             0x08000273   Thumb Code   164  fadd.o(.text)
    __aeabi_fsub                             0x08000317   Thumb Code     6  fadd.o(.text)
    __aeabi_frsub                            0x0800031d   Thumb Code     6  fadd.o(.text)
    __aeabi_fmul                             0x08000323   Thumb Code   100  fmul.o(.text)
    __aeabi_fdiv                             0x08000387   Thumb Code   124  fdiv.o(.text)
    __aeabi_dadd                             0x08000403   Thumb Code   322  dadd.o(.text)
    __aeabi_dsub                             0x08000545   Thumb Code     6  dadd.o(.text)
    __aeabi_drsub                            0x0800054b   Thumb Code     6  dadd.o(.text)
    __aeabi_dmul                             0x08000551   Thumb Code   228  dmul.o(.text)
    __aeabi_i2f                              0x08000635   Thumb Code    18  fflti.o(.text)
    __aeabi_ui2f                             0x08000647   Thumb Code    10  ffltui.o(.text)
    __aeabi_i2d                              0x08000651   Thumb Code    34  dflti.o(.text)
    __aeabi_ui2d                             0x08000673   Thumb Code    26  dfltui.o(.text)
    __aeabi_f2iz                             0x0800068d   Thumb Code    50  ffixi.o(.text)
    __aeabi_f2uiz                            0x080006bf   Thumb Code    40  ffixui.o(.text)
    __aeabi_d2iz                             0x080006e7   Thumb Code    62  dfixi.o(.text)
    __aeabi_d2uiz                            0x08000725   Thumb Code    50  dfixui.o(.text)
    __aeabi_f2d                              0x08000757   Thumb Code    38  f2d.o(.text)
    __aeabi_cdcmpeq                          0x0800077d   Thumb Code     0  cdcmple.o(.text)
    __aeabi_cdcmple                          0x0800077d   Thumb Code    48  cdcmple.o(.text)
    __aeabi_cdrcmple                         0x080007ad   Thumb Code    48  cdrcmple.o(.text)
    __aeabi_uidiv                            0x080007dd   Thumb Code     0  uidiv.o(.text)
    __aeabi_uidivmod                         0x080007dd   Thumb Code    44  uidiv.o(.text)
    __aeabi_uldivmod                         0x08000809   Thumb Code    98  uldiv.o(.text)
    __aeabi_llsl                             0x0800086b   Thumb Code    30  llshl.o(.text)
    _ll_shift_l                              0x0800086b   Thumb Code     0  llshl.o(.text)
    __aeabi_llsr                             0x08000889   Thumb Code    32  llushr.o(.text)
    _ll_ushift_r                             0x08000889   Thumb Code     0  llushr.o(.text)
    __aeabi_lasr                             0x080008a9   Thumb Code    36  llsshr.o(.text)
    _ll_sshift_r                             0x080008a9   Thumb Code     0  llsshr.o(.text)
    __I$use$fp                               0x080008cd   Thumb Code     0  iusefp.o(.text)
    _float_round                             0x080008cd   Thumb Code    18  fepilogue.o(.text)
    _float_epilogue                          0x080008df   Thumb Code    92  fepilogue.o(.text)
    _double_round                            0x0800093b   Thumb Code    30  depilogue.o(.text)
    _double_epilogue                         0x08000959   Thumb Code   156  depilogue.o(.text)
    __aeabi_ddiv                             0x080009f5   Thumb Code   222  ddiv.o(.text)
    __ARM_scalbn                             0x08000ad3   Thumb Code    46  dscalb.o(.text)
    scalbn                                   0x08000ad3   Thumb Code     0  dscalb.o(.text)
    _dsqrt                                   0x08000b01   Thumb Code   162  dsqrt.o(.text)
    __aeabi_d2ulz                            0x08000ba3   Thumb Code    48  dfixul.o(.text)
    __scatterload                            0x08000bd5   Thumb Code    28  init.o(.text)
    __scatterload_rt2                        0x08000bd5   Thumb Code     0  init.o(.text)
    ADC_Cmd                                  0x08000bf9   Thumb Code    22  stm32f10x_adc.o(i.ADC_Cmd)
    ADC_DeInit                               0x08000c11   Thumb Code    78  stm32f10x_adc.o(i.ADC_DeInit)
    ADC_GetCalibrationStatus                 0x08000c6d   Thumb Code    20  stm32f10x_adc.o(i.ADC_GetCalibrationStatus)
    ADC_GetConversionValue                   0x08000c81   Thumb Code     8  stm32f10x_adc.o(i.ADC_GetConversionValue)
    ADC_GetFlagStatus                        0x08000c89   Thumb Code    18  stm32f10x_adc.o(i.ADC_GetFlagStatus)
    ADC_GetResetCalibrationStatus            0x08000c9b   Thumb Code    20  stm32f10x_adc.o(i.ADC_GetResetCalibrationStatus)
    ADC_Init                                 0x08000cb1   Thumb Code    70  stm32f10x_adc.o(i.ADC_Init)
    ADC_RegularChannelConfig                 0x08000d01   Thumb Code   184  stm32f10x_adc.o(i.ADC_RegularChannelConfig)
    ADC_ResetCalibration                     0x08000db9   Thumb Code    10  stm32f10x_adc.o(i.ADC_ResetCalibration)
    ADC_SoftwareStartConvCmd                 0x08000dc3   Thumb Code    22  stm32f10x_adc.o(i.ADC_SoftwareStartConvCmd)
    ADC_StartCalibration                     0x08000dd9   Thumb Code    10  stm32f10x_adc.o(i.ADC_StartCalibration)
    AT24CXX_Init                             0x08000de3   Thumb Code     8  24cxx.o(i.AT24CXX_Init)
    AT24CXX_ReadLenByte                      0x08000deb   Thumb Code    44  24cxx.o(i.AT24CXX_ReadLenByte)
    AT24CXX_ReadOneByte                      0x08000e17   Thumb Code    88  24cxx.o(i.AT24CXX_ReadOneByte)
    AT24CXX_WriteLenByte                     0x08000e6f   Thumb Code    42  24cxx.o(i.AT24CXX_WriteLenByte)
    AT24CXX_WriteOneByte                     0x08000e99   Thumb Code    80  24cxx.o(i.AT24CXX_WriteOneByte)
    BASE64_Decode                            0x08000ee9   Thumb Code   360  base64.o(i.BASE64_Decode)
    BASE64_Encode                            0x08001055   Thumb Code   320  base64.o(i.BASE64_Encode)
    BEEP_Init                                0x08001199   Thumb Code    50  beep.o(i.BEEP_Init)
    Beep_Set                                 0x080011d5   Thumb Code    22  beep.o(i.Beep_Set)
    BusFault_Handler                         0x080011f5   Thumb Code    12  stm32f10x_it.o(i.BusFault_Handler)
    DHT11_Check                              0x08001241   Thumb Code    74  dht11.o(i.DHT11_Check)
    DHT11_IO_IN                              0x08001291   Thumb Code    26  dht11.o(i.DHT11_IO_IN)
    DHT11_IO_OUT                             0x080012b1   Thumb Code    32  dht11.o(i.DHT11_IO_OUT)
    DHT11_Init                               0x080012d5   Thumb Code    58  dht11.o(i.DHT11_Init)
    DHT11_Read_Bit                           0x08001315   Thumb Code    70  dht11.o(i.DHT11_Read_Bit)
    DHT11_Read_Byte                          0x08001361   Thumb Code    30  dht11.o(i.DHT11_Read_Byte)
    DHT11_Read_Data                          0x0800137f   Thumb Code    88  dht11.o(i.DHT11_Read_Data)
    DHT11_Rst                                0x080013d9   Thumb Code    34  dht11.o(i.DHT11_Rst)
    DebugMon_Handler                         0x08001405   Thumb Code     2  stm32f10x_it.o(i.DebugMon_Handler)
    Display_Init                             0x08001409   Thumb Code   348  main.o(i.Display_Init)
    ESP8266_Clear                            0x08001605   Thumb Code    20  esp8266.o(i.ESP8266_Clear)
    ESP8266_GetIPD                           0x08001621   Thumb Code    78  esp8266.o(i.ESP8266_GetIPD)
    ESP8266_Init                             0x08001695   Thumb Code   136  esp8266.o(i.ESP8266_Init)
    ESP8266_SendCmd                          0x080017bd   Thumb Code    76  esp8266.o(i.ESP8266_SendCmd)
    ESP8266_SendData                         0x08001811   Thumb Code    46  esp8266.o(i.ESP8266_SendData)
    ESP8266_WaitRecive                       0x08001859   Thumb Code    42  esp8266.o(i.ESP8266_WaitRecive)
    EXTI0_IRQHandler                         0x0800188d   Thumb Code     2  stm32f10x_it.o(i.EXTI0_IRQHandler)
    EXTI1_IRQHandler                         0x08001891   Thumb Code   120  exti.o(i.EXTI1_IRQHandler)
    EXTI2_IRQHandler                         0x08001915   Thumb Code   100  exti.o(i.EXTI2_IRQHandler)
    EXTI3_IRQHandler                         0x08001985   Thumb Code   118  exti.o(i.EXTI3_IRQHandler)
    EXTI4_IRQHandler                         0x08001a09   Thumb Code    88  exti.o(i.EXTI4_IRQHandler)
    EXTI9_5_IRQHandler                       0x08001a71   Thumb Code   126  hwjs.o(i.EXTI9_5_IRQHandler)
    EXTI_ClearITPendingBit                   0x08001afd   Thumb Code     6  stm32f10x_exti.o(i.EXTI_ClearITPendingBit)
    EXTI_GetITStatus                         0x08001b09   Thumb Code    34  stm32f10x_exti.o(i.EXTI_GetITStatus)
    EXTI_Init                                0x08001b31   Thumb Code   142  stm32f10x_exti.o(i.EXTI_Init)
    FSMC_NORSRAMCmd                          0x08001bc5   Thumb Code    46  stm32f10x_fsmc.o(i.FSMC_NORSRAMCmd)
    FSMC_NORSRAMInit                         0x08001bf9   Thumb Code   230  stm32f10x_fsmc.o(i.FSMC_NORSRAMInit)
    Fire_GET                                 0x08001ce1   Thumb Code    20  led.o(i.Fire_GET)
    GPIO_EXTILineConfig                      0x08001cf9   Thumb Code    60  stm32f10x_gpio.o(i.GPIO_EXTILineConfig)
    GPIO_Init                                0x08001d39   Thumb Code   278  stm32f10x_gpio.o(i.GPIO_Init)
    GPIO_PinRemapConfig                      0x08001e51   Thumb Code   138  stm32f10x_gpio.o(i.GPIO_PinRemapConfig)
    GPIO_ReadInputDataBit                    0x08001ee1   Thumb Code    18  stm32f10x_gpio.o(i.GPIO_ReadInputDataBit)
    GPIO_ResetBits                           0x08001ef3   Thumb Code     4  stm32f10x_gpio.o(i.GPIO_ResetBits)
    GPIO_SetBits                             0x08001ef7   Thumb Code     4  stm32f10x_gpio.o(i.GPIO_SetBits)
    GPIO_WriteBit                            0x08001efb   Thumb Code    10  stm32f10x_gpio.o(i.GPIO_WriteBit)
    Get_ADC3                                 0x08001f05   Thumb Code    46  lsens.o(i.Get_ADC3)
    HW_jssj                                  0x08001f39   Thumb Code    42  hwjs.o(i.HW_jssj)
    HardFault_Handler                        0x08001f69   Thumb Code    12  stm32f10x_it.o(i.HardFault_Handler)
    Hardware_Init                            0x08001fb5   Thumb Code   184  main.o(i.Hardware_Init)
    Hwjs_Init                                0x080020cd   Thumb Code   108  hwjs.o(i.Hwjs_Init)
    IIC_Ack                                  0x0800213d   Thumb Code    48  iic.o(i.IIC_Ack)
    IIC_Init                                 0x08002175   Thumb Code    64  iic.o(i.IIC_Init)
    IIC_NAck                                 0x080021c1   Thumb Code    48  iic.o(i.IIC_NAck)
    IIC_Read_Byte                            0x080021f9   Thumb Code    80  iic.o(i.IIC_Read_Byte)
    IIC_Send_Byte                            0x08002251   Thumb Code    90  iic.o(i.IIC_Send_Byte)
    IIC_Start                                0x080022b5   Thumb Code    46  iic.o(i.IIC_Start)
    IIC_Stop                                 0x080022ed   Thumb Code    46  iic.o(i.IIC_Stop)
    IIC_Wait_Ack                             0x08002325   Thumb Code    68  iic.o(i.IIC_Wait_Ack)
    KEY_Init                                 0x08002371   Thumb Code    52  key.o(i.KEY_Init)
    LCD_Clear                                0x080023ad   Thumb Code    68  tftlcd.o(i.LCD_Clear)
    LCD_Display_Dir                          0x080023f5   Thumb Code    66  tftlcd.o(i.LCD_Display_Dir)
    LCD_DrawFRONT_COLOR                      0x0800243d   Thumb Code    28  tftlcd.o(i.LCD_DrawFRONT_COLOR)
    LCD_DrawLine                             0x08002459   Thumb Code   176  tftlcd.o(i.LCD_DrawLine)
    LCD_DrawPoint                            0x08002509   Thumb Code    28  tftlcd.o(i.LCD_DrawPoint)
    LCD_Draw_Circle                          0x08002529   Thumb Code   152  tftlcd.o(i.LCD_Draw_Circle)
    LCD_Pow                                  0x080025c1   Thumb Code    22  tftlcd.o(i.LCD_Pow)
    LCD_Set_Window                           0x080025d7   Thumb Code   166  tftlcd.o(i.LCD_Set_Window)
    LCD_ShowChar                             0x0800267d   Thumb Code   272  tftlcd.o(i.LCD_ShowChar)
    LCD_ShowFontHZ                           0x080027a5   Thumb Code   220  tftlcd.o(i.LCD_ShowFontHZ)
    LCD_ShowNum                              0x0800288d   Thumb Code   148  tftlcd.o(i.LCD_ShowNum)
    LCD_ShowPicture                          0x08002921   Thumb Code   138  tftlcd.o(i.LCD_ShowPicture)
    LCD_ShowString                           0x080029ab   Thumb Code   102  tftlcd.o(i.LCD_ShowString)
    LCD_WriteCmd                             0x08002a11   Thumb Code     6  tftlcd.o(i.LCD_WriteCmd)
    LCD_WriteData                            0x08002a1d   Thumb Code     6  tftlcd.o(i.LCD_WriteData)
    LCD_WriteData_Color                      0x08002a29   Thumb Code     6  tftlcd.o(i.LCD_WriteData_Color)
    LED_Init                                 0x08002a35   Thumb Code   312  led.o(i.LED_Init)
    Led_Set                                  0x08002b79   Thumb Code    22  led.o(i.Led_Set)
    Lsens_Get_Val                            0x08002b99   Thumb Code    60  lsens.o(i.Lsens_Get_Val)
    Lsens_Init                               0x08002bd5   Thumb Code   150  lsens.o(i.Lsens_Init)
    Lsens_Read_Data                          0x08002c75   Thumb Code    12  lsens.o(i.Lsens_Read_Data)
    MQTT_DeleteBuffer                        0x08002c81   Thumb Code    28  mqttkit.o(i.MQTT_DeleteBuffer)
    MQTT_DumpLength                          0x08002c9d   Thumb Code    46  mqttkit.o(i.MQTT_DumpLength)
    MQTT_NewBuffer                           0x08002ccb   Thumb Code    88  mqttkit.o(i.MQTT_NewBuffer)
    MQTT_PacketConnect                       0x08002d25   Thumb Code   666  mqttkit.o(i.MQTT_PacketConnect)
    MQTT_PacketPublish                       0x08002fc5   Thumb Code   440  mqttkit.o(i.MQTT_PacketPublish)
    MQTT_PacketSaveData                      0x0800317d   Thumb Code    68  mqttkit.o(i.MQTT_PacketSaveData)
    MQTT_PacketSubscribe                     0x080031e1   Thumb Code   254  mqttkit.o(i.MQTT_PacketSubscribe)
    MQTT_ReadLength                          0x080032df   Thumb Code    70  mqttkit.o(i.MQTT_ReadLength)
    MQTT_UnPacketConnectAck                  0x08003325   Thumb Code    30  mqttkit.o(i.MQTT_UnPacketConnectAck)
    MQTT_UnPacketPublish                     0x08003345   Thumb Code   438  mqttkit.o(i.MQTT_UnPacketPublish)
    MQTT_UnPacketPublishAck                  0x08003505   Thumb Code    30  mqttkit.o(i.MQTT_UnPacketPublishAck)
    MQTT_UnPacketRecv                        0x08003525   Thumb Code   106  mqttkit.o(i.MQTT_UnPacketRecv)
    MQTT_UnPacketSubscribe                   0x08003599   Thumb Code    52  mqttkit.o(i.MQTT_UnPacketSubscribe)
    MemManage_Handler                        0x080035cd   Thumb Code    12  stm32f10x_it.o(i.MemManage_Handler)
    My_EXTI_Init                             0x08003619   Thumb Code   218  exti.o(i.My_EXTI_Init)
    NMI_Handler                              0x080036f3   Thumb Code     2  stm32f10x_it.o(i.NMI_Handler)
    NVIC_Init                                0x080036f5   Thumb Code   100  misc.o(i.NVIC_Init)
    NVIC_PriorityGroupConfig                 0x08003765   Thumb Code    10  misc.o(i.NVIC_PriorityGroupConfig)
    OneNET_Publish                           0x08003a2d   Thumb Code    86  onenet.o(i.OneNET_Publish)
    OneNET_Subscribe                         0x08003aa9   Thumb Code    82  onenet.o(i.OneNET_Subscribe)
    OneNet_DevLink                           0x08003b49   Thumb Code   242  onenet.o(i.OneNet_DevLink)
    OneNet_FillBuf                           0x08003dc5   Thumb Code   358  onenet.o(i.OneNet_FillBuf)
    OneNet_RevPro                            0x08004071   Thumb Code   550  onenet.o(i.OneNet_RevPro)
    OneNet_SendData                          0x080043c1   Thumb Code   130  onenet.o(i.OneNet_SendData)
    RCC_AHBPeriphClockCmd                    0x080044a9   Thumb Code    26  stm32f10x_rcc.o(i.RCC_AHBPeriphClockCmd)
    RCC_APB1PeriphClockCmd                   0x080044c9   Thumb Code    26  stm32f10x_rcc.o(i.RCC_APB1PeriphClockCmd)
    RCC_APB2PeriphClockCmd                   0x080044e9   Thumb Code    26  stm32f10x_rcc.o(i.RCC_APB2PeriphClockCmd)
    RCC_APB2PeriphResetCmd                   0x08004509   Thumb Code    26  stm32f10x_rcc.o(i.RCC_APB2PeriphResetCmd)
    RCC_GetClocksFreq                        0x08004529   Thumb Code   192  stm32f10x_rcc.o(i.RCC_GetClocksFreq)
    RGB_DrawDotColor                         0x080045fd   Thumb Code   178  ws2812.o(i.RGB_DrawDotColor)
    RGB_LED_Clear                            0x080046b5   Thumb Code    36  ws2812.o(i.RGB_LED_Clear)
    RGB_LED_Init                             0x080046d9   Thumb Code    50  ws2812.o(i.RGB_LED_Init)
    RGB_LED_Reset                            0x08004711   Thumb Code    18  ws2812.o(i.RGB_LED_Reset)
    RGB_LED_Write0                           0x08004729   Thumb Code   108  ws2812.o(i.RGB_LED_Write0)
    RGB_LED_Write1                           0x08004799   Thumb Code   108  ws2812.o(i.RGB_LED_Write1)
    RGB_LED_Write_24Bits                     0x08004809   Thumb Code    28  ws2812.o(i.RGB_LED_Write_24Bits)
    RGB_LED_Write_Byte                       0x08004825   Thumb Code    38  ws2812.o(i.RGB_LED_Write_Byte)
    RGB_ShowCharNum                          0x0800484d   Thumb Code   130  ws2812.o(i.RGB_ShowCharNum)
    RTC_IRQHandler                           0x080048d5   Thumb Code     2  stm32f10x_it.o(i.RTC_IRQHandler)
    Refresh_Data                             0x080048d9   Thumb Code   588  main.o(i.Refresh_Data)
    SDA_IN                                   0x08004bc1   Thumb Code    24  iic.o(i.SDA_IN)
    SDA_OUT                                  0x08004bdd   Thumb Code    30  iic.o(i.SDA_OUT)
    SVC_Handler                              0x08004c01   Thumb Code     2  stm32f10x_it.o(i.SVC_Handler)
    SysTick_CLKSourceConfig                  0x08004ced   Thumb Code    40  misc.o(i.SysTick_CLKSourceConfig)
    SysTick_Handler                          0x08004d15   Thumb Code     2  stm32f10x_it.o(i.SysTick_Handler)
    SysTick_Init                             0x08004d19   Thumb Code    52  systick.o(i.SysTick_Init)
    SystemInit                               0x08004d55   Thumb Code    78  system_stm32f10x.o(i.SystemInit)
    TFTLCD_FSMC_Init                         0x08004db5   Thumb Code   126  tftlcd.o(i.TFTLCD_FSMC_Init)
    TFTLCD_GPIO_Init                         0x08004e35   Thumb Code   130  tftlcd.o(i.TFTLCD_GPIO_Init)
    TFTLCD_Init                              0x08004ecd   Thumb Code   674  tftlcd.o(i.TFTLCD_Init)
    TIM3_CH2_PWM_Init                        0x080053c9   Thumb Code   146  pwm.o(i.TIM3_CH2_PWM_Init)
    TIM4_IRQHandler                          0x08005469   Thumb Code   726  time.o(i.TIM4_IRQHandler)
    TIM4_Init                                0x08005769   Thumb Code    98  time.o(i.TIM4_Init)
    TIM5_CH2_Input_Init                      0x080057d1   Thumb Code   122  touch_key.o(i.TIM5_CH2_Input_Init)
    TIM_ARRPreloadConfig                     0x08005855   Thumb Code    24  stm32f10x_tim.o(i.TIM_ARRPreloadConfig)
    TIM_ClearFlag                            0x0800586d   Thumb Code     6  stm32f10x_tim.o(i.TIM_ClearFlag)
    TIM_ClearITPendingBit                    0x08005873   Thumb Code     6  stm32f10x_tim.o(i.TIM_ClearITPendingBit)
    TIM_Cmd                                  0x08005879   Thumb Code    24  stm32f10x_tim.o(i.TIM_Cmd)
    TIM_GetCapture2                          0x08005891   Thumb Code     6  stm32f10x_tim.o(i.TIM_GetCapture2)
    TIM_GetCounter                           0x08005897   Thumb Code     6  stm32f10x_tim.o(i.TIM_GetCounter)
    TIM_GetFlagStatus                        0x0800589d   Thumb Code    18  stm32f10x_tim.o(i.TIM_GetFlagStatus)
    TIM_GetITStatus                          0x080058af   Thumb Code    34  stm32f10x_tim.o(i.TIM_GetITStatus)
    TIM_ICInit                               0x080058d1   Thumb Code   150  stm32f10x_tim.o(i.TIM_ICInit)
    TIM_ITConfig                             0x0800597d   Thumb Code    18  stm32f10x_tim.o(i.TIM_ITConfig)
    TIM_OC2Init                              0x08005991   Thumb Code   154  stm32f10x_tim.o(i.TIM_OC2Init)
    TIM_OC2PreloadConfig                     0x08005a35   Thumb Code    26  stm32f10x_tim.o(i.TIM_OC2PreloadConfig)
    TIM_SetCompare2                          0x08005a4f   Thumb Code     4  stm32f10x_tim.o(i.TIM_SetCompare2)
    TIM_SetCounter                           0x08005a53   Thumb Code     4  stm32f10x_tim.o(i.TIM_SetCounter)
    TIM_SetIC1Prescaler                      0x08005a57   Thumb Code    18  stm32f10x_tim.o(i.TIM_SetIC1Prescaler)
    TIM_SetIC2Prescaler                      0x08005a69   Thumb Code    26  stm32f10x_tim.o(i.TIM_SetIC2Prescaler)
    TIM_SetIC3Prescaler                      0x08005a83   Thumb Code    18  stm32f10x_tim.o(i.TIM_SetIC3Prescaler)
    TIM_SetIC4Prescaler                      0x08005a95   Thumb Code    26  stm32f10x_tim.o(i.TIM_SetIC4Prescaler)
    TIM_TimeBaseInit                         0x08005ab1   Thumb Code   122  stm32f10x_tim.o(i.TIM_TimeBaseInit)
    TP_Adj_Info_Show                         0x08005b55   Thumb Code   374  touch.o(i.TP_Adj_Info_Show)
    TP_Adjust                                0x08005cfd   Thumb Code  2058  touch.o(i.TP_Adjust)
    TP_Drow_Touch_Point                      0x08006559   Thumb Code   108  touch.o(i.TP_Drow_Touch_Point)
    TP_Get_Adjdata                           0x080065c9   Thumb Code   156  touch.o(i.TP_Get_Adjdata)
    TP_Init                                  0x08006675   Thumb Code   190  touch.o(i.TP_Init)
    TP_Read_AD                               0x08006741   Thumb Code   132  touch.o(i.TP_Read_AD)
    TP_Read_XOY                              0x080067d5   Thumb Code   122  touch.o(i.TP_Read_XOY)
    TP_Read_XY                               0x08006851   Thumb Code    38  touch.o(i.TP_Read_XY)
    TP_Read_XY2                              0x08006881   Thumb Code   192  touch.o(i.TP_Read_XY2)
    TP_Save_Adjdata                          0x08006941   Thumb Code   110  touch.o(i.TP_Save_Adjdata)
    TP_Scan                                  0x080069b9   Thumb Code   356  touch.o(i.TP_Scan)
    TP_Write_Byte                            0x08006b29   Thumb Code    64  touch.o(i.TP_Write_Byte)
    Touch_Get_MaxVal                         0x08006b75   Thumb Code    36  touch_key.o(i.Touch_Get_MaxVal)
    Touch_Get_Val                            0x08006b99   Thumb Code    50  touch_key.o(i.Touch_Get_Val)
    Touch_Key_Init                           0x08006bd1   Thumb Code   158  touch_key.o(i.Touch_Key_Init)
    Touch_Key_Scan                           0x08006c8d   Thumb Code   106  touch_key.o(i.Touch_Key_Scan)
    Touch_Reset                              0x08006d1d   Thumb Code    74  touch_key.o(i.Touch_Reset)
    USART1_IRQHandler                        0x08006d71   Thumb Code    34  usart.o(i.USART1_IRQHandler)
    USART3_IRQHandler                        0x08006d9d   Thumb Code    64  esp8266.o(i.USART3_IRQHandler)
    USART_ClearFlag                          0x08006de9   Thumb Code    18  stm32f10x_usart.o(i.USART_ClearFlag)
    USART_Cmd                                0x08006dfb   Thumb Code    24  stm32f10x_usart.o(i.USART_Cmd)
    USART_GetFlagStatus                      0x08006e13   Thumb Code    26  stm32f10x_usart.o(i.USART_GetFlagStatus)
    USART_GetITStatus                        0x08006e2d   Thumb Code    84  stm32f10x_usart.o(i.USART_GetITStatus)
    USART_ITConfig                           0x08006e81   Thumb Code    74  stm32f10x_usart.o(i.USART_ITConfig)
    USART_Init                               0x08006ecd   Thumb Code   210  stm32f10x_usart.o(i.USART_Init)
    USART_ReceiveData                        0x08006fa5   Thumb Code    10  stm32f10x_usart.o(i.USART_ReceiveData)
    USART_SendData                           0x08006faf   Thumb Code     8  stm32f10x_usart.o(i.USART_SendData)
    UsageFault_Handler                       0x08006fb9   Thumb Code    12  stm32f10x_it.o(i.UsageFault_Handler)
    Usart1_Init                              0x08007009   Thumb Code   166  usart.o(i.Usart1_Init)
    Usart3_Init                              0x080070b9   Thumb Code   164  usart.o(i.Usart3_Init)
    UsartPrintf                              0x08007165   Thumb Code    72  usart.o(i.UsartPrintf)
    Usart_SendString                         0x080071ad   Thumb Code    50  usart.o(i.Usart_SendString)
    __0printf                                0x080071e1   Thumb Code    22  printfa.o(i.__0printf)
    __1printf                                0x080071e1   Thumb Code     0  printfa.o(i.__0printf)
    __2printf                                0x080071e1   Thumb Code     0  printfa.o(i.__0printf)
    __c89printf                              0x080071e1   Thumb Code     0  printfa.o(i.__0printf)
    printf                                   0x080071e1   Thumb Code     0  printfa.o(i.__0printf)
    __0snprintf                              0x08007201   Thumb Code    44  printfa.o(i.__0snprintf)
    __1snprintf                              0x08007201   Thumb Code     0  printfa.o(i.__0snprintf)
    __2snprintf                              0x08007201   Thumb Code     0  printfa.o(i.__0snprintf)
    __c89snprintf                            0x08007201   Thumb Code     0  printfa.o(i.__0snprintf)
    snprintf                                 0x08007201   Thumb Code     0  printfa.o(i.__0snprintf)
    __0sprintf                               0x08007231   Thumb Code    34  printfa.o(i.__0sprintf)
    __1sprintf                               0x08007231   Thumb Code     0  printfa.o(i.__0sprintf)
    __2sprintf                               0x08007231   Thumb Code     0  printfa.o(i.__0sprintf)
    __c89sprintf                             0x08007231   Thumb Code     0  printfa.o(i.__0sprintf)
    sprintf                                  0x08007231   Thumb Code     0  printfa.o(i.__0sprintf)
    __0vsnprintf                             0x08007259   Thumb Code    40  printfa.o(i.__0vsnprintf)
    __1vsnprintf                             0x08007259   Thumb Code     0  printfa.o(i.__0vsnprintf)
    __2vsnprintf                             0x08007259   Thumb Code     0  printfa.o(i.__0vsnprintf)
    __c89vsnprintf                           0x08007259   Thumb Code     0  printfa.o(i.__0vsnprintf)
    vsnprintf                                0x08007259   Thumb Code     0  printfa.o(i.__0vsnprintf)
    __ARM_fpclassify                         0x08007285   Thumb Code    40  fpclassify.o(i.__ARM_fpclassify)
    __kernel_poly                            0x080072ad   Thumb Code   170  poly.o(i.__kernel_poly)
    __mathlib_dbl_divzero                    0x08007359   Thumb Code    12  dunder.o(i.__mathlib_dbl_divzero)
    __mathlib_dbl_infnan2                    0x08007369   Thumb Code     4  dunder.o(i.__mathlib_dbl_infnan2)
    __mathlib_dbl_invalid                    0x0800736d   Thumb Code    12  dunder.o(i.__mathlib_dbl_invalid)
    __mathlib_dbl_overflow                   0x08007379   Thumb Code    14  dunder.o(i.__mathlib_dbl_overflow)
    __mathlib_dbl_underflow                  0x08007389   Thumb Code    10  dunder.o(i.__mathlib_dbl_underflow)
    __scatterload_copy                       0x08007399   Thumb Code    14  handlers.o(i.__scatterload_copy)
    __scatterload_null                       0x080073a7   Thumb Code     2  handlers.o(i.__scatterload_null)
    __scatterload_zeroinit                   0x080073a9   Thumb Code    14  handlers.o(i.__scatterload_zeroinit)
    __set_errno                              0x080073b9   Thumb Code     6  errno.o(i.__set_errno)
    cJSON_Delete                             0x08007c99   Thumb Code    82  cjson.o(i.cJSON_Delete)
    cJSON_GetObjectItem                      0x08007cf1   Thumb Code    30  cjson.o(i.cJSON_GetObjectItem)
    cJSON_Parse                              0x08007d31   Thumb Code    16  cjson.o(i.cJSON_Parse)
    cJSON_ParseWithOpts                      0x08007d41   Thumb Code    96  cjson.o(i.cJSON_ParseWithOpts)
    delay_ms                                 0x08007df1   Thumb Code    72  systick.o(i.delay_ms)
    delay_us                                 0x08007e3d   Thumb Code    72  systick.o(i.delay_us)
    fputc                                    0x08007e89   Thumb Code    32  usart.o(i.fputc)
    free                                     0x08007ead   Thumb Code    76  malloc.o(i.free)
    ft                                       0x08007efd   Thumb Code    76  hmac_sha1.o(i.ft)
    hmac_sha1                                0x08007f49   Thumb Code   330  hmac_sha1.o(i.hmac_sha1)
    k                                        0x08008095   Thumb Code    34  hmac_sha1.o(i.k)
    main                                     0x080080c9   Thumb Code   352  main.o(i.main)
    malloc                                   0x08008301   Thumb Code    92  malloc.o(i.malloc)
    pow                                      0x08008a85   Thumb Code  2512  pow.o(i.pow)
    rotl                                     0x0800945d   Thumb Code    46  hmac_sha1.o(i.rotl)
    sha1                                     0x0800948d   Thumb Code   632  hmac_sha1.o(i.sha1)
    sqrt                                     0x08009723   Thumb Code    76  sqrt.o(i.sqrt)
    ascii_1206                               0x0800976e   Data        1140  tftlcd.o(.constdata)
    ascii_1608                               0x08009be2   Data        1520  tftlcd.o(.constdata)
    ascii_2412                               0x0800a1d2   Data        3420  tftlcd.o(.constdata)
    ascii_3216                               0x0800af2e   Data       12160  tftlcd.o(.constdata)
    CnChar32x29                              0x0800deae   Data        2596  tftlcd.o(.constdata)
    g_rgb_num_buf                            0x0800e8d2   Data          80  ws2812.o(.constdata)
    TP_REMIND_MSG_TBL                        0x0800e924   Data           4  touch.o(.constdata)
    gImage_picture                           0x0800e928   Data        2056  main.o(.constdata)
    gImage_picture3                          0x0800f130   Data        2056  main.o(.constdata)
    __mathlib_zero                           0x0800faa0   Data           8  qnan.o(.constdata)
    Region$$Table$$Base                      0x0800fb6c   Number         0  anon$$obj.o(Region$$Table)
    Region$$Table$$Limit                     0x0800fb8c   Number         0  anon$$obj.o(Region$$Table)
    beep_info                                0x20000014   Data           1  beep.o(.data)
    led_info                                 0x20000015   Data           1  led.o(.data)
    color                                    0x20000018   Data          20  exti.o(.data)
    FRONT_COLOR                              0x20000030   Data           2  tftlcd.o(.data)
    BACK_COLOR                               0x20000032   Data           2  tftlcd.o(.data)
    tftlcd_data                              0x20000034   Data           8  tftlcd.o(.data)
    hw_jsm                                   0x2000003c   Data           4  hwjs.o(.data)
    hw_jsbz                                  0x20000040   Data           1  hwjs.o(.data)
    touch_default_val                        0x20000042   Data           2  touch_key.o(.data)
    tp_dev                                   0x20000048   Data          72  touch.o(.data)
    CMD_RDX                                  0x20000090   Data           1  touch.o(.data)
    CMD_RDY                                  0x20000091   Data           1  touch.o(.data)
    temp                                     0x20000092   Data           1  main.o(.data)
    humi                                     0x20000093   Data           1  main.o(.data)
    hwsend                                   0x20000094   Data           1  main.o(.data)
    lsens_str                                0x20000095   Data           4  main.o(.data)
    hw_str                                   0x20000099   Data           4  main.o(.data)
    button_flow_str                          0x2000009d   Data           4  main.o(.data)
    button_led_str                           0x200000a1   Data           4  main.o(.data)
    button_beep_str                          0x200000a5   Data           4  main.o(.data)
    light                                    0x200000a9   Data           1  main.o(.data)
    RGB_flag                                 0x200000aa   Data           1  main.o(.data)
    judgetime                                0x200000ab   Data           1  main.o(.data)
    warning                                  0x200000ac   Data           1  main.o(.data)
    warning_temp                             0x200000ad   Data           1  main.o(.data)
    warning_gz                               0x200000ae   Data           1  main.o(.data)
    flow_led_flag                            0x200000af   Data           1  main.o(.data)
    dianji_flag                              0x200000b0   Data           1  main.o(.data)
    tag                                      0x200000b1   Data           1  main.o(.data)
    value                                    0x200000b2   Data           1  main.o(.data)
    value_                                   0x200000b3   Data           4  main.o(.data)
    temp_buf                                 0x200000b7   Data           3  main.o(.data)
    humi_buf                                 0x200000ba   Data           3  main.o(.data)
    cam_buf                                  0x200000bd   Data           3  main.o(.data)
    esp8266_cnt                              0x200000c2   Data           2  esp8266.o(.data)
    esp8266_cntPre                           0x200000c4   Data           2  esp8266.o(.data)
    __stdout                                 0x200000d4   Data           4  stdout.o(.data)
    __microlib_freelist                      0x200000d8   Data           4  mvars.o(.data)
    __microlib_freelist_initialised          0x200000dc   Data           4  mvars.o(.data)
    g_rgb_databuf                            0x200000e4   Data          75  ws2812.o(.bss)
    esp8266_buf                              0x2000012f   Data         512  esp8266.o(.bss)
    __heap_base                              0x20000330   Data           0  startup_stm32f10x_hd.o(HEAP)
    __heap_limit                             0x20000f30   Data           0  startup_stm32f10x_hd.o(HEAP)
    __initial_sp                             0x20001b30   Data           0  startup_stm32f10x_hd.o(STACK)



==============================================================================

Memory Map of the image

  Image Entry point : 0x08000131

  Load Region LR_IROM1 (Base: 0x08000000, Size: 0x0000fc70, Max: 0x00080000, ABSOLUTE)

    Execution Region ER_IROM1 (Exec base: 0x08000000, Load base: 0x08000000, Size: 0x0000fb8c, Max: 0x00080000, ABSOLUTE)

    Exec Addr    Load Addr    Size         Type   Attr      Idx    E Section Name        Object

    0x08000000   0x08000000   0x00000130   Data   RO          209    RESET               startup_stm32f10x_hd.o
    0x08000130   0x08000130   0x00000000   Code   RO         3718  * .ARM.Collect$$$$00000000  mc_w.l(entry.o)
    0x08000130   0x08000130   0x00000004   Code   RO         4091    .ARM.Collect$$$$00000001  mc_w.l(entry2.o)
    0x08000134   0x08000134   0x00000004   Code   RO         4094    .ARM.Collect$$$$00000004  mc_w.l(entry5.o)
    0x08000138   0x08000138   0x00000000   Code   RO         4096    .ARM.Collect$$$$00000008  mc_w.l(entry7b.o)
    0x08000138   0x08000138   0x00000000   Code   RO         4098    .ARM.Collect$$$$0000000A  mc_w.l(entry8b.o)
    0x08000138   0x08000138   0x00000008   Code   RO         4099    .ARM.Collect$$$$0000000B  mc_w.l(entry9a.o)
    0x08000140   0x08000140   0x00000000   Code   RO         4101    .ARM.Collect$$$$0000000D  mc_w.l(entry10a.o)
    0x08000140   0x08000140   0x00000000   Code   RO         4103    .ARM.Collect$$$$0000000F  mc_w.l(entry11a.o)
    0x08000140   0x08000140   0x00000004   Code   RO         4092    .ARM.Collect$$$$00002712  mc_w.l(entry2.o)
    0x08000144   0x08000144   0x00000024   Code   RO          210    .text               startup_stm32f10x_hd.o
    0x08000168   0x08000168   0x0000000c   Code   RO         3721    .text               mc_w.l(tolower.o)
    0x08000174   0x08000174   0x00000024   Code   RO         3723    .text               mc_w.l(memcpya.o)
    0x08000198   0x08000198   0x00000024   Code   RO         3725    .text               mc_w.l(memseta.o)
    0x080001bc   0x080001bc   0x00000018   Code   RO         3727    .text               mc_w.l(strcat.o)
    0x080001d4   0x080001d4   0x00000024   Code   RO         3729    .text               mc_w.l(strstr.o)
    0x080001f8   0x080001f8   0x00000014   Code   RO         3731    .text               mc_w.l(strchr.o)
    0x0800020c   0x0800020c   0x0000000e   Code   RO         3733    .text               mc_w.l(strlen.o)
    0x0800021a   0x0800021a   0x00000028   Code   RO         3737    .text               mc_w.l(strncat.o)
    0x08000242   0x08000242   0x00000012   Code   RO         3739    .text               mc_w.l(strcpy.o)
    0x08000254   0x08000254   0x0000001e   Code   RO         3741    .text               mc_w.l(strncmp.o)
    0x08000272   0x08000272   0x000000b0   Code   RO         4040    .text               mf_w.l(fadd.o)
    0x08000322   0x08000322   0x00000064   Code   RO         4042    .text               mf_w.l(fmul.o)
    0x08000386   0x08000386   0x0000007c   Code   RO         4044    .text               mf_w.l(fdiv.o)
    0x08000402   0x08000402   0x0000014e   Code   RO         4046    .text               mf_w.l(dadd.o)
    0x08000550   0x08000550   0x000000e4   Code   RO         4048    .text               mf_w.l(dmul.o)
    0x08000634   0x08000634   0x00000012   Code   RO         4050    .text               mf_w.l(fflti.o)
    0x08000646   0x08000646   0x0000000a   Code   RO         4052    .text               mf_w.l(ffltui.o)
    0x08000650   0x08000650   0x00000022   Code   RO         4054    .text               mf_w.l(dflti.o)
    0x08000672   0x08000672   0x0000001a   Code   RO         4056    .text               mf_w.l(dfltui.o)
    0x0800068c   0x0800068c   0x00000032   Code   RO         4058    .text               mf_w.l(ffixi.o)
    0x080006be   0x080006be   0x00000028   Code   RO         4060    .text               mf_w.l(ffixui.o)
    0x080006e6   0x080006e6   0x0000003e   Code   RO         4062    .text               mf_w.l(dfixi.o)
    0x08000724   0x08000724   0x00000032   Code   RO         4064    .text               mf_w.l(dfixui.o)
    0x08000756   0x08000756   0x00000026   Code   RO         4066    .text               mf_w.l(f2d.o)
    0x0800077c   0x0800077c   0x00000030   Code   RO         4068    .text               mf_w.l(cdcmple.o)
    0x080007ac   0x080007ac   0x00000030   Code   RO         4070    .text               mf_w.l(cdrcmple.o)
    0x080007dc   0x080007dc   0x0000002c   Code   RO         4106    .text               mc_w.l(uidiv.o)
    0x08000808   0x08000808   0x00000062   Code   RO         4108    .text               mc_w.l(uldiv.o)
    0x0800086a   0x0800086a   0x0000001e   Code   RO         4110    .text               mc_w.l(llshl.o)
    0x08000888   0x08000888   0x00000020   Code   RO         4112    .text               mc_w.l(llushr.o)
    0x080008a8   0x080008a8   0x00000024   Code   RO         4114    .text               mc_w.l(llsshr.o)
    0x080008cc   0x080008cc   0x00000000   Code   RO         4131    .text               mc_w.l(iusefp.o)
    0x080008cc   0x080008cc   0x0000006e   Code   RO         4132    .text               mf_w.l(fepilogue.o)
    0x0800093a   0x0800093a   0x000000ba   Code   RO         4134    .text               mf_w.l(depilogue.o)
    0x080009f4   0x080009f4   0x000000de   Code   RO         4136    .text               mf_w.l(ddiv.o)
    0x08000ad2   0x08000ad2   0x0000002e   Code   RO         4138    .text               mf_w.l(dscalb.o)
    0x08000b00   0x08000b00   0x000000a2   Code   RO         4140    .text               mf_w.l(dsqrt.o)
    0x08000ba2   0x08000ba2   0x00000030   Code   RO         4142    .text               mf_w.l(dfixul.o)
    0x08000bd2   0x08000bd2   0x00000002   PAD
    0x08000bd4   0x08000bd4   0x00000024   Code   RO         4144    .text               mc_w.l(init.o)
    0x08000bf8   0x08000bf8   0x00000016   Code   RO          950    i.ADC_Cmd           stm32f10x_adc.o
    0x08000c0e   0x08000c0e   0x00000002   PAD
    0x08000c10   0x08000c10   0x0000005c   Code   RO          952    i.ADC_DeInit        stm32f10x_adc.o
    0x08000c6c   0x08000c6c   0x00000014   Code   RO          958    i.ADC_GetCalibrationStatus  stm32f10x_adc.o
    0x08000c80   0x08000c80   0x00000008   Code   RO          959    i.ADC_GetConversionValue  stm32f10x_adc.o
    0x08000c88   0x08000c88   0x00000012   Code   RO          961    i.ADC_GetFlagStatus  stm32f10x_adc.o
    0x08000c9a   0x08000c9a   0x00000014   Code   RO          964    i.ADC_GetResetCalibrationStatus  stm32f10x_adc.o
    0x08000cae   0x08000cae   0x00000002   PAD
    0x08000cb0   0x08000cb0   0x00000050   Code   RO          968    i.ADC_Init          stm32f10x_adc.o
    0x08000d00   0x08000d00   0x000000b8   Code   RO          972    i.ADC_RegularChannelConfig  stm32f10x_adc.o
    0x08000db8   0x08000db8   0x0000000a   Code   RO          973    i.ADC_ResetCalibration  stm32f10x_adc.o
    0x08000dc2   0x08000dc2   0x00000016   Code   RO          975    i.ADC_SoftwareStartConvCmd  stm32f10x_adc.o
    0x08000dd8   0x08000dd8   0x0000000a   Code   RO          977    i.ADC_StartCalibration  stm32f10x_adc.o
    0x08000de2   0x08000de2   0x00000008   Code   RO         2454    i.AT24CXX_Init      24cxx.o
    0x08000dea   0x08000dea   0x0000002c   Code   RO         2456    i.AT24CXX_ReadLenByte  24cxx.o
    0x08000e16   0x08000e16   0x00000058   Code   RO         2457    i.AT24CXX_ReadOneByte  24cxx.o
    0x08000e6e   0x08000e6e   0x0000002a   Code   RO         2459    i.AT24CXX_WriteLenByte  24cxx.o
    0x08000e98   0x08000e98   0x00000050   Code   RO         2460    i.AT24CXX_WriteOneByte  24cxx.o
    0x08000ee8   0x08000ee8   0x0000016c   Code   RO         3076    i.BASE64_Decode     base64.o
    0x08001054   0x08001054   0x00000144   Code   RO         3077    i.BASE64_Encode     base64.o
    0x08001198   0x08001198   0x0000003c   Code   RO         1714    i.BEEP_Init         beep.o
    0x080011d4   0x080011d4   0x00000020   Code   RO         1715    i.Beep_Set          beep.o
    0x080011f4   0x080011f4   0x0000004c   Code   RO           17    i.BusFault_Handler  stm32f10x_it.o
    0x08001240   0x08001240   0x00000050   Code   RO         1921    i.DHT11_Check       dht11.o
    0x08001290   0x08001290   0x00000020   Code   RO         1922    i.DHT11_IO_IN       dht11.o
    0x080012b0   0x080012b0   0x00000024   Code   RO         1923    i.DHT11_IO_OUT      dht11.o
    0x080012d4   0x080012d4   0x00000040   Code   RO         1924    i.DHT11_Init        dht11.o
    0x08001314   0x08001314   0x0000004c   Code   RO         1925    i.DHT11_Read_Bit    dht11.o
    0x08001360   0x08001360   0x0000001e   Code   RO         1926    i.DHT11_Read_Byte   dht11.o
    0x0800137e   0x0800137e   0x00000058   Code   RO         1927    i.DHT11_Read_Data   dht11.o
    0x080013d6   0x080013d6   0x00000002   PAD
    0x080013d8   0x080013d8   0x0000002c   Code   RO         1928    i.DHT11_Rst         dht11.o
    0x08001404   0x08001404   0x00000002   Code   RO           18    i.DebugMon_Handler  stm32f10x_it.o
    0x08001406   0x08001406   0x00000002   PAD
    0x08001408   0x08001408   0x000001fc   Code   RO         2861    i.Display_Init      main.o
    0x08001604   0x08001604   0x0000001c   Code   RO         3287    i.ESP8266_Clear     esp8266.o
    0x08001620   0x08001620   0x00000074   Code   RO         3288    i.ESP8266_GetIPD    esp8266.o
    0x08001694   0x08001694   0x00000128   Code   RO         3289    i.ESP8266_Init      esp8266.o
    0x080017bc   0x080017bc   0x00000054   Code   RO         3290    i.ESP8266_SendCmd   esp8266.o
    0x08001810   0x08001810   0x00000048   Code   RO         3291    i.ESP8266_SendData  esp8266.o
    0x08001858   0x08001858   0x00000034   Code   RO         3292    i.ESP8266_WaitRecive  esp8266.o
    0x0800188c   0x0800188c   0x00000002   Code   RO           19    i.EXTI0_IRQHandler  stm32f10x_it.o
    0x0800188e   0x0800188e   0x00000002   PAD
    0x08001890   0x08001890   0x00000084   Code   RO         1867    i.EXTI1_IRQHandler  exti.o
    0x08001914   0x08001914   0x00000070   Code   RO         1868    i.EXTI2_IRQHandler  exti.o
    0x08001984   0x08001984   0x00000084   Code   RO         1869    i.EXTI3_IRQHandler  exti.o
    0x08001a08   0x08001a08   0x00000068   Code   RO         1870    i.EXTI4_IRQHandler  exti.o
    0x08001a70   0x08001a70   0x0000008c   Code   RO         2374    i.EXTI9_5_IRQHandler  hwjs.o
    0x08001afc   0x08001afc   0x0000000c   Code   RO          215    i.EXTI_ClearITPendingBit  stm32f10x_exti.o
    0x08001b08   0x08001b08   0x00000028   Code   RO          219    i.EXTI_GetITStatus  stm32f10x_exti.o
    0x08001b30   0x08001b30   0x00000094   Code   RO          220    i.EXTI_Init         stm32f10x_exti.o
    0x08001bc4   0x08001bc4   0x00000034   Code   RO          835    i.FSMC_NORSRAMCmd   stm32f10x_fsmc.o
    0x08001bf8   0x08001bf8   0x000000e6   Code   RO          837    i.FSMC_NORSRAMInit  stm32f10x_fsmc.o
    0x08001cde   0x08001cde   0x00000002   PAD
    0x08001ce0   0x08001ce0   0x00000018   Code   RO         1797    i.Fire_GET          led.o
    0x08001cf8   0x08001cf8   0x00000040   Code   RO          333    i.GPIO_EXTILineConfig  stm32f10x_gpio.o
    0x08001d38   0x08001d38   0x00000116   Code   RO          336    i.GPIO_Init         stm32f10x_gpio.o
    0x08001e4e   0x08001e4e   0x00000002   PAD
    0x08001e50   0x08001e50   0x00000090   Code   RO          338    i.GPIO_PinRemapConfig  stm32f10x_gpio.o
    0x08001ee0   0x08001ee0   0x00000012   Code   RO          340    i.GPIO_ReadInputDataBit  stm32f10x_gpio.o
    0x08001ef2   0x08001ef2   0x00000004   Code   RO          343    i.GPIO_ResetBits    stm32f10x_gpio.o
    0x08001ef6   0x08001ef6   0x00000004   Code   RO          344    i.GPIO_SetBits      stm32f10x_gpio.o
    0x08001efa   0x08001efa   0x0000000a   Code   RO          347    i.GPIO_WriteBit     stm32f10x_gpio.o
    0x08001f04   0x08001f04   0x00000034   Code   RO         2203    i.Get_ADC3          lsens.o
    0x08001f38   0x08001f38   0x00000030   Code   RO         2375    i.HW_jssj           hwjs.o
    0x08001f68   0x08001f68   0x0000004c   Code   RO           20    i.HardFault_Handler  stm32f10x_it.o
    0x08001fb4   0x08001fb4   0x00000118   Code   RO         2862    i.Hardware_Init     main.o
    0x080020cc   0x080020cc   0x00000070   Code   RO         2376    i.Hwjs_Init         hwjs.o
    0x0800213c   0x0800213c   0x00000038   Code   RO         2676    i.IIC_Ack           iic.o
    0x08002174   0x08002174   0x0000004c   Code   RO         2677    i.IIC_Init          iic.o
    0x080021c0   0x080021c0   0x00000038   Code   RO         2678    i.IIC_NAck          iic.o
    0x080021f8   0x080021f8   0x00000058   Code   RO         2679    i.IIC_Read_Byte     iic.o
    0x08002250   0x08002250   0x00000064   Code   RO         2680    i.IIC_Send_Byte     iic.o
    0x080022b4   0x080022b4   0x00000038   Code   RO         2681    i.IIC_Start         iic.o
    0x080022ec   0x080022ec   0x00000038   Code   RO         2682    i.IIC_Stop          iic.o
    0x08002324   0x08002324   0x0000004c   Code   RO         2683    i.IIC_Wait_Ack      iic.o
    0x08002370   0x08002370   0x0000003c   Code   RO         1845    i.KEY_Init          key.o
    0x080023ac   0x080023ac   0x00000048   Code   RO         2004    i.LCD_Clear         tftlcd.o
    0x080023f4   0x080023f4   0x00000048   Code   RO         2006    i.LCD_Display_Dir   tftlcd.o
    0x0800243c   0x0800243c   0x0000001c   Code   RO         2007    i.LCD_DrawFRONT_COLOR  tftlcd.o
    0x08002458   0x08002458   0x000000b0   Code   RO         2008    i.LCD_DrawLine      tftlcd.o
    0x08002508   0x08002508   0x00000020   Code   RO         2010    i.LCD_DrawPoint     tftlcd.o
    0x08002528   0x08002528   0x00000098   Code   RO         2012    i.LCD_Draw_Circle   tftlcd.o
    0x080025c0   0x080025c0   0x00000016   Code   RO         2015    i.LCD_Pow           tftlcd.o
    0x080025d6   0x080025d6   0x000000a6   Code   RO         2020    i.LCD_Set_Window    tftlcd.o
    0x0800267c   0x0800267c   0x00000128   Code   RO         2021    i.LCD_ShowChar      tftlcd.o
    0x080027a4   0x080027a4   0x000000e8   Code   RO         2022    i.LCD_ShowFontHZ    tftlcd.o
    0x0800288c   0x0800288c   0x00000094   Code   RO         2023    i.LCD_ShowNum       tftlcd.o
    0x08002920   0x08002920   0x0000008a   Code   RO         2024    i.LCD_ShowPicture   tftlcd.o
    0x080029aa   0x080029aa   0x00000066   Code   RO         2025    i.LCD_ShowString    tftlcd.o
    0x08002a10   0x08002a10   0x0000000c   Code   RO         2027    i.LCD_WriteCmd      tftlcd.o
    0x08002a1c   0x08002a1c   0x0000000c   Code   RO         2029    i.LCD_WriteData     tftlcd.o
    0x08002a28   0x08002a28   0x0000000c   Code   RO         2030    i.LCD_WriteData_Color  tftlcd.o
    0x08002a34   0x08002a34   0x00000144   Code   RO         1799    i.LED_Init          led.o
    0x08002b78   0x08002b78   0x00000020   Code   RO         1801    i.Led_Set           led.o
    0x08002b98   0x08002b98   0x0000003c   Code   RO         2204    i.Lsens_Get_Val     lsens.o
    0x08002bd4   0x08002bd4   0x000000a0   Code   RO         2205    i.Lsens_Init        lsens.o
    0x08002c74   0x08002c74   0x0000000c   Code   RO         2206    i.Lsens_Read_Data   lsens.o
    0x08002c80   0x08002c80   0x0000001c   Code   RO         3103    i.MQTT_DeleteBuffer  mqttkit.o
    0x08002c9c   0x08002c9c   0x0000002e   Code   RO         3104    i.MQTT_DumpLength   mqttkit.o
    0x08002cca   0x08002cca   0x00000058   Code   RO         3105    i.MQTT_NewBuffer    mqttkit.o
    0x08002d22   0x08002d22   0x00000002   PAD
    0x08002d24   0x08002d24   0x000002a0   Code   RO         3107    i.MQTT_PacketConnect  mqttkit.o
    0x08002fc4   0x08002fc4   0x000001b8   Code   RO         3110    i.MQTT_PacketPublish  mqttkit.o
    0x0800317c   0x0800317c   0x00000064   Code   RO         3116    i.MQTT_PacketSaveData  mqttkit.o
    0x080031e0   0x080031e0   0x000000fe   Code   RO         3117    i.MQTT_PacketSubscribe  mqttkit.o
    0x080032de   0x080032de   0x00000046   Code   RO         3119    i.MQTT_ReadLength   mqttkit.o
    0x08003324   0x08003324   0x0000001e   Code   RO         3121    i.MQTT_UnPacketConnectAck  mqttkit.o
    0x08003342   0x08003342   0x00000002   PAD
    0x08003344   0x08003344   0x000001c0   Code   RO         3122    i.MQTT_UnPacketPublish  mqttkit.o
    0x08003504   0x08003504   0x0000001e   Code   RO         3123    i.MQTT_UnPacketPublishAck  mqttkit.o
    0x08003522   0x08003522   0x00000002   PAD
    0x08003524   0x08003524   0x00000074   Code   RO         3127    i.MQTT_UnPacketRecv  mqttkit.o
    0x08003598   0x08003598   0x00000034   Code   RO         3128    i.MQTT_UnPacketSubscribe  mqttkit.o
    0x080035cc   0x080035cc   0x0000004c   Code   RO           21    i.MemManage_Handler  stm32f10x_it.o
    0x08003618   0x08003618   0x000000da   Code   RO         1871    i.My_EXTI_Init      exti.o
    0x080036f2   0x080036f2   0x00000002   Code   RO           22    i.NMI_Handler       stm32f10x_it.o
    0x080036f4   0x080036f4   0x00000070   Code   RO          268    i.NVIC_Init         misc.o
    0x08003764   0x08003764   0x00000014   Code   RO          269    i.NVIC_PriorityGroupConfig  misc.o
    0x08003778   0x08003778   0x00000118   Code   RO         2930    i.OTA_UrlEncode     onenet.o
    0x08003890   0x08003890   0x0000019c   Code   RO         2931    i.OneNET_Authorization  onenet.o
    0x08003a2c   0x08003a2c   0x0000007c   Code   RO         2932    i.OneNET_Publish    onenet.o
    0x08003aa8   0x08003aa8   0x000000a0   Code   RO         2934    i.OneNET_Subscribe  onenet.o
    0x08003b48   0x08003b48   0x0000027c   Code   RO         2935    i.OneNet_DevLink    onenet.o
    0x08003dc4   0x08003dc4   0x000002ac   Code   RO         2936    i.OneNet_FillBuf    onenet.o
    0x08004070   0x08004070   0x00000350   Code   RO         2937    i.OneNet_RevPro     onenet.o
    0x080043c0   0x080043c0   0x000000e8   Code   RO         2938    i.OneNet_SendData   onenet.o
    0x080044a8   0x080044a8   0x00000020   Code   RO          445    i.RCC_AHBPeriphClockCmd  stm32f10x_rcc.o
    0x080044c8   0x080044c8   0x00000020   Code   RO          446    i.RCC_APB1PeriphClockCmd  stm32f10x_rcc.o
    0x080044e8   0x080044e8   0x00000020   Code   RO          448    i.RCC_APB2PeriphClockCmd  stm32f10x_rcc.o
    0x08004508   0x08004508   0x00000020   Code   RO          449    i.RCC_APB2PeriphResetCmd  stm32f10x_rcc.o
    0x08004528   0x08004528   0x000000d4   Code   RO          456    i.RCC_GetClocksFreq  stm32f10x_rcc.o
    0x080045fc   0x080045fc   0x000000b8   Code   RO         2236    i.RGB_DrawDotColor  ws2812.o
    0x080046b4   0x080046b4   0x00000024   Code   RO         2241    i.RGB_LED_Clear     ws2812.o
    0x080046d8   0x080046d8   0x00000038   Code   RO         2243    i.RGB_LED_Init      ws2812.o
    0x08004710   0x08004710   0x00000018   Code   RO         2245    i.RGB_LED_Reset     ws2812.o
    0x08004728   0x08004728   0x00000070   Code   RO         2246    i.RGB_LED_Write0    ws2812.o
    0x08004798   0x08004798   0x00000070   Code   RO         2247    i.RGB_LED_Write1    ws2812.o
    0x08004808   0x08004808   0x0000001c   Code   RO         2248    i.RGB_LED_Write_24Bits  ws2812.o
    0x08004824   0x08004824   0x00000026   Code   RO         2249    i.RGB_LED_Write_Byte  ws2812.o
    0x0800484a   0x0800484a   0x00000002   PAD
    0x0800484c   0x0800484c   0x00000088   Code   RO         2250    i.RGB_ShowCharNum   ws2812.o
    0x080048d4   0x080048d4   0x00000002   Code   RO           23    i.RTC_IRQHandler    stm32f10x_it.o
    0x080048d6   0x080048d6   0x00000002   PAD
    0x080048d8   0x080048d8   0x000002e8   Code   RO         2864    i.Refresh_Data      main.o
    0x08004bc0   0x08004bc0   0x0000001c   Code   RO         2684    i.SDA_IN            iic.o
    0x08004bdc   0x08004bdc   0x00000024   Code   RO         2685    i.SDA_OUT           iic.o
    0x08004c00   0x08004c00   0x00000002   Code   RO           24    i.SVC_Handler       stm32f10x_it.o
    0x08004c02   0x08004c02   0x00000008   Code   RO          173    i.SetSysClock       system_stm32f10x.o
    0x08004c0a   0x08004c0a   0x00000002   PAD
    0x08004c0c   0x08004c0c   0x000000e0   Code   RO          174    i.SetSysClockTo72   system_stm32f10x.o
    0x08004cec   0x08004cec   0x00000028   Code   RO          272    i.SysTick_CLKSourceConfig  misc.o
    0x08004d14   0x08004d14   0x00000002   Code   RO           25    i.SysTick_Handler   stm32f10x_it.o
    0x08004d16   0x08004d16   0x00000002   PAD
    0x08004d18   0x08004d18   0x0000003c   Code   RO         1978    i.SysTick_Init      systick.o
    0x08004d54   0x08004d54   0x00000060   Code   RO          176    i.SystemInit        system_stm32f10x.o
    0x08004db4   0x08004db4   0x0000007e   Code   RO         2031    i.TFTLCD_FSMC_Init  tftlcd.o
    0x08004e32   0x08004e32   0x00000002   PAD
    0x08004e34   0x08004e34   0x00000098   Code   RO         2032    i.TFTLCD_GPIO_Init  tftlcd.o
    0x08004ecc   0x08004ecc   0x000002bc   Code   RO         2033    i.TFTLCD_Init       tftlcd.o
    0x08005188   0x08005188   0x00000080   Code   RO         1166    i.TI1_Config        stm32f10x_tim.o
    0x08005208   0x08005208   0x00000098   Code   RO         1167    i.TI2_Config        stm32f10x_tim.o
    0x080052a0   0x080052a0   0x00000090   Code   RO         1168    i.TI3_Config        stm32f10x_tim.o
    0x08005330   0x08005330   0x00000098   Code   RO         1169    i.TI4_Config        stm32f10x_tim.o
    0x080053c8   0x080053c8   0x000000a0   Code   RO         2846    i.TIM3_CH2_PWM_Init  pwm.o
    0x08005468   0x08005468   0x00000300   Code   RO         2343    i.TIM4_IRQHandler   time.o
    0x08005768   0x08005768   0x00000068   Code   RO         2344    i.TIM4_Init         time.o
    0x080057d0   0x080057d0   0x00000084   Code   RO         2405    i.TIM5_CH2_Input_Init  touch_key.o
    0x08005854   0x08005854   0x00000018   Code   RO         1170    i.TIM_ARRPreloadConfig  stm32f10x_tim.o
    0x0800586c   0x0800586c   0x00000006   Code   RO         1176    i.TIM_ClearFlag     stm32f10x_tim.o
    0x08005872   0x08005872   0x00000006   Code   RO         1177    i.TIM_ClearITPendingBit  stm32f10x_tim.o
    0x08005878   0x08005878   0x00000018   Code   RO         1182    i.TIM_Cmd           stm32f10x_tim.o
    0x08005890   0x08005890   0x00000006   Code   RO         1198    i.TIM_GetCapture2   stm32f10x_tim.o
    0x08005896   0x08005896   0x00000006   Code   RO         1201    i.TIM_GetCounter    stm32f10x_tim.o
    0x0800589c   0x0800589c   0x00000012   Code   RO         1202    i.TIM_GetFlagStatus  stm32f10x_tim.o
    0x080058ae   0x080058ae   0x00000022   Code   RO         1203    i.TIM_GetITStatus   stm32f10x_tim.o
    0x080058d0   0x080058d0   0x000000ac   Code   RO         1205    i.TIM_ICInit        stm32f10x_tim.o
    0x0800597c   0x0800597c   0x00000012   Code   RO         1207    i.TIM_ITConfig      stm32f10x_tim.o
    0x0800598e   0x0800598e   0x00000002   PAD
    0x08005990   0x08005990   0x000000a4   Code   RO         1216    i.TIM_OC2Init       stm32f10x_tim.o
    0x08005a34   0x08005a34   0x0000001a   Code   RO         1219    i.TIM_OC2PreloadConfig  stm32f10x_tim.o
    0x08005a4e   0x08005a4e   0x00000004   Code   RO         1244    i.TIM_SetCompare2   stm32f10x_tim.o
    0x08005a52   0x08005a52   0x00000004   Code   RO         1247    i.TIM_SetCounter    stm32f10x_tim.o
    0x08005a56   0x08005a56   0x00000012   Code   RO         1248    i.TIM_SetIC1Prescaler  stm32f10x_tim.o
    0x08005a68   0x08005a68   0x0000001a   Code   RO         1249    i.TIM_SetIC2Prescaler  stm32f10x_tim.o
    0x08005a82   0x08005a82   0x00000012   Code   RO         1250    i.TIM_SetIC3Prescaler  stm32f10x_tim.o
    0x08005a94   0x08005a94   0x0000001a   Code   RO         1251    i.TIM_SetIC4Prescaler  stm32f10x_tim.o
    0x08005aae   0x08005aae   0x00000002   PAD
    0x08005ab0   0x08005ab0   0x000000a4   Code   RO         1253    i.TIM_TimeBaseInit  stm32f10x_tim.o
    0x08005b54   0x08005b54   0x000001a8   Code   RO         2742    i.TP_Adj_Info_Show  touch.o
    0x08005cfc   0x08005cfc   0x0000085c   Code   RO         2743    i.TP_Adjust         touch.o
    0x08006558   0x08006558   0x00000070   Code   RO         2745    i.TP_Drow_Touch_Point  touch.o
    0x080065c8   0x080065c8   0x000000ac   Code   RO         2746    i.TP_Get_Adjdata    touch.o
    0x08006674   0x08006674   0x000000cc   Code   RO         2747    i.TP_Init           touch.o
    0x08006740   0x08006740   0x00000094   Code   RO         2748    i.TP_Read_AD        touch.o
    0x080067d4   0x080067d4   0x0000007a   Code   RO         2749    i.TP_Read_XOY       touch.o
    0x0800684e   0x0800684e   0x00000002   PAD
    0x08006850   0x08006850   0x00000030   Code   RO         2750    i.TP_Read_XY        touch.o
    0x08006880   0x08006880   0x000000c0   Code   RO         2751    i.TP_Read_XY2       touch.o
    0x08006940   0x08006940   0x00000078   Code   RO         2752    i.TP_Save_Adjdata   touch.o
    0x080069b8   0x080069b8   0x00000170   Code   RO         2753    i.TP_Scan           touch.o
    0x08006b28   0x08006b28   0x0000004c   Code   RO         2754    i.TP_Write_Byte     touch.o
    0x08006b74   0x08006b74   0x00000024   Code   RO         2406    i.Touch_Get_MaxVal  touch_key.o
    0x08006b98   0x08006b98   0x00000038   Code   RO         2407    i.Touch_Get_Val     touch_key.o
    0x08006bd0   0x08006bd0   0x000000bc   Code   RO         2408    i.Touch_Key_Init    touch_key.o
    0x08006c8c   0x08006c8c   0x00000090   Code   RO         2409    i.Touch_Key_Scan    touch_key.o
    0x08006d1c   0x08006d1c   0x00000054   Code   RO         2410    i.Touch_Reset       touch_key.o
    0x08006d70   0x08006d70   0x0000002c   Code   RO         1741    i.USART1_IRQHandler  usart.o
    0x08006d9c   0x08006d9c   0x0000004c   Code   RO         3293    i.USART3_IRQHandler  esp8266.o
    0x08006de8   0x08006de8   0x00000012   Code   RO          644    i.USART_ClearFlag   stm32f10x_usart.o
    0x08006dfa   0x08006dfa   0x00000018   Code   RO          648    i.USART_Cmd         stm32f10x_usart.o
    0x08006e12   0x08006e12   0x0000001a   Code   RO          651    i.USART_GetFlagStatus  stm32f10x_usart.o
    0x08006e2c   0x08006e2c   0x00000054   Code   RO          652    i.USART_GetITStatus  stm32f10x_usart.o
    0x08006e80   0x08006e80   0x0000004a   Code   RO          654    i.USART_ITConfig    stm32f10x_usart.o
    0x08006eca   0x08006eca   0x00000002   PAD
    0x08006ecc   0x08006ecc   0x000000d8   Code   RO          655    i.USART_Init        stm32f10x_usart.o
    0x08006fa4   0x08006fa4   0x0000000a   Code   RO          662    i.USART_ReceiveData  stm32f10x_usart.o
    0x08006fae   0x08006fae   0x00000008   Code   RO          665    i.USART_SendData    stm32f10x_usart.o
    0x08006fb6   0x08006fb6   0x00000002   PAD
    0x08006fb8   0x08006fb8   0x00000050   Code   RO           26    i.UsageFault_Handler  stm32f10x_it.o
    0x08007008   0x08007008   0x000000b0   Code   RO         1742    i.Usart1_Init       usart.o
    0x080070b8   0x080070b8   0x000000ac   Code   RO         1743    i.Usart3_Init       usart.o
    0x08007164   0x08007164   0x00000048   Code   RO         1744    i.UsartPrintf       usart.o
    0x080071ac   0x080071ac   0x00000032   Code   RO         1745    i.Usart_SendString  usart.o
    0x080071de   0x080071de   0x00000002   PAD
    0x080071e0   0x080071e0   0x00000020   Code   RO         3978    i.__0printf         mc_w.l(printfa.o)
    0x08007200   0x08007200   0x00000030   Code   RO         3979    i.__0snprintf       mc_w.l(printfa.o)
    0x08007230   0x08007230   0x00000028   Code   RO         3980    i.__0sprintf        mc_w.l(printfa.o)
    0x08007258   0x08007258   0x0000002c   Code   RO         3983    i.__0vsnprintf      mc_w.l(printfa.o)
    0x08007284   0x08007284   0x00000028   Code   RO         4086    i.__ARM_fpclassify  m_ws.l(fpclassify.o)
    0x080072ac   0x080072ac   0x000000aa   Code   RO         4088    i.__kernel_poly     m_ws.l(poly.o)
    0x08007356   0x08007356   0x00000002   PAD
    0x08007358   0x08007358   0x00000010   Code   RO         4072    i.__mathlib_dbl_divzero  m_ws.l(dunder.o)
    0x08007368   0x08007368   0x00000004   Code   RO         4074    i.__mathlib_dbl_infnan2  m_ws.l(dunder.o)
    0x0800736c   0x0800736c   0x0000000c   Code   RO         4075    i.__mathlib_dbl_invalid  m_ws.l(dunder.o)
    0x08007378   0x08007378   0x0000000e   Code   RO         4076    i.__mathlib_dbl_overflow  m_ws.l(dunder.o)
    0x08007386   0x08007386   0x00000002   PAD
    0x08007388   0x08007388   0x00000010   Code   RO         4078    i.__mathlib_dbl_underflow  m_ws.l(dunder.o)
    0x08007398   0x08007398   0x0000000e   Code   RO         4155    i.__scatterload_copy  mc_w.l(handlers.o)
    0x080073a6   0x080073a6   0x00000002   Code   RO         4156    i.__scatterload_null  mc_w.l(handlers.o)
    0x080073a8   0x080073a8   0x0000000e   Code   RO         4157    i.__scatterload_zeroinit  mc_w.l(handlers.o)
    0x080073b6   0x080073b6   0x00000002   PAD
    0x080073b8   0x080073b8   0x0000000c   Code   RO         4120    i.__set_errno       mc_w.l(errno.o)
    0x080073c4   0x080073c4   0x00000184   Code   RO         3985    i._fp_digits        mc_w.l(printfa.o)
    0x08007548   0x08007548   0x000006dc   Code   RO         3986    i._printf_core      mc_w.l(printfa.o)
    0x08007c24   0x08007c24   0x00000024   Code   RO         3987    i._printf_post_padding  mc_w.l(printfa.o)
    0x08007c48   0x08007c48   0x0000002e   Code   RO         3988    i._printf_pre_padding  mc_w.l(printfa.o)
    0x08007c76   0x08007c76   0x00000016   Code   RO         3989    i._snputc           mc_w.l(printfa.o)
    0x08007c8c   0x08007c8c   0x0000000a   Code   RO         3990    i._sputc            mc_w.l(printfa.o)
    0x08007c96   0x08007c96   0x00000002   PAD
    0x08007c98   0x08007c98   0x00000058   Code   RO         3361    i.cJSON_Delete      cjson.o
    0x08007cf0   0x08007cf0   0x0000001e   Code   RO         3370    i.cJSON_GetObjectItem  cjson.o
    0x08007d0e   0x08007d0e   0x00000002   PAD
    0x08007d10   0x08007d10   0x00000020   Code   RO         3374    i.cJSON_New_Item    cjson.o
    0x08007d30   0x08007d30   0x00000010   Code   RO         3375    i.cJSON_Parse       cjson.o
    0x08007d40   0x08007d40   0x00000064   Code   RO         3376    i.cJSON_ParseWithOpts  cjson.o
    0x08007da4   0x08007da4   0x0000004c   Code   RO         3382    i.cJSON_strcasecmp  cjson.o
    0x08007df0   0x08007df0   0x0000004c   Code   RO         1979    i.delay_ms          systick.o
    0x08007e3c   0x08007e3c   0x0000004c   Code   RO         1980    i.delay_us          systick.o
    0x08007e88   0x08007e88   0x00000024   Code   RO         1746    i.fputc             usart.o
    0x08007eac   0x08007eac   0x00000050   Code   RO         4006    i.free              mc_w.l(malloc.o)
    0x08007efc   0x08007efc   0x0000004c   Code   RO         3027    i.ft                hmac_sha1.o
    0x08007f48   0x08007f48   0x0000014a   Code   RO         3028    i.hmac_sha1         hmac_sha1.o
    0x08008092   0x08008092   0x00000002   PAD
    0x08008094   0x08008094   0x00000034   Code   RO         3029    i.k                 hmac_sha1.o
    0x080080c8   0x080080c8   0x00000238   Code   RO         2865    i.main              main.o
    0x08008300   0x08008300   0x0000006c   Code   RO         4007    i.malloc            mc_w.l(malloc.o)
    0x0800836c   0x0800836c   0x000000ac   Code   RO         3386    i.parse_array       cjson.o
    0x08008418   0x08008418   0x00000114   Code   RO         3387    i.parse_hex4        cjson.o
    0x0800852c   0x0800852c   0x000001bc   Code   RO         3388    i.parse_number      cjson.o
    0x080086e8   0x080086e8   0x00000114   Code   RO         3389    i.parse_object      cjson.o
    0x080087fc   0x080087fc   0x000001cc   Code   RO         3390    i.parse_string      cjson.o
    0x080089c8   0x080089c8   0x000000bc   Code   RO         3391    i.parse_value       cjson.o
    0x08008a84   0x08008a84   0x000009d8   Code   RO         3701    i.pow               m_ws.l(pow.o)
    0x0800945c   0x0800945c   0x0000002e   Code   RO         3030    i.rotl              hmac_sha1.o
    0x0800948a   0x0800948a   0x00000002   PAD
    0x0800948c   0x0800948c   0x00000284   Code   RO         3032    i.sha1              hmac_sha1.o
    0x08009710   0x08009710   0x00000012   Code   RO         3399    i.skip              cjson.o
    0x08009722   0x08009722   0x0000004c   Code   RO         3711    i.sqrt              m_ws.l(sqrt.o)
    0x0800976e   0x0800976e   0x00005164   Data   RO         2034    .constdata          tftlcd.o
    0x0800e8d2   0x0800e8d2   0x00000050   Data   RO         2253    .constdata          ws2812.o
    0x0800e922   0x0800e922   0x00000002   PAD
    0x0800e924   0x0800e924   0x00000004   Data   RO         2755    .constdata          touch.o
    0x0800e928   0x0800e928   0x00001010   Data   RO         2866    .constdata          main.o
    0x0800f938   0x0800f938   0x00000014   Data   RO         2940    .constdata          onenet.o
    0x0800f94c   0x0800f94c   0x000000c0   Data   RO         3078    .constdata          base64.o
    0x0800fa0c   0x0800fa0c   0x00000007   Data   RO         3402    .constdata          cjson.o
    0x0800fa13   0x0800fa13   0x00000005   PAD
    0x0800fa18   0x0800fa18   0x00000088   Data   RO         3702    .constdata          m_ws.l(pow.o)
    0x0800faa0   0x0800faa0   0x00000008   Data   RO         4090    .constdata          m_ws.l(qnan.o)
    0x0800faa8   0x0800faa8   0x00000079   Data   RO         2756    .conststring        touch.o
    0x0800fb21   0x0800fb21   0x00000003   PAD
    0x0800fb24   0x0800fb24   0x00000047   Data   RO         2941    .conststring        onenet.o
    0x0800fb6b   0x0800fb6b   0x00000001   PAD
    0x0800fb6c   0x0800fb6c   0x00000020   Data   RO         4153    Region$$Table       anon$$obj.o


    Execution Region RW_IRAM1 (Exec base: 0x20000000, Load base: 0x0800fb8c, Size: 0x00001b30, Max: 0x00010000, ABSOLUTE)

    Exec Addr    Load Addr    Size         Type   Attr      Idx    E Section Name        Object

    0x20000000   0x0800fb8c   0x00000014   Data   RW          476    .data               stm32f10x_rcc.o
    0x20000014   0x0800fba0   0x00000001   Data   RW         1716    .data               beep.o
    0x20000015   0x0800fba1   0x00000001   Data   RW         1802    .data               led.o
    0x20000016   0x0800fba2   0x00000002   PAD
    0x20000018   0x0800fba4   0x00000014   Data   RW         1872    .data               exti.o
    0x2000002c   0x0800fbb8   0x00000004   Data   RW         1981    .data               systick.o
    0x20000030   0x0800fbbc   0x0000000c   Data   RW         2035    .data               tftlcd.o
    0x2000003c   0x0800fbc8   0x00000005   Data   RW         2377    .data               hwjs.o
    0x20000041   0x0800fbcd   0x00000001   PAD
    0x20000042   0x0800fbce   0x00000003   Data   RW         2411    .data               touch_key.o
    0x20000045   0x0800fbd1   0x00000003   PAD
    0x20000048   0x0800fbd4   0x0000004a   Data   RW         2757    .data               touch.o
    0x20000092   0x0800fc1e   0x0000002e   Data   RW         2867    .data               main.o
    0x200000c0   0x0800fc4c   0x00000002   Data   RW         2942    .data               onenet.o
    0x200000c2   0x0800fc4e   0x00000004   Data   RW         3295    .data               esp8266.o
    0x200000c6   0x0800fc52   0x00000002   PAD
    0x200000c8   0x0800fc54   0x0000000c   Data   RW         3403    .data               cjson.o
    0x200000d4   0x0800fc60   0x00000004   Data   RW         4105    .data               mc_w.l(stdout.o)
    0x200000d8   0x0800fc64   0x00000004   Data   RW         4116    .data               mc_w.l(mvars.o)
    0x200000dc   0x0800fc68   0x00000004   Data   RW         4117    .data               mc_w.l(mvars.o)
    0x200000e0   0x0800fc6c   0x00000004   Data   RW         4121    .data               mc_w.l(errno.o)
    0x200000e4        -       0x0000004b   Zero   RW         2252    .bss                ws2812.o
    0x2000012f        -       0x00000200   Zero   RW         3294    .bss                esp8266.o
    0x2000032f   0x0800fc70   0x00000001   PAD
    0x20000330        -       0x00000c00   Zero   RW          208    HEAP                startup_stm32f10x_hd.o
    0x20000f30        -       0x00000c00   Zero   RW          207    STACK               startup_stm32f10x_hd.o


==============================================================================

Image component sizes


      Code (inc. data)   RO Data    RW Data    ZI Data      Debug   Object Name

       262          0          0          0          0       2961   24cxx.o
       688          8        192          0          0       3648   base64.o
        92         20          0          1          0       1655   beep.o
      2176         82          7         12          0      11725   cjson.o
         0          0          0          0          0       4612   core_cm3.o
       450         38          0          0          0       4665   dht11.o
       724        262          0          4        512       5113   esp8266.o
       698         54          0         20          0       3210   exti.o
      1148         30          0          0          0       4335   hmac_sha1.o
       300         24          0          5          0       2024   hwjs.o
       628         84          0          0          0       5041   iic.o
        60          8          0          0          0        483   key.o
       380         26          0          1          0       3151   led.o
       284         16          0          0          0       2462   lsens.o
      2100        628       4112         46          0       4673   main.o
       172         22          0          0          0     217873   misc.o
      2374         58          0          0          0      13760   mqttkit.o
      3376       1404         91          2          0      11859   onenet.o
       160         14          0          0          0        740   pwm.o
        36          8        304          0       6144        808   startup_stm32f10x_hd.o
       486         24          0          0          0       8250   stm32f10x_adc.o
       200         18          0          0          0       1940   stm32f10x_exti.o
       282          6          0          0          0       1721   stm32f10x_fsmc.o
       522         10          0          0          0       5460   stm32f10x_gpio.o
       320        260          0          0          0     260817   stm32f10x_it.o
       340         44          0         20          0       5391   stm32f10x_rcc.o
      1340        160          0          0          0      13997   stm32f10x_tim.o
       460          6          0          0          0       6463   stm32f10x_usart.o
       328         28          0          0          0       1833   system_stm32f10x.o
       212         16          0          4          0       1749   systick.o
      2650        116      20836         12          0      15355   tftlcd.o
       872         48          0          0          0       1594   time.o
      4126        264        125         74          0      10465   touch.o
       640         94          0          3          0       4157   touch_key.o
       550         32          0          0          0       6755   usart.o
       726         32         80          0         75       5996   ws2812.o

    ----------------------------------------------------------------------
     30210       3944      25790        212       6732     656741   Object Totals
         0          0         32          0          0          0   (incl. Generated)
        48          0         11          8          1          0   (incl. Padding)

    ----------------------------------------------------------------------

      Code (inc. data)   RO Data    RW Data    ZI Data      Debug   Library Member Name

        62         10          0          0          0        340   dunder.o
        40          0          0          0          0         68   fpclassify.o
       170          0          0          0          0         96   poly.o
      2520        190        136          0          0        324   pow.o
         0          0          8          0          0          0   qnan.o
        76          0          0          0          0         84   sqrt.o
         0          0          0          0          0          0   entry.o
         0          0          0          0          0          0   entry10a.o
         0          0          0          0          0          0   entry11a.o
         8          4          0          0          0          0   entry2.o
         4          0          0          0          0          0   entry5.o
         0          0          0          0          0          0   entry7b.o
         0          0          0          0          0          0   entry8b.o
         8          4          0          0          0          0   entry9a.o
        12          6          0          4          0         68   errno.o
        30          0          0          0          0          0   handlers.o
        36          8          0          0          0         68   init.o
         0          0          0          0          0          0   iusefp.o
        30          0          0          0          0         68   llshl.o
        36          0          0          0          0         68   llsshr.o
        32          0          0          0          0         68   llushr.o
       188         20          0          0          0        160   malloc.o
        36          0          0          0          0         68   memcpya.o
        36          0          0          0          0        108   memseta.o
         0          0          0          8          0          0   mvars.o
      2422        104          0          0          0        836   printfa.o
         0          0          0          4          0          0   stdout.o
        24          0          0          0          0         68   strcat.o
        20          0          0          0          0         68   strchr.o
        18          0          0          0          0         68   strcpy.o
        14          0          0          0          0         68   strlen.o
        40          0          0          0          0         76   strncat.o
        30          0          0          0          0         80   strncmp.o
        36          0          0          0          0         80   strstr.o
        12          0          0          0          0         68   tolower.o
        44          0          0          0          0         80   uidiv.o
        98          0          0          0          0         92   uldiv.o
        48          0          0          0          0         68   cdcmple.o
        48          0          0          0          0         68   cdrcmple.o
       334          0          0          0          0        148   dadd.o
       222          0          0          0          0        100   ddiv.o
       186          0          0          0          0        176   depilogue.o
        62          0          0          0          0         80   dfixi.o
        50          0          0          0          0         76   dfixui.o
        48          0          0          0          0         68   dfixul.o
        34          0          0          0          0         76   dflti.o
        26          0          0          0          0         76   dfltui.o
       228          0          0          0          0         96   dmul.o
        46          0          0          0          0         80   dscalb.o
       162          0          0          0          0        100   dsqrt.o
        38          0          0          0          0         68   f2d.o
       176          0          0          0          0        140   fadd.o
       124          0          0          0          0         88   fdiv.o
       110          0          0          0          0        168   fepilogue.o
        50          0          0          0          0         68   ffixi.o
        40          0          0          0          0         68   ffixui.o
        18          0          0          0          0         68   fflti.o
        10          0          0          0          0         68   ffltui.o
       100          0          0          0          0         76   fmul.o

    ----------------------------------------------------------------------
      8252        346        144         16          0       5196   Library Totals
        10          0          0          0          0          0   (incl. Padding)

    ----------------------------------------------------------------------

      Code (inc. data)   RO Data    RW Data    ZI Data      Debug   Library Name

      2868        200        144          0          0        912   m_ws.l
      3214        146          0         16          0       2260   mc_w.l
      2160          0          0          0          0       2024   mf_w.l

    ----------------------------------------------------------------------
      8252        346        144         16          0       5196   Library Totals

    ----------------------------------------------------------------------

==============================================================================


      Code (inc. data)   RO Data    RW Data    ZI Data      Debug   

     38462       4290      25934        228       6732     647529   Grand Totals
     38462       4290      25934        228       6732     647529   ELF Image Totals
     38462       4290      25934        228          0          0   ROM Totals

==============================================================================

    Total RO  Size (Code + RO Data)                64396 (  62.89kB)
    Total RW  Size (RW Data + ZI Data)              6960 (   6.80kB)
    Total ROM Size (Code + RO Data + RW Data)      64624 (  63.11kB)

==============================================================================

