Component: ARM Compiler 5.06 update 6 (build 750) Tool: armlink [4d35ed]

==============================================================================

Section Cross References

    stm32f10x_it.o(i.BusFault_Handler) refers to usart.o(i.UsartPrintf) for UsartPrintf
    stm32f10x_it.o(i.HardFault_Handler) refers to usart.o(i.UsartPrintf) for UsartPrintf
    stm32f10x_it.o(i.MemManage_Handler) refers to usart.o(i.UsartPrintf) for UsartPrintf
    stm32f10x_it.o(i.UsageFault_Handler) refers to usart.o(i.UsartPrintf) for UsartPrintf
    system_stm32f10x.o(i.SetSysClock) refers to system_stm32f10x.o(i.SetSysClockTo72) for SetSysClockTo72
    system_stm32f10x.o(i.SystemCoreClockUpdate) refers to system_stm32f10x.o(.data) for SystemCoreClock
    system_stm32f10x.o(i.SystemInit) refers to system_stm32f10x.o(i.SetSysClock) for SetSysClock
    startup_stm32f10x_hd.o(RESET) refers to startup_stm32f10x_hd.o(STACK) for __initial_sp
    startup_stm32f10x_hd.o(RESET) refers to startup_stm32f10x_hd.o(.text) for Reset_Handler
    startup_stm32f10x_hd.o(RESET) refers to stm32f10x_it.o(i.NMI_Handler) for NMI_Handler
    startup_stm32f10x_hd.o(RESET) refers to stm32f10x_it.o(i.HardFault_Handler) for HardFault_Handler
    startup_stm32f10x_hd.o(RESET) refers to stm32f10x_it.o(i.MemManage_Handler) for MemManage_Handler
    startup_stm32f10x_hd.o(RESET) refers to stm32f10x_it.o(i.BusFault_Handler) for BusFault_Handler
    startup_stm32f10x_hd.o(RESET) refers to stm32f10x_it.o(i.UsageFault_Handler) for UsageFault_Handler
    startup_stm32f10x_hd.o(RESET) refers to stm32f10x_it.o(i.SVC_Handler) for SVC_Handler
    startup_stm32f10x_hd.o(RESET) refers to stm32f10x_it.o(i.DebugMon_Handler) for DebugMon_Handler
    startup_stm32f10x_hd.o(RESET) refers to stm32f10x_it.o(i.SysTick_Handler) for SysTick_Handler
    startup_stm32f10x_hd.o(RESET) refers to stm32f10x_it.o(i.RTC_IRQHandler) for RTC_IRQHandler
    startup_stm32f10x_hd.o(RESET) refers to stm32f10x_it.o(i.EXTI0_IRQHandler) for EXTI0_IRQHandler
    startup_stm32f10x_hd.o(RESET) refers to exti.o(i.EXTI1_IRQHandler) for EXTI1_IRQHandler
    startup_stm32f10x_hd.o(RESET) refers to exti.o(i.EXTI2_IRQHandler) for EXTI2_IRQHandler
    startup_stm32f10x_hd.o(RESET) refers to exti.o(i.EXTI3_IRQHandler) for EXTI3_IRQHandler
    startup_stm32f10x_hd.o(RESET) refers to exti.o(i.EXTI4_IRQHandler) for EXTI4_IRQHandler
    startup_stm32f10x_hd.o(RESET) refers to usart.o(i.USART1_IRQHandler) for USART1_IRQHandler
    startup_stm32f10x_hd.o(RESET) refers to esp8266.o(i.USART3_IRQHandler) for USART3_IRQHandler
    startup_stm32f10x_hd.o(.text) refers to system_stm32f10x.o(i.SystemInit) for SystemInit
    startup_stm32f10x_hd.o(.text) refers to entry.o(.ARM.Collect$$$$00000000) for __main
    stm32f10x_gpio.o(i.GPIO_AFIODeInit) refers to stm32f10x_rcc.o(i.RCC_APB2PeriphResetCmd) for RCC_APB2PeriphResetCmd
    stm32f10x_gpio.o(i.GPIO_DeInit) refers to stm32f10x_rcc.o(i.RCC_APB2PeriphResetCmd) for RCC_APB2PeriphResetCmd
    stm32f10x_rcc.o(i.RCC_GetClocksFreq) refers to stm32f10x_rcc.o(.data) for APBAHBPrescTable
    stm32f10x_rcc.o(i.RCC_WaitForHSEStartUp) refers to stm32f10x_rcc.o(i.RCC_GetFlagStatus) for RCC_GetFlagStatus
    stm32f10x_usart.o(i.USART_DeInit) refers to stm32f10x_rcc.o(i.RCC_APB2PeriphResetCmd) for RCC_APB2PeriphResetCmd
    stm32f10x_usart.o(i.USART_DeInit) refers to stm32f10x_rcc.o(i.RCC_APB1PeriphResetCmd) for RCC_APB1PeriphResetCmd
    stm32f10x_usart.o(i.USART_Init) refers to stm32f10x_rcc.o(i.RCC_GetClocksFreq) for RCC_GetClocksFreq
    beep.o(i.BEEP_Init) refers to stm32f10x_rcc.o(i.RCC_APB2PeriphClockCmd) for RCC_APB2PeriphClockCmd
    beep.o(i.BEEP_Init) refers to stm32f10x_gpio.o(i.GPIO_Init) for GPIO_Init
    beep.o(i.BEEP_Init) refers to beep.o(i.Beep_Set) for Beep_Set
    beep.o(i.Beep_Set) refers to stm32f10x_gpio.o(i.GPIO_WriteBit) for GPIO_WriteBit
    beep.o(i.Beep_Set) refers to beep.o(.data) for beep_info
    usart.o(i.USART1_IRQHandler) refers to stm32f10x_usart.o(i.USART_GetITStatus) for USART_GetITStatus
    usart.o(i.USART1_IRQHandler) refers to stm32f10x_usart.o(i.USART_ClearFlag) for USART_ClearFlag
    usart.o(i.Usart1_Init) refers to stm32f10x_rcc.o(i.RCC_APB2PeriphClockCmd) for RCC_APB2PeriphClockCmd
    usart.o(i.Usart1_Init) refers to stm32f10x_gpio.o(i.GPIO_Init) for GPIO_Init
    usart.o(i.Usart1_Init) refers to stm32f10x_usart.o(i.USART_Init) for USART_Init
    usart.o(i.Usart1_Init) refers to stm32f10x_usart.o(i.USART_Cmd) for USART_Cmd
    usart.o(i.Usart1_Init) refers to stm32f10x_usart.o(i.USART_ITConfig) for USART_ITConfig
    usart.o(i.Usart1_Init) refers to misc.o(i.NVIC_Init) for NVIC_Init
    usart.o(i.Usart3_Init) refers to stm32f10x_rcc.o(i.RCC_APB2PeriphClockCmd) for RCC_APB2PeriphClockCmd
    usart.o(i.Usart3_Init) refers to stm32f10x_rcc.o(i.RCC_APB1PeriphClockCmd) for RCC_APB1PeriphClockCmd
    usart.o(i.Usart3_Init) refers to stm32f10x_gpio.o(i.GPIO_Init) for GPIO_Init
    usart.o(i.Usart3_Init) refers to stm32f10x_usart.o(i.USART_Init) for USART_Init
    usart.o(i.Usart3_Init) refers to stm32f10x_usart.o(i.USART_Cmd) for USART_Cmd
    usart.o(i.Usart3_Init) refers to stm32f10x_usart.o(i.USART_ITConfig) for USART_ITConfig
    usart.o(i.Usart3_Init) refers to misc.o(i.NVIC_Init) for NVIC_Init
    usart.o(i.UsartPrintf) refers to printfa.o(i.__0vsnprintf) for __c89vsnprintf
    usart.o(i.UsartPrintf) refers to stm32f10x_usart.o(i.USART_SendData) for USART_SendData
    usart.o(i.UsartPrintf) refers to stm32f10x_usart.o(i.USART_GetFlagStatus) for USART_GetFlagStatus
    usart.o(i.Usart_SendString) refers to stm32f10x_usart.o(i.USART_SendData) for USART_SendData
    usart.o(i.Usart_SendString) refers to stm32f10x_usart.o(i.USART_GetFlagStatus) for USART_GetFlagStatus
    usart.o(i.fputc) refers to stm32f10x_usart.o(i.USART_SendData) for USART_SendData
    usart.o(i.fputc) refers to stm32f10x_usart.o(i.USART_GetFlagStatus) for USART_GetFlagStatus
    led.o(i.LED_Init) refers to stm32f10x_rcc.o(i.RCC_APB2PeriphClockCmd) for RCC_APB2PeriphClockCmd
    led.o(i.LED_Init) refers to stm32f10x_gpio.o(i.GPIO_Init) for GPIO_Init
    led.o(i.LED_Init) refers to stm32f10x_gpio.o(i.GPIO_SetBits) for GPIO_SetBits
    led.o(i.LED_Init) refers to led.o(i.Led_Set) for Led_Set
    led.o(i.Led_Set) refers to stm32f10x_gpio.o(i.GPIO_WriteBit) for GPIO_WriteBit
    led.o(i.Led_Set) refers to led.o(.data) for led_info
    key.o(i.KEY_Init) refers to stm32f10x_rcc.o(i.RCC_APB2PeriphClockCmd) for RCC_APB2PeriphClockCmd
    key.o(i.KEY_Init) refers to stm32f10x_gpio.o(i.GPIO_Init) for GPIO_Init
    key.o(i.KEY_Scan) refers to systick.o(i.delay_ms) for delay_ms
    key.o(i.KEY_Scan) refers to key.o(.data) for key
    exti.o(i.EXTI1_IRQHandler) refers to stm32f10x_exti.o(i.EXTI_GetITStatus) for EXTI_GetITStatus
    exti.o(i.EXTI1_IRQHandler) refers to systick.o(i.delay_ms) for delay_ms
    exti.o(i.EXTI1_IRQHandler) refers to stm32f10x_exti.o(i.EXTI_ClearITPendingBit) for EXTI_ClearITPendingBit
    exti.o(i.EXTI2_IRQHandler) refers to stm32f10x_exti.o(i.EXTI_GetITStatus) for EXTI_GetITStatus
    exti.o(i.EXTI2_IRQHandler) refers to systick.o(i.delay_ms) for delay_ms
    exti.o(i.EXTI2_IRQHandler) refers to stm32f10x_exti.o(i.EXTI_ClearITPendingBit) for EXTI_ClearITPendingBit
    exti.o(i.EXTI3_IRQHandler) refers to stm32f10x_exti.o(i.EXTI_GetITStatus) for EXTI_GetITStatus
    exti.o(i.EXTI3_IRQHandler) refers to systick.o(i.delay_ms) for delay_ms
    exti.o(i.EXTI3_IRQHandler) refers to stm32f10x_exti.o(i.EXTI_ClearITPendingBit) for EXTI_ClearITPendingBit
    exti.o(i.EXTI4_IRQHandler) refers to stm32f10x_exti.o(i.EXTI_GetITStatus) for EXTI_GetITStatus
    exti.o(i.EXTI4_IRQHandler) refers to systick.o(i.delay_ms) for delay_ms
    exti.o(i.EXTI4_IRQHandler) refers to stm32f10x_exti.o(i.EXTI_ClearITPendingBit) for EXTI_ClearITPendingBit
    exti.o(i.My_EXTI_Init) refers to stm32f10x_rcc.o(i.RCC_APB2PeriphClockCmd) for RCC_APB2PeriphClockCmd
    exti.o(i.My_EXTI_Init) refers to stm32f10x_gpio.o(i.GPIO_EXTILineConfig) for GPIO_EXTILineConfig
    exti.o(i.My_EXTI_Init) refers to misc.o(i.NVIC_Init) for NVIC_Init
    exti.o(i.My_EXTI_Init) refers to stm32f10x_exti.o(i.EXTI_Init) for EXTI_Init
    dht11.o(i.DHT11_Check) refers to dht11.o(i.DHT11_IO_IN) for DHT11_IO_IN
    dht11.o(i.DHT11_Check) refers to systick.o(i.delay_us) for delay_us
    dht11.o(i.DHT11_IO_IN) refers to stm32f10x_gpio.o(i.GPIO_Init) for GPIO_Init
    dht11.o(i.DHT11_IO_OUT) refers to stm32f10x_gpio.o(i.GPIO_Init) for GPIO_Init
    dht11.o(i.DHT11_Init) refers to stm32f10x_rcc.o(i.RCC_APB2PeriphClockCmd) for RCC_APB2PeriphClockCmd
    dht11.o(i.DHT11_Init) refers to stm32f10x_gpio.o(i.GPIO_Init) for GPIO_Init
    dht11.o(i.DHT11_Init) refers to stm32f10x_gpio.o(i.GPIO_SetBits) for GPIO_SetBits
    dht11.o(i.DHT11_Init) refers to dht11.o(i.DHT11_Rst) for DHT11_Rst
    dht11.o(i.DHT11_Init) refers to dht11.o(i.DHT11_Check) for DHT11_Check
    dht11.o(i.DHT11_Read_Bit) refers to systick.o(i.delay_us) for delay_us
    dht11.o(i.DHT11_Read_Byte) refers to dht11.o(i.DHT11_Read_Bit) for DHT11_Read_Bit
    dht11.o(i.DHT11_Read_Data) refers to dht11.o(i.DHT11_Rst) for DHT11_Rst
    dht11.o(i.DHT11_Read_Data) refers to dht11.o(i.DHT11_Check) for DHT11_Check
    dht11.o(i.DHT11_Read_Data) refers to dht11.o(i.DHT11_Read_Byte) for DHT11_Read_Byte
    dht11.o(i.DHT11_Rst) refers to dht11.o(i.DHT11_IO_OUT) for DHT11_IO_OUT
    dht11.o(i.DHT11_Rst) refers to systick.o(i.delay_ms) for delay_ms
    dht11.o(i.DHT11_Rst) refers to systick.o(i.delay_us) for delay_us
    systick.o(i.SysTick_Init) refers to misc.o(i.SysTick_CLKSourceConfig) for SysTick_CLKSourceConfig
    systick.o(i.SysTick_Init) refers to systick.o(.data) for fac_us
    systick.o(i.delay_ms) refers to systick.o(.data) for fac_ms
    systick.o(i.delay_us) refers to systick.o(.data) for fac_us
    tftlcd.o(i.LCD_Clear) refers to tftlcd.o(i.LCD_Set_Window) for LCD_Set_Window
    tftlcd.o(i.LCD_Clear) refers to tftlcd.o(i.LCD_WriteData_Color) for LCD_WriteData_Color
    tftlcd.o(i.LCD_Clear) refers to tftlcd.o(.data) for tftlcd_data
    tftlcd.o(i.LCD_Color_Fill) refers to tftlcd.o(i.LCD_Set_Window) for LCD_Set_Window
    tftlcd.o(i.LCD_Color_Fill) refers to tftlcd.o(i.LCD_WriteData_Color) for LCD_WriteData_Color
    tftlcd.o(i.LCD_Display_Dir) refers to tftlcd.o(i.LCD_WriteCmd) for LCD_WriteCmd
    tftlcd.o(i.LCD_Display_Dir) refers to tftlcd.o(i.LCD_WriteData) for LCD_WriteData
    tftlcd.o(i.LCD_Display_Dir) refers to tftlcd.o(.data) for tftlcd_data
    tftlcd.o(i.LCD_DrawFRONT_COLOR) refers to tftlcd.o(i.LCD_Set_Window) for LCD_Set_Window
    tftlcd.o(i.LCD_DrawFRONT_COLOR) refers to tftlcd.o(i.LCD_WriteData_Color) for LCD_WriteData_Color
    tftlcd.o(i.LCD_DrawLine) refers to tftlcd.o(i.LCD_DrawPoint) for LCD_DrawPoint
    tftlcd.o(i.LCD_DrawLine_Color) refers to tftlcd.o(i.LCD_DrawFRONT_COLOR) for LCD_DrawFRONT_COLOR
    tftlcd.o(i.LCD_DrawPoint) refers to tftlcd.o(i.LCD_Set_Window) for LCD_Set_Window
    tftlcd.o(i.LCD_DrawPoint) refers to tftlcd.o(i.LCD_WriteData_Color) for LCD_WriteData_Color
    tftlcd.o(i.LCD_DrawPoint) refers to tftlcd.o(.data) for FRONT_COLOR
    tftlcd.o(i.LCD_DrawRectangle) refers to tftlcd.o(i.LCD_DrawLine) for LCD_DrawLine
    tftlcd.o(i.LCD_Draw_Circle) refers to tftlcd.o(i.LCD_DrawPoint) for LCD_DrawPoint
    tftlcd.o(i.LCD_DrowSign) refers to tftlcd.o(i.LCD_Set_Window) for LCD_Set_Window
    tftlcd.o(i.LCD_DrowSign) refers to tftlcd.o(i.LCD_WriteData_Color) for LCD_WriteData_Color
    tftlcd.o(i.LCD_Fill) refers to tftlcd.o(i.LCD_Set_Window) for LCD_Set_Window
    tftlcd.o(i.LCD_Fill) refers to tftlcd.o(i.LCD_WriteData_Color) for LCD_WriteData_Color
    tftlcd.o(i.LCD_ReadPoint) refers to tftlcd.o(i.LCD_Set_Window) for LCD_Set_Window
    tftlcd.o(i.LCD_ReadPoint) refers to tftlcd.o(i.LCD_WriteCmd) for LCD_WriteCmd
    tftlcd.o(i.LCD_ReadPoint) refers to tftlcd.o(i.LCD_ReadData) for LCD_ReadData
    tftlcd.o(i.LCD_ReadPoint) refers to tftlcd.o(.data) for tftlcd_data
    tftlcd.o(i.LCD_SSD_BackLightSet) refers to tftlcd.o(i.LCD_WriteCmd) for LCD_WriteCmd
    tftlcd.o(i.LCD_SSD_BackLightSet) refers to tftlcd.o(i.LCD_WriteData) for LCD_WriteData
    tftlcd.o(i.LCD_SSD_BackLightSet) refers to dfltui.o(.text) for __aeabi_ui2d
    tftlcd.o(i.LCD_SSD_BackLightSet) refers to dmul.o(.text) for __aeabi_dmul
    tftlcd.o(i.LCD_SSD_BackLightSet) refers to dfixui.o(.text) for __aeabi_d2uiz
    tftlcd.o(i.LCD_Set_Window) refers to tftlcd.o(i.LCD_WriteCmd) for LCD_WriteCmd
    tftlcd.o(i.LCD_Set_Window) refers to tftlcd.o(i.LCD_WriteData) for LCD_WriteData
    tftlcd.o(i.LCD_ShowChar) refers to tftlcd.o(i.LCD_DrawFRONT_COLOR) for LCD_DrawFRONT_COLOR
    tftlcd.o(i.LCD_ShowChar) refers to tftlcd.o(.constdata) for ascii_1206
    tftlcd.o(i.LCD_ShowChar) refers to tftlcd.o(.data) for FRONT_COLOR
    tftlcd.o(i.LCD_ShowFontHZ) refers to tftlcd.o(i.LCD_DrawFRONT_COLOR) for LCD_DrawFRONT_COLOR
    tftlcd.o(i.LCD_ShowFontHZ) refers to tftlcd.o(.constdata) for CnChar32x29
    tftlcd.o(i.LCD_ShowFontHZ) refers to tftlcd.o(.data) for FRONT_COLOR
    tftlcd.o(i.LCD_ShowNum) refers to tftlcd.o(i.LCD_Pow) for LCD_Pow
    tftlcd.o(i.LCD_ShowNum) refers to tftlcd.o(i.LCD_ShowChar) for LCD_ShowChar
    tftlcd.o(i.LCD_ShowPicture) refers to tftlcd.o(i.LCD_Set_Window) for LCD_Set_Window
    tftlcd.o(i.LCD_ShowPicture) refers to tftlcd.o(i.LCD_DrawFRONT_COLOR) for LCD_DrawFRONT_COLOR
    tftlcd.o(i.LCD_ShowString) refers to tftlcd.o(i.LCD_ShowChar) for LCD_ShowChar
    tftlcd.o(i.LCD_ShowxNum) refers to tftlcd.o(i.LCD_Pow) for LCD_Pow
    tftlcd.o(i.LCD_ShowxNum) refers to tftlcd.o(i.LCD_ShowChar) for LCD_ShowChar
    tftlcd.o(i.LCD_WriteCmdData) refers to tftlcd.o(i.LCD_WriteCmd) for LCD_WriteCmd
    tftlcd.o(i.LCD_WriteCmdData) refers to tftlcd.o(i.LCD_WriteData) for LCD_WriteData
    tftlcd.o(i.TFTLCD_FSMC_Init) refers to stm32f10x_rcc.o(i.RCC_AHBPeriphClockCmd) for RCC_AHBPeriphClockCmd
    tftlcd.o(i.TFTLCD_FSMC_Init) refers to stm32f10x_fsmc.o(i.FSMC_NORSRAMInit) for FSMC_NORSRAMInit
    tftlcd.o(i.TFTLCD_FSMC_Init) refers to stm32f10x_fsmc.o(i.FSMC_NORSRAMCmd) for FSMC_NORSRAMCmd
    tftlcd.o(i.TFTLCD_GPIO_Init) refers to stm32f10x_rcc.o(i.RCC_APB2PeriphClockCmd) for RCC_APB2PeriphClockCmd
    tftlcd.o(i.TFTLCD_GPIO_Init) refers to stm32f10x_gpio.o(i.GPIO_Init) for GPIO_Init
    tftlcd.o(i.TFTLCD_Init) refers to tftlcd.o(i.TFTLCD_GPIO_Init) for TFTLCD_GPIO_Init
    tftlcd.o(i.TFTLCD_Init) refers to tftlcd.o(i.TFTLCD_FSMC_Init) for TFTLCD_FSMC_Init
    tftlcd.o(i.TFTLCD_Init) refers to systick.o(i.delay_ms) for delay_ms
    tftlcd.o(i.TFTLCD_Init) refers to tftlcd.o(i.LCD_WriteCmd) for LCD_WriteCmd
    tftlcd.o(i.TFTLCD_Init) refers to printfa.o(i.__0printf) for __2printf
    tftlcd.o(i.TFTLCD_Init) refers to tftlcd.o(i.LCD_WriteData) for LCD_WriteData
    tftlcd.o(i.TFTLCD_Init) refers to tftlcd.o(i.LCD_Display_Dir) for LCD_Display_Dir
    tftlcd.o(i.TFTLCD_Init) refers to tftlcd.o(i.LCD_Clear) for LCD_Clear
    tftlcd.o(i.TFTLCD_Init) refers to tftlcd.o(.data) for tftlcd_data
    main.o(i.Display_Init) refers to tftlcd.o(i.LCD_ShowFontHZ) for LCD_ShowFontHZ
    main.o(i.Display_Init) refers to tftlcd.o(i.LCD_ShowString) for LCD_ShowString
    main.o(i.Display_Init) refers to tftlcd.o(.data) for FRONT_COLOR
    main.o(i.Hardware_Init) refers to misc.o(i.NVIC_PriorityGroupConfig) for NVIC_PriorityGroupConfig
    main.o(i.Hardware_Init) refers to systick.o(i.SysTick_Init) for SysTick_Init
    main.o(i.Hardware_Init) refers to beep.o(i.BEEP_Init) for BEEP_Init
    main.o(i.Hardware_Init) refers to led.o(i.LED_Init) for LED_Init
    main.o(i.Hardware_Init) refers to key.o(i.KEY_Init) for KEY_Init
    main.o(i.Hardware_Init) refers to exti.o(i.My_EXTI_Init) for My_EXTI_Init
    main.o(i.Hardware_Init) refers to usart.o(i.Usart1_Init) for Usart1_Init
    main.o(i.Hardware_Init) refers to usart.o(i.Usart3_Init) for Usart3_Init
    main.o(i.Hardware_Init) refers to tftlcd.o(i.TFTLCD_Init) for TFTLCD_Init
    main.o(i.Hardware_Init) refers to main.o(i.Display_Init) for Display_Init
    main.o(i.Hardware_Init) refers to tftlcd.o(i.LCD_ShowString) for LCD_ShowString
    main.o(i.Hardware_Init) refers to usart.o(i.UsartPrintf) for UsartPrintf
    main.o(i.Hardware_Init) refers to systick.o(i.delay_ms) for delay_ms
    main.o(i.Hardware_Init) refers to dht11.o(i.DHT11_Init) for DHT11_Init
    main.o(i.Hardware_Init) refers to tftlcd.o(.data) for tftlcd_data
    main.o(i.Refresh_Data) refers to dht11.o(i.DHT11_Read_Data) for DHT11_Read_Data
    main.o(i.Refresh_Data) refers to tftlcd.o(i.LCD_ShowString) for LCD_ShowString
    main.o(i.Refresh_Data) refers to main.o(.data) for humi
    main.o(i.Refresh_Data) refers to tftlcd.o(.data) for tftlcd_data
    main.o(i.main) refers to main.o(i.Hardware_Init) for Hardware_Init
    main.o(i.main) refers to esp8266.o(i.ESP8266_Init) for ESP8266_Init
    main.o(i.main) refers to led.o(i.Led_Set) for Led_Set
    main.o(i.main) refers to usart.o(i.UsartPrintf) for UsartPrintf
    main.o(i.main) refers to tftlcd.o(i.LCD_ShowString) for LCD_ShowString
    main.o(i.main) refers to systick.o(i.delay_ms) for delay_ms
    main.o(i.main) refers to esp8266.o(i.ESP8266_SendCmd) for ESP8266_SendCmd
    main.o(i.main) refers to onenet.o(i.OneNet_DevLink) for OneNet_DevLink
    main.o(i.main) refers to onenet.o(i.OneNET_Subscribe) for OneNET_Subscribe
    main.o(i.main) refers to dht11.o(i.DHT11_Read_Data) for DHT11_Read_Data
    main.o(i.main) refers to main.o(i.Refresh_Data) for Refresh_Data
    main.o(i.main) refers to onenet.o(i.OneNet_SendData) for OneNet_SendData
    main.o(i.main) refers to esp8266.o(i.ESP8266_Clear) for ESP8266_Clear
    main.o(i.main) refers to esp8266.o(i.ESP8266_GetIPD) for ESP8266_GetIPD
    main.o(i.main) refers to onenet.o(i.OneNet_RevPro) for OneNet_RevPro
    main.o(i.main) refers to tftlcd.o(.data) for tftlcd_data
    main.o(i.main) refers to main.o(.data) for humi
    lsens.o(i.Lsens_Get_Val) refers to lsens.o(i.Get_ADC3) for Get_ADC3
    lsens.o(i.Lsens_Get_Val) refers to systick.o(i.delay_ms) for delay_ms
    lsens.o(i.Lsens_Init) refers to stm32f10x_rcc.o(i.RCC_APB2PeriphClockCmd) for RCC_APB2PeriphClockCmd
    lsens.o(i.Lsens_Init) refers to stm32f10x_rcc.o(i.RCC_APB2PeriphResetCmd) for RCC_APB2PeriphResetCmd
    lsens.o(i.Lsens_Init) refers to stm32f10x_gpio.o(i.GPIO_Init) for GPIO_Init
    onenet.o(i.OTA_UrlEncode) refers to strlen.o(.text) for strlen
    onenet.o(i.OTA_UrlEncode) refers to strcat.o(.text) for strcat
    onenet.o(i.OneNET_Authorization) refers to memseta.o(.text) for __aeabi_memclr4
    onenet.o(i.OneNET_Authorization) refers to strlen.o(.text) for strlen
    onenet.o(i.OneNET_Authorization) refers to base64.o(i.BASE64_Decode) for BASE64_Decode
    onenet.o(i.OneNET_Authorization) refers to printfa.o(i.__0snprintf) for __2snprintf
    onenet.o(i.OneNET_Authorization) refers to hmac_sha1.o(i.hmac_sha1) for hmac_sha1
    onenet.o(i.OneNET_Authorization) refers to base64.o(i.BASE64_Encode) for BASE64_Encode
    onenet.o(i.OneNET_Authorization) refers to onenet.o(i.OTA_UrlEncode) for OTA_UrlEncode
    onenet.o(i.OneNET_Authorization) refers to onenet.o(.conststring) for .conststring
    onenet.o(i.OneNET_Publish) refers to usart.o(i.UsartPrintf) for UsartPrintf
    onenet.o(i.OneNET_Publish) refers to strlen.o(.text) for strlen
    onenet.o(i.OneNET_Publish) refers to mqttkit.o(i.MQTT_PacketPublish) for MQTT_PacketPublish
    onenet.o(i.OneNET_Publish) refers to esp8266.o(i.ESP8266_SendData) for ESP8266_SendData
    onenet.o(i.OneNET_Publish) refers to mqttkit.o(i.MQTT_DeleteBuffer) for MQTT_DeleteBuffer
    onenet.o(i.OneNET_RegisterDevice) refers to _scanf_int.o(.text) for _scanf_int
    onenet.o(i.OneNET_RegisterDevice) refers to _scanf_str.o(.text) for _scanf_string
    onenet.o(i.OneNET_RegisterDevice) refers to malloc.o(i.malloc) for malloc
    onenet.o(i.OneNET_RegisterDevice) refers to systick.o(i.delay_ms) for delay_ms
    onenet.o(i.OneNET_RegisterDevice) refers to esp8266.o(i.ESP8266_SendCmd) for ESP8266_SendCmd
    onenet.o(i.OneNET_RegisterDevice) refers to onenet.o(i.OneNET_Authorization) for OneNET_Authorization
    onenet.o(i.OneNET_RegisterDevice) refers to printfa.o(i.__0snprintf) for __2snprintf
    onenet.o(i.OneNET_RegisterDevice) refers to strlen.o(.text) for strlen
    onenet.o(i.OneNET_RegisterDevice) refers to esp8266.o(i.ESP8266_SendData) for ESP8266_SendData
    onenet.o(i.OneNET_RegisterDevice) refers to esp8266.o(i.ESP8266_GetIPD) for ESP8266_GetIPD
    onenet.o(i.OneNET_RegisterDevice) refers to strstr.o(.text) for strstr
    onenet.o(i.OneNET_RegisterDevice) refers to __0sscanf.o(.text) for __0sscanf
    onenet.o(i.OneNET_RegisterDevice) refers to usart.o(i.UsartPrintf) for UsartPrintf
    onenet.o(i.OneNET_RegisterDevice) refers to malloc.o(i.free) for free
    onenet.o(i.OneNET_RegisterDevice) refers to onenet.o(.conststring) for .conststring
    onenet.o(i.OneNET_RegisterDevice) refers to onenet.o(.bss) for key
    onenet.o(i.OneNET_Subscribe) refers to printfa.o(i.__0snprintf) for __2snprintf
    onenet.o(i.OneNET_Subscribe) refers to usart.o(i.UsartPrintf) for UsartPrintf
    onenet.o(i.OneNET_Subscribe) refers to mqttkit.o(i.MQTT_PacketSubscribe) for MQTT_PacketSubscribe
    onenet.o(i.OneNET_Subscribe) refers to esp8266.o(i.ESP8266_SendData) for ESP8266_SendData
    onenet.o(i.OneNET_Subscribe) refers to mqttkit.o(i.MQTT_DeleteBuffer) for MQTT_DeleteBuffer
    onenet.o(i.OneNet_DevLink) refers to onenet.o(i.OneNET_Authorization) for OneNET_Authorization
    onenet.o(i.OneNet_DevLink) refers to usart.o(i.UsartPrintf) for UsartPrintf
    onenet.o(i.OneNet_DevLink) refers to mqttkit.o(i.MQTT_PacketConnect) for MQTT_PacketConnect
    onenet.o(i.OneNet_DevLink) refers to esp8266.o(i.ESP8266_SendData) for ESP8266_SendData
    onenet.o(i.OneNet_DevLink) refers to esp8266.o(i.ESP8266_GetIPD) for ESP8266_GetIPD
    onenet.o(i.OneNet_DevLink) refers to mqttkit.o(i.MQTT_UnPacketRecv) for MQTT_UnPacketRecv
    onenet.o(i.OneNet_DevLink) refers to mqttkit.o(i.MQTT_UnPacketConnectAck) for MQTT_UnPacketConnectAck
    onenet.o(i.OneNet_DevLink) refers to mqttkit.o(i.MQTT_DeleteBuffer) for MQTT_DeleteBuffer
    onenet.o(i.OneNet_FillBuf) refers to memseta.o(.text) for __aeabi_memclr4
    onenet.o(i.OneNet_FillBuf) refers to strcpy.o(.text) for strcpy
    onenet.o(i.OneNet_FillBuf) refers to printfa.o(i.__0sprintf) for __2sprintf
    onenet.o(i.OneNet_FillBuf) refers to strcat.o(.text) for strcat
    onenet.o(i.OneNet_FillBuf) refers to strlen.o(.text) for strlen
    onenet.o(i.OneNet_FillBuf) refers to main.o(.data) for humi
    onenet.o(i.OneNet_FillBuf) refers to led.o(.data) for led_info
    onenet.o(i.OneNet_FillBuf) refers to beep.o(.data) for beep_info
    onenet.o(i.OneNet_RevPro) refers to mqttkit.o(i.MQTT_UnPacketRecv) for MQTT_UnPacketRecv
    onenet.o(i.OneNet_RevPro) refers to mqttkit.o(i.MQTT_UnPacketPublish) for MQTT_UnPacketPublish
    onenet.o(i.OneNet_RevPro) refers to usart.o(i.UsartPrintf) for UsartPrintf
    onenet.o(i.OneNet_RevPro) refers to cjson.o(i.cJSON_Parse) for cJSON_Parse
    onenet.o(i.OneNet_RevPro) refers to cjson.o(i.cJSON_GetObjectItem) for cJSON_GetObjectItem
    onenet.o(i.OneNet_RevPro) refers to led.o(i.Led_Set) for Led_Set
    onenet.o(i.OneNet_RevPro) refers to beep.o(i.Beep_Set) for Beep_Set
    onenet.o(i.OneNet_RevPro) refers to cjson.o(i.cJSON_Delete) for cJSON_Delete
    onenet.o(i.OneNet_RevPro) refers to mqttkit.o(i.MQTT_UnPacketPublishAck) for MQTT_UnPacketPublishAck
    onenet.o(i.OneNet_RevPro) refers to mqttkit.o(i.MQTT_UnPacketSubscribe) for MQTT_UnPacketSubscribe
    onenet.o(i.OneNet_RevPro) refers to esp8266.o(i.ESP8266_Clear) for ESP8266_Clear
    onenet.o(i.OneNet_RevPro) refers to malloc.o(i.free) for free
    onenet.o(i.OneNet_RevPro) refers to onenet.o(.data) for pkt_id
    onenet.o(i.OneNet_SendData) refers to memseta.o(.text) for __aeabi_memclr4
    onenet.o(i.OneNet_SendData) refers to onenet.o(i.OneNet_FillBuf) for OneNet_FillBuf
    onenet.o(i.OneNet_SendData) refers to mqttkit.o(i.MQTT_PacketSaveData) for MQTT_PacketSaveData
    onenet.o(i.OneNet_SendData) refers to esp8266.o(i.ESP8266_SendData) for ESP8266_SendData
    onenet.o(i.OneNet_SendData) refers to mqttkit.o(i.MQTT_DeleteBuffer) for MQTT_DeleteBuffer
    onenet.o(i.OneNet_SendData) refers to usart.o(i.UsartPrintf) for UsartPrintf
    hmac_sha1.o(i.hmac_sha1) refers to hmac_sha1.o(i.sha1) for sha1
    hmac_sha1.o(i.sha1) refers to hmac_sha1.o(i.rotl) for rotl
    hmac_sha1.o(i.sha1) refers to hmac_sha1.o(i.ft) for ft
    hmac_sha1.o(i.sha1) refers to hmac_sha1.o(i.k) for k
    base64.o(i.BASE64_Decode) refers to base64.o(.constdata) for base64_dec_map
    base64.o(i.BASE64_Encode) refers to base64.o(.constdata) for base64_enc_map
    mqttkit.o(i.MQTT_DeleteBuffer) refers to malloc.o(i.free) for free
    mqttkit.o(i.MQTT_NewBuffer) refers to malloc.o(i.malloc) for malloc
    mqttkit.o(i.MQTT_PacketCmdResp) refers to strlen.o(.text) for strlen
    mqttkit.o(i.MQTT_PacketCmdResp) refers to malloc.o(i.malloc) for malloc
    mqttkit.o(i.MQTT_PacketCmdResp) refers to memseta.o(.text) for __aeabi_memclr
    mqttkit.o(i.MQTT_PacketCmdResp) refers to strncat.o(.text) for strncat
    mqttkit.o(i.MQTT_PacketCmdResp) refers to mqttkit.o(i.MQTT_PacketPublish) for MQTT_PacketPublish
    mqttkit.o(i.MQTT_PacketCmdResp) refers to malloc.o(i.free) for free
    mqttkit.o(i.MQTT_PacketConnect) refers to strlen.o(.text) for strlen
    mqttkit.o(i.MQTT_PacketConnect) refers to mqttkit.o(i.MQTT_NewBuffer) for MQTT_NewBuffer
    mqttkit.o(i.MQTT_PacketConnect) refers to memseta.o(.text) for __aeabi_memclr
    mqttkit.o(i.MQTT_PacketConnect) refers to mqttkit.o(i.MQTT_DumpLength) for MQTT_DumpLength
    mqttkit.o(i.MQTT_PacketConnect) refers to mqttkit.o(i.MQTT_DeleteBuffer) for MQTT_DeleteBuffer
    mqttkit.o(i.MQTT_PacketConnect) refers to strncat.o(.text) for strncat
    mqttkit.o(i.MQTT_PacketDisConnect) refers to mqttkit.o(i.MQTT_NewBuffer) for MQTT_NewBuffer
    mqttkit.o(i.MQTT_PacketPing) refers to mqttkit.o(i.MQTT_NewBuffer) for MQTT_NewBuffer
    mqttkit.o(i.MQTT_PacketPublish) refers to mqttkit.o(i.MQTT_NewBuffer) for MQTT_NewBuffer
    mqttkit.o(i.MQTT_PacketPublish) refers to memseta.o(.text) for __aeabi_memclr
    mqttkit.o(i.MQTT_PacketPublish) refers to mqttkit.o(i.MQTT_DumpLength) for MQTT_DumpLength
    mqttkit.o(i.MQTT_PacketPublish) refers to mqttkit.o(i.MQTT_DeleteBuffer) for MQTT_DeleteBuffer
    mqttkit.o(i.MQTT_PacketPublish) refers to strncat.o(.text) for strncat
    mqttkit.o(i.MQTT_PacketPublish) refers to memcpya.o(.text) for __aeabi_memcpy
    mqttkit.o(i.MQTT_PacketPublishAck) refers to mqttkit.o(i.MQTT_NewBuffer) for MQTT_NewBuffer
    mqttkit.o(i.MQTT_PacketPublishComp) refers to mqttkit.o(i.MQTT_NewBuffer) for MQTT_NewBuffer
    mqttkit.o(i.MQTT_PacketPublishRec) refers to mqttkit.o(i.MQTT_NewBuffer) for MQTT_NewBuffer
    mqttkit.o(i.MQTT_PacketPublishRel) refers to mqttkit.o(i.MQTT_NewBuffer) for MQTT_NewBuffer
    mqttkit.o(i.MQTT_PacketSaveBinData) refers to strlen.o(.text) for strlen
    mqttkit.o(i.MQTT_PacketSaveBinData) refers to malloc.o(i.malloc) for malloc
    mqttkit.o(i.MQTT_PacketSaveBinData) refers to printfa.o(i.__0sprintf) for __2sprintf
    mqttkit.o(i.MQTT_PacketSaveBinData) refers to malloc.o(i.free) for free
    mqttkit.o(i.MQTT_PacketSaveBinData) refers to memcpya.o(.text) for __aeabi_memcpy
    mqttkit.o(i.MQTT_PacketSaveBinData) refers to mqttkit.o(i.MQTT_PacketPublish) for MQTT_PacketPublish
    mqttkit.o(i.MQTT_PacketSaveData) refers to printfa.o(i.__0snprintf) for __2snprintf
    mqttkit.o(i.MQTT_PacketSaveData) refers to mqttkit.o(i.MQTT_PacketPublish) for MQTT_PacketPublish
    mqttkit.o(i.MQTT_PacketSubscribe) refers to strlen.o(.text) for strlen
    mqttkit.o(i.MQTT_PacketSubscribe) refers to mqttkit.o(i.MQTT_NewBuffer) for MQTT_NewBuffer
    mqttkit.o(i.MQTT_PacketSubscribe) refers to mqttkit.o(i.MQTT_DumpLength) for MQTT_DumpLength
    mqttkit.o(i.MQTT_PacketSubscribe) refers to mqttkit.o(i.MQTT_DeleteBuffer) for MQTT_DeleteBuffer
    mqttkit.o(i.MQTT_PacketSubscribe) refers to strncat.o(.text) for strncat
    mqttkit.o(i.MQTT_PacketUnSubscribe) refers to strlen.o(.text) for strlen
    mqttkit.o(i.MQTT_PacketUnSubscribe) refers to mqttkit.o(i.MQTT_NewBuffer) for MQTT_NewBuffer
    mqttkit.o(i.MQTT_PacketUnSubscribe) refers to mqttkit.o(i.MQTT_DumpLength) for MQTT_DumpLength
    mqttkit.o(i.MQTT_PacketUnSubscribe) refers to mqttkit.o(i.MQTT_DeleteBuffer) for MQTT_DeleteBuffer
    mqttkit.o(i.MQTT_PacketUnSubscribe) refers to strncat.o(.text) for strncat
    mqttkit.o(i.MQTT_UnPacketCmd) refers to strchr.o(.text) for strchr
    mqttkit.o(i.MQTT_UnPacketCmd) refers to mqttkit.o(i.MQTT_ReadLength) for MQTT_ReadLength
    mqttkit.o(i.MQTT_UnPacketCmd) refers to malloc.o(i.malloc) for malloc
    mqttkit.o(i.MQTT_UnPacketCmd) refers to memseta.o(.text) for __aeabi_memclr
    mqttkit.o(i.MQTT_UnPacketCmd) refers to memcpya.o(.text) for __aeabi_memcpy
    mqttkit.o(i.MQTT_UnPacketCmd) refers to malloc.o(i.free) for free
    mqttkit.o(i.MQTT_UnPacketPublish) refers to mqttkit.o(i.MQTT_ReadLength) for MQTT_ReadLength
    mqttkit.o(i.MQTT_UnPacketPublish) refers to strstr.o(.text) for strstr
    mqttkit.o(i.MQTT_UnPacketPublish) refers to malloc.o(i.malloc) for malloc
    mqttkit.o(i.MQTT_UnPacketPublish) refers to memseta.o(.text) for __aeabi_memclr
    mqttkit.o(i.MQTT_UnPacketPublish) refers to memcpya.o(.text) for __aeabi_memcpy
    mqttkit.o(i.MQTT_UnPacketPublish) refers to malloc.o(i.free) for free
    mqttkit.o(i.MQTT_UnPacketPublish) refers to strchr.o(.text) for strchr
    mqttkit.o(i.MQTT_UnPacketRecv) refers to mqttkit.o(i.MQTT_ReadLength) for MQTT_ReadLength
    mqttkit.o(i.MQTT_UnPacketRecv) refers to strstr.o(.text) for strstr
    esp8266.o(i.ESP8266_Clear) refers to memseta.o(.text) for __aeabi_memclr
    esp8266.o(i.ESP8266_Clear) refers to esp8266.o(.bss) for esp8266_buf
    esp8266.o(i.ESP8266_Clear) refers to esp8266.o(.data) for esp8266_cnt
    esp8266.o(i.ESP8266_GetIPD) refers to esp8266.o(i.ESP8266_WaitRecive) for ESP8266_WaitRecive
    esp8266.o(i.ESP8266_GetIPD) refers to strstr.o(.text) for strstr
    esp8266.o(i.ESP8266_GetIPD) refers to strchr.o(.text) for strchr
    esp8266.o(i.ESP8266_GetIPD) refers to systick.o(i.delay_ms) for delay_ms
    esp8266.o(i.ESP8266_GetIPD) refers to esp8266.o(.bss) for esp8266_buf
    esp8266.o(i.ESP8266_Init) refers to esp8266.o(i.ESP8266_Clear) for ESP8266_Clear
    esp8266.o(i.ESP8266_Init) refers to usart.o(i.UsartPrintf) for UsartPrintf
    esp8266.o(i.ESP8266_Init) refers to systick.o(i.delay_ms) for delay_ms
    esp8266.o(i.ESP8266_Init) refers to esp8266.o(i.ESP8266_SendCmd) for ESP8266_SendCmd
    esp8266.o(i.ESP8266_SendCmd) refers to strlen.o(.text) for strlen
    esp8266.o(i.ESP8266_SendCmd) refers to usart.o(i.Usart_SendString) for Usart_SendString
    esp8266.o(i.ESP8266_SendCmd) refers to esp8266.o(i.ESP8266_WaitRecive) for ESP8266_WaitRecive
    esp8266.o(i.ESP8266_SendCmd) refers to strstr.o(.text) for strstr
    esp8266.o(i.ESP8266_SendCmd) refers to esp8266.o(i.ESP8266_Clear) for ESP8266_Clear
    esp8266.o(i.ESP8266_SendCmd) refers to systick.o(i.delay_ms) for delay_ms
    esp8266.o(i.ESP8266_SendCmd) refers to esp8266.o(.bss) for esp8266_buf
    esp8266.o(i.ESP8266_SendData) refers to esp8266.o(i.ESP8266_Clear) for ESP8266_Clear
    esp8266.o(i.ESP8266_SendData) refers to printfa.o(i.__0sprintf) for __2sprintf
    esp8266.o(i.ESP8266_SendData) refers to esp8266.o(i.ESP8266_SendCmd) for ESP8266_SendCmd
    esp8266.o(i.ESP8266_SendData) refers to usart.o(i.Usart_SendString) for Usart_SendString
    esp8266.o(i.ESP8266_WaitRecive) refers to esp8266.o(.data) for esp8266_cnt
    esp8266.o(i.USART3_IRQHandler) refers to stm32f10x_usart.o(i.USART_GetITStatus) for USART_GetITStatus
    esp8266.o(i.USART3_IRQHandler) refers to stm32f10x_usart.o(i.USART_ClearFlag) for USART_ClearFlag
    esp8266.o(i.USART3_IRQHandler) refers to esp8266.o(.data) for esp8266_cnt
    esp8266.o(i.USART3_IRQHandler) refers to esp8266.o(.bss) for esp8266_buf
    cjson.o(i.cJSON_AddItemReferenceToArray) refers to cjson.o(i.create_reference) for create_reference
    cjson.o(i.cJSON_AddItemReferenceToArray) refers to cjson.o(i.cJSON_AddItemToArray) for cJSON_AddItemToArray
    cjson.o(i.cJSON_AddItemReferenceToObject) refers to cjson.o(i.create_reference) for create_reference
    cjson.o(i.cJSON_AddItemReferenceToObject) refers to cjson.o(i.cJSON_AddItemToObject) for cJSON_AddItemToObject
    cjson.o(i.cJSON_AddItemToArray) refers to cjson.o(i.suffix_object) for suffix_object
    cjson.o(i.cJSON_AddItemToObject) refers to cjson.o(i.cJSON_strdup) for cJSON_strdup
    cjson.o(i.cJSON_AddItemToObject) refers to cjson.o(i.cJSON_AddItemToArray) for cJSON_AddItemToArray
    cjson.o(i.cJSON_AddItemToObject) refers to cjson.o(.data) for cJSON_free
    cjson.o(i.cJSON_AddItemToObjectCS) refers to cjson.o(i.cJSON_AddItemToArray) for cJSON_AddItemToArray
    cjson.o(i.cJSON_AddItemToObjectCS) refers to cjson.o(.data) for cJSON_free
    cjson.o(i.cJSON_CreateArray) refers to cjson.o(i.cJSON_New_Item) for cJSON_New_Item
    cjson.o(i.cJSON_CreateBool) refers to cjson.o(i.cJSON_New_Item) for cJSON_New_Item
    cjson.o(i.cJSON_CreateDoubleArray) refers to cjson.o(i.cJSON_CreateArray) for cJSON_CreateArray
    cjson.o(i.cJSON_CreateDoubleArray) refers to cjson.o(i.cJSON_CreateNumber) for cJSON_CreateNumber
    cjson.o(i.cJSON_CreateDoubleArray) refers to cjson.o(i.suffix_object) for suffix_object
    cjson.o(i.cJSON_CreateFalse) refers to cjson.o(i.cJSON_New_Item) for cJSON_New_Item
    cjson.o(i.cJSON_CreateFloatArray) refers to cjson.o(i.cJSON_CreateArray) for cJSON_CreateArray
    cjson.o(i.cJSON_CreateFloatArray) refers to f2d.o(.text) for __aeabi_f2d
    cjson.o(i.cJSON_CreateFloatArray) refers to cjson.o(i.cJSON_CreateNumber) for cJSON_CreateNumber
    cjson.o(i.cJSON_CreateFloatArray) refers to cjson.o(i.suffix_object) for suffix_object
    cjson.o(i.cJSON_CreateIntArray) refers to cjson.o(i.cJSON_CreateArray) for cJSON_CreateArray
    cjson.o(i.cJSON_CreateIntArray) refers to dflti.o(.text) for __aeabi_i2d
    cjson.o(i.cJSON_CreateIntArray) refers to cjson.o(i.cJSON_CreateNumber) for cJSON_CreateNumber
    cjson.o(i.cJSON_CreateIntArray) refers to cjson.o(i.suffix_object) for suffix_object
    cjson.o(i.cJSON_CreateNull) refers to cjson.o(i.cJSON_New_Item) for cJSON_New_Item
    cjson.o(i.cJSON_CreateNumber) refers to cjson.o(i.cJSON_New_Item) for cJSON_New_Item
    cjson.o(i.cJSON_CreateNumber) refers to dfixi.o(.text) for __aeabi_d2iz
    cjson.o(i.cJSON_CreateObject) refers to cjson.o(i.cJSON_New_Item) for cJSON_New_Item
    cjson.o(i.cJSON_CreateString) refers to cjson.o(i.cJSON_New_Item) for cJSON_New_Item
    cjson.o(i.cJSON_CreateString) refers to cjson.o(i.cJSON_strdup) for cJSON_strdup
    cjson.o(i.cJSON_CreateStringArray) refers to cjson.o(i.cJSON_CreateArray) for cJSON_CreateArray
    cjson.o(i.cJSON_CreateStringArray) refers to cjson.o(i.cJSON_CreateString) for cJSON_CreateString
    cjson.o(i.cJSON_CreateStringArray) refers to cjson.o(i.suffix_object) for suffix_object
    cjson.o(i.cJSON_CreateTrue) refers to cjson.o(i.cJSON_New_Item) for cJSON_New_Item
    cjson.o(i.cJSON_Delete) refers to cjson.o(.data) for cJSON_free
    cjson.o(i.cJSON_DeleteItemFromArray) refers to cjson.o(i.cJSON_DetachItemFromArray) for cJSON_DetachItemFromArray
    cjson.o(i.cJSON_DeleteItemFromArray) refers to cjson.o(i.cJSON_Delete) for cJSON_Delete
    cjson.o(i.cJSON_DeleteItemFromObject) refers to cjson.o(i.cJSON_DetachItemFromObject) for cJSON_DetachItemFromObject
    cjson.o(i.cJSON_DeleteItemFromObject) refers to cjson.o(i.cJSON_Delete) for cJSON_Delete
    cjson.o(i.cJSON_DetachItemFromObject) refers to cjson.o(i.cJSON_strcasecmp) for cJSON_strcasecmp
    cjson.o(i.cJSON_DetachItemFromObject) refers to cjson.o(i.cJSON_DetachItemFromArray) for cJSON_DetachItemFromArray
    cjson.o(i.cJSON_Duplicate) refers to cjson.o(i.cJSON_New_Item) for cJSON_New_Item
    cjson.o(i.cJSON_Duplicate) refers to cjson.o(i.cJSON_strdup) for cJSON_strdup
    cjson.o(i.cJSON_Duplicate) refers to cjson.o(i.cJSON_Delete) for cJSON_Delete
    cjson.o(i.cJSON_GetErrorPtr) refers to cjson.o(.data) for ep
    cjson.o(i.cJSON_GetObjectItem) refers to cjson.o(i.cJSON_strcasecmp) for cJSON_strcasecmp
    cjson.o(i.cJSON_InitHooks) refers to malloc.o(i.malloc) for malloc
    cjson.o(i.cJSON_InitHooks) refers to cjson.o(.data) for cJSON_malloc
    cjson.o(i.cJSON_InitHooks) refers to malloc.o(i.free) for free
    cjson.o(i.cJSON_InsertItemInArray) refers to cjson.o(i.cJSON_AddItemToArray) for cJSON_AddItemToArray
    cjson.o(i.cJSON_New_Item) refers to memseta.o(.text) for __aeabi_memclr4
    cjson.o(i.cJSON_New_Item) refers to cjson.o(.data) for cJSON_malloc
    cjson.o(i.cJSON_Parse) refers to cjson.o(i.cJSON_ParseWithOpts) for cJSON_ParseWithOpts
    cjson.o(i.cJSON_ParseWithOpts) refers to cjson.o(i.cJSON_New_Item) for cJSON_New_Item
    cjson.o(i.cJSON_ParseWithOpts) refers to cjson.o(i.skip) for skip
    cjson.o(i.cJSON_ParseWithOpts) refers to cjson.o(i.parse_value) for parse_value
    cjson.o(i.cJSON_ParseWithOpts) refers to cjson.o(i.cJSON_Delete) for cJSON_Delete
    cjson.o(i.cJSON_ParseWithOpts) refers to cjson.o(.data) for ep
    cjson.o(i.cJSON_Print) refers to cjson.o(i.print_value) for print_value
    cjson.o(i.cJSON_PrintBuffered) refers to cjson.o(i.print_value) for print_value
    cjson.o(i.cJSON_PrintBuffered) refers to cjson.o(.data) for cJSON_malloc
    cjson.o(i.cJSON_PrintUnformatted) refers to cjson.o(i.print_value) for print_value
    cjson.o(i.cJSON_ReplaceItemInArray) refers to cjson.o(i.cJSON_Delete) for cJSON_Delete
    cjson.o(i.cJSON_ReplaceItemInObject) refers to cjson.o(i.cJSON_strcasecmp) for cJSON_strcasecmp
    cjson.o(i.cJSON_ReplaceItemInObject) refers to cjson.o(i.cJSON_strdup) for cJSON_strdup
    cjson.o(i.cJSON_ReplaceItemInObject) refers to cjson.o(i.cJSON_ReplaceItemInArray) for cJSON_ReplaceItemInArray
    cjson.o(i.cJSON_strcasecmp) refers to tolower.o(.text) for tolower
    cjson.o(i.cJSON_strdup) refers to strlen.o(.text) for strlen
    cjson.o(i.cJSON_strdup) refers to memcpya.o(.text) for __aeabi_memcpy
    cjson.o(i.cJSON_strdup) refers to cjson.o(.data) for cJSON_malloc
    cjson.o(i.create_reference) refers to cjson.o(i.cJSON_New_Item) for cJSON_New_Item
    cjson.o(i.create_reference) refers to memcpya.o(.text) for __aeabi_memcpy4
    cjson.o(i.ensure) refers to cjson.o(i.pow2gt) for pow2gt
    cjson.o(i.ensure) refers to memcpya.o(.text) for __aeabi_memcpy
    cjson.o(i.ensure) refers to cjson.o(.data) for cJSON_malloc
    cjson.o(i.parse_array) refers to cjson.o(i.skip) for skip
    cjson.o(i.parse_array) refers to cjson.o(i.cJSON_New_Item) for cJSON_New_Item
    cjson.o(i.parse_array) refers to cjson.o(i.parse_value) for parse_value
    cjson.o(i.parse_array) refers to cjson.o(.data) for ep
    cjson.o(i.parse_number) refers to dflti.o(.text) for __aeabi_i2d
    cjson.o(i.parse_number) refers to dmul.o(.text) for __aeabi_dmul
    cjson.o(i.parse_number) refers to dadd.o(.text) for __aeabi_dadd
    cjson.o(i.parse_number) refers to pow.o(i.pow) for pow
    cjson.o(i.parse_number) refers to dfixi.o(.text) for __aeabi_d2iz
    cjson.o(i.parse_object) refers to cjson.o(i.skip) for skip
    cjson.o(i.parse_object) refers to cjson.o(i.cJSON_New_Item) for cJSON_New_Item
    cjson.o(i.parse_object) refers to cjson.o(i.parse_string) for parse_string
    cjson.o(i.parse_object) refers to cjson.o(i.parse_value) for parse_value
    cjson.o(i.parse_object) refers to cjson.o(.data) for ep
    cjson.o(i.parse_string) refers to cjson.o(i.parse_hex4) for parse_hex4
    cjson.o(i.parse_string) refers to cjson.o(.data) for ep
    cjson.o(i.parse_string) refers to cjson.o(.constdata) for firstByteMark
    cjson.o(i.parse_value) refers to strncmp.o(.text) for strncmp
    cjson.o(i.parse_value) refers to cjson.o(i.parse_string) for parse_string
    cjson.o(i.parse_value) refers to cjson.o(i.parse_number) for parse_number
    cjson.o(i.parse_value) refers to cjson.o(i.parse_array) for parse_array
    cjson.o(i.parse_value) refers to cjson.o(i.parse_object) for parse_object
    cjson.o(i.parse_value) refers to cjson.o(.data) for ep
    cjson.o(i.print_array) refers to cjson.o(i.ensure) for ensure
    cjson.o(i.print_array) refers to strcpy.o(.text) for strcpy
    cjson.o(i.print_array) refers to cjson.o(i.print_value) for print_value
    cjson.o(i.print_array) refers to cjson.o(i.update) for update
    cjson.o(i.print_array) refers to memseta.o(.text) for __aeabi_memclr4
    cjson.o(i.print_array) refers to strlen.o(.text) for strlen
    cjson.o(i.print_array) refers to memcpya.o(.text) for __aeabi_memcpy
    cjson.o(i.print_array) refers to cjson.o(.data) for cJSON_malloc
    cjson.o(i.print_number) refers to cdcmple.o(.text) for __aeabi_cdcmpeq
    cjson.o(i.print_number) refers to cjson.o(i.ensure) for ensure
    cjson.o(i.print_number) refers to dflti.o(.text) for __aeabi_i2d
    cjson.o(i.print_number) refers to dadd.o(.text) for __aeabi_dsub
    cjson.o(i.print_number) refers to cdrcmple.o(.text) for __aeabi_cdrcmple
    cjson.o(i.print_number) refers to printfa.o(i.__0sprintf) for __2sprintf
    cjson.o(i.print_number) refers to floor.o(i.floor) for floor
    cjson.o(i.print_number) refers to cjson.o(.data) for cJSON_malloc
    cjson.o(i.print_object) refers to cjson.o(i.ensure) for ensure
    cjson.o(i.print_object) refers to cjson.o(i.print_string_ptr) for print_string_ptr
    cjson.o(i.print_object) refers to cjson.o(i.update) for update
    cjson.o(i.print_object) refers to cjson.o(i.print_value) for print_value
    cjson.o(i.print_object) refers to memseta.o(.text) for __aeabi_memclr4
    cjson.o(i.print_object) refers to strlen.o(.text) for strlen
    cjson.o(i.print_object) refers to memcpya.o(.text) for __aeabi_memcpy
    cjson.o(i.print_object) refers to strcpy.o(.text) for strcpy
    cjson.o(i.print_object) refers to cjson.o(.data) for cJSON_malloc
    cjson.o(i.print_string) refers to cjson.o(i.print_string_ptr) for print_string_ptr
    cjson.o(i.print_string_ptr) refers to cjson.o(i.ensure) for ensure
    cjson.o(i.print_string_ptr) refers to strcpy.o(.text) for strcpy
    cjson.o(i.print_string_ptr) refers to strchr.o(.text) for strchr
    cjson.o(i.print_string_ptr) refers to printfa.o(i.__0sprintf) for __2sprintf
    cjson.o(i.print_string_ptr) refers to cjson.o(.data) for cJSON_malloc
    cjson.o(i.print_value) refers to cjson.o(i.ensure) for ensure
    cjson.o(i.print_value) refers to strcpy.o(.text) for strcpy
    cjson.o(i.print_value) refers to cjson.o(i.print_number) for print_number
    cjson.o(i.print_value) refers to cjson.o(i.print_string) for print_string
    cjson.o(i.print_value) refers to cjson.o(i.print_array) for print_array
    cjson.o(i.print_value) refers to cjson.o(i.print_object) for print_object
    cjson.o(i.print_value) refers to cjson.o(i.cJSON_strdup) for cJSON_strdup
    cjson.o(i.update) refers to strlen.o(.text) for strlen
    cjson.o(.data) refers to malloc.o(i.malloc) for malloc
    cjson.o(.data) refers to malloc.o(i.free) for free
    floor.o(i.__softfp_floor) refers (Special) to iusefp.o(.text) for __I$use$fp
    floor.o(i.__softfp_floor) refers to floor.o(i.floor) for floor
    floor.o(i.floor) refers (Special) to iusefp.o(.text) for __I$use$fp
    floor.o(i.floor) refers to dadd.o(.text) for __aeabi_dadd
    floor.o(i.floor) refers to cdrcmple.o(.text) for __aeabi_cdrcmple
    pow.o(i.__softfp_pow) refers (Special) to iusefp.o(.text) for __I$use$fp
    pow.o(i.__softfp_pow) refers to pow.o(i.pow) for pow
    pow.o(i.pow) refers (Special) to iusefp.o(.text) for __I$use$fp
    pow.o(i.pow) refers to dunder.o(i.__mathlib_dbl_infnan2) for __mathlib_dbl_infnan2
    pow.o(i.pow) refers to errno.o(i.__set_errno) for __set_errno
    pow.o(i.pow) refers to dunder.o(i.__mathlib_dbl_divzero) for __mathlib_dbl_divzero
    pow.o(i.pow) refers to ddiv.o(.text) for __aeabi_ddiv
    pow.o(i.pow) refers to sqrt.o(i.sqrt) for sqrt
    pow.o(i.pow) refers to dmul.o(.text) for __aeabi_dmul
    pow.o(i.pow) refers to dflti.o(.text) for __aeabi_i2d
    pow.o(i.pow) refers to dunder.o(i.__mathlib_dbl_invalid) for __mathlib_dbl_invalid
    pow.o(i.pow) refers to dunder.o(i.__mathlib_dbl_overflow) for __mathlib_dbl_overflow
    pow.o(i.pow) refers to dunder.o(i.__mathlib_dbl_underflow) for __mathlib_dbl_underflow
    pow.o(i.pow) refers to dadd.o(.text) for __aeabi_dsub
    pow.o(i.pow) refers to dscalb.o(.text) for __ARM_scalbn
    pow.o(i.pow) refers to qnan.o(.constdata) for __mathlib_zero
    pow.o(i.pow) refers to poly.o(i.__kernel_poly) for __kernel_poly
    pow.o(i.pow) refers to cdrcmple.o(.text) for __aeabi_cdrcmple
    pow.o(i.pow) refers to pow.o(.constdata) for .constdata
    pow.o(i.pow) refers to fpclassify.o(i.__ARM_fpclassify) for __ARM_fpclassify
    pow.o(.constdata) refers (Special) to iusefp.o(.text) for __I$use$fp
    pow_x.o(i.____softfp_pow$lsc) refers (Special) to iusefp.o(.text) for __I$use$fp
    pow_x.o(i.____softfp_pow$lsc) refers to pow_x.o(i.__pow$lsc) for __pow$lsc
    pow_x.o(i.__pow$lsc) refers (Special) to iusefp.o(.text) for __I$use$fp
    pow_x.o(i.__pow$lsc) refers to dunder.o(i.__mathlib_dbl_infnan2) for __mathlib_dbl_infnan2
    pow_x.o(i.__pow$lsc) refers to errno.o(i.__set_errno) for __set_errno
    pow_x.o(i.__pow$lsc) refers to ddiv.o(.text) for __aeabi_ddiv
    pow_x.o(i.__pow$lsc) refers to sqrt.o(i.sqrt) for sqrt
    pow_x.o(i.__pow$lsc) refers to dmul.o(.text) for __aeabi_dmul
    pow_x.o(i.__pow$lsc) refers to dflti.o(.text) for __aeabi_i2d
    pow_x.o(i.__pow$lsc) refers to dadd.o(.text) for __aeabi_dsub
    pow_x.o(i.__pow$lsc) refers to dscalb.o(.text) for __ARM_scalbn
    pow_x.o(i.__pow$lsc) refers to qnan.o(.constdata) for __mathlib_zero
    pow_x.o(i.__pow$lsc) refers to poly.o(i.__kernel_poly) for __kernel_poly
    pow_x.o(i.__pow$lsc) refers to cdrcmple.o(.text) for __aeabi_cdrcmple
    pow_x.o(i.__pow$lsc) refers to pow_x.o(.constdata) for .constdata
    pow_x.o(.constdata) refers (Special) to iusefp.o(.text) for __I$use$fp
    entry.o(.ARM.Collect$$$$00000000) refers (Special) to entry10a.o(.ARM.Collect$$$$0000000D) for __rt_final_cpp
    entry.o(.ARM.Collect$$$$00000000) refers (Special) to entry11a.o(.ARM.Collect$$$$0000000F) for __rt_final_exit
    entry.o(.ARM.Collect$$$$00000000) refers (Special) to entry7b.o(.ARM.Collect$$$$00000008) for _main_clock
    entry.o(.ARM.Collect$$$$00000000) refers (Special) to entry8b.o(.ARM.Collect$$$$0000000A) for _main_cpp_init
    entry.o(.ARM.Collect$$$$00000000) refers (Special) to entry9a.o(.ARM.Collect$$$$0000000B) for _main_init
    entry.o(.ARM.Collect$$$$00000000) refers (Special) to entry5.o(.ARM.Collect$$$$00000004) for _main_scatterload
    entry.o(.ARM.Collect$$$$00000000) refers (Special) to entry2.o(.ARM.Collect$$$$00000001) for _main_stk
    printfb.o(i.__0fprintf$bare) refers to printfb.o(i._printf_core) for _printf_core
    printfb.o(i.__0fprintf$bare) refers to usart.o(i.fputc) for fputc
    printfb.o(i.__0printf$bare) refers to printfb.o(i._printf_core) for _printf_core
    printfb.o(i.__0printf$bare) refers to usart.o(i.fputc) for fputc
    printfb.o(i.__0printf$bare) refers to stdout.o(.data) for __stdout
    printfb.o(i.__0snprintf$bare) refers to printfb.o(i._printf_core) for _printf_core
    printfb.o(i.__0snprintf$bare) refers to printfb.o(i._snputc) for _snputc
    printfb.o(i.__0sprintf$bare) refers to printfb.o(i._printf_core) for _printf_core
    printfb.o(i.__0sprintf$bare) refers to printfb.o(i._sputc) for _sputc
    printfb.o(i.__0vfprintf$bare) refers to printfb.o(i._printf_core) for _printf_core
    printfb.o(i.__0vfprintf$bare) refers to usart.o(i.fputc) for fputc
    printfb.o(i.__0vprintf$bare) refers to printfb.o(i._printf_core) for _printf_core
    printfb.o(i.__0vprintf$bare) refers to usart.o(i.fputc) for fputc
    printfb.o(i.__0vprintf$bare) refers to stdout.o(.data) for __stdout
    printfb.o(i.__0vsnprintf$bare) refers to printfb.o(i._printf_core) for _printf_core
    printfb.o(i.__0vsnprintf$bare) refers to printfb.o(i._snputc) for _snputc
    printfb.o(i.__0vsprintf$bare) refers to printfb.o(i._printf_core) for _printf_core
    printfb.o(i.__0vsprintf$bare) refers to printfb.o(i._sputc) for _sputc
    printf0.o(i.__0fprintf$0) refers to printf0.o(i._printf_core) for _printf_core
    printf0.o(i.__0fprintf$0) refers to usart.o(i.fputc) for fputc
    printf0.o(i.__0printf$0) refers to printf0.o(i._printf_core) for _printf_core
    printf0.o(i.__0printf$0) refers to usart.o(i.fputc) for fputc
    printf0.o(i.__0printf$0) refers to stdout.o(.data) for __stdout
    printf0.o(i.__0snprintf$0) refers to printf0.o(i._printf_core) for _printf_core
    printf0.o(i.__0snprintf$0) refers to printf0.o(i._snputc) for _snputc
    printf0.o(i.__0sprintf$0) refers to printf0.o(i._printf_core) for _printf_core
    printf0.o(i.__0sprintf$0) refers to printf0.o(i._sputc) for _sputc
    printf0.o(i.__0vfprintf$0) refers to printf0.o(i._printf_core) for _printf_core
    printf0.o(i.__0vfprintf$0) refers to usart.o(i.fputc) for fputc
    printf0.o(i.__0vprintf$0) refers to printf0.o(i._printf_core) for _printf_core
    printf0.o(i.__0vprintf$0) refers to usart.o(i.fputc) for fputc
    printf0.o(i.__0vprintf$0) refers to stdout.o(.data) for __stdout
    printf0.o(i.__0vsnprintf$0) refers to printf0.o(i._printf_core) for _printf_core
    printf0.o(i.__0vsnprintf$0) refers to printf0.o(i._snputc) for _snputc
    printf0.o(i.__0vsprintf$0) refers to printf0.o(i._printf_core) for _printf_core
    printf0.o(i.__0vsprintf$0) refers to printf0.o(i._sputc) for _sputc
    printf1.o(i.__0fprintf$1) refers to printf1.o(i._printf_core) for _printf_core
    printf1.o(i.__0fprintf$1) refers to usart.o(i.fputc) for fputc
    printf1.o(i.__0printf$1) refers to printf1.o(i._printf_core) for _printf_core
    printf1.o(i.__0printf$1) refers to usart.o(i.fputc) for fputc
    printf1.o(i.__0printf$1) refers to stdout.o(.data) for __stdout
    printf1.o(i.__0snprintf$1) refers to printf1.o(i._printf_core) for _printf_core
    printf1.o(i.__0snprintf$1) refers to printf1.o(i._snputc) for _snputc
    printf1.o(i.__0sprintf$1) refers to printf1.o(i._printf_core) for _printf_core
    printf1.o(i.__0sprintf$1) refers to printf1.o(i._sputc) for _sputc
    printf1.o(i.__0vfprintf$1) refers to printf1.o(i._printf_core) for _printf_core
    printf1.o(i.__0vfprintf$1) refers to usart.o(i.fputc) for fputc
    printf1.o(i.__0vprintf$1) refers to printf1.o(i._printf_core) for _printf_core
    printf1.o(i.__0vprintf$1) refers to usart.o(i.fputc) for fputc
    printf1.o(i.__0vprintf$1) refers to stdout.o(.data) for __stdout
    printf1.o(i.__0vsnprintf$1) refers to printf1.o(i._printf_core) for _printf_core
    printf1.o(i.__0vsnprintf$1) refers to printf1.o(i._snputc) for _snputc
    printf1.o(i.__0vsprintf$1) refers to printf1.o(i._printf_core) for _printf_core
    printf1.o(i.__0vsprintf$1) refers to printf1.o(i._sputc) for _sputc
    printf1.o(i._printf_core) refers to uidiv.o(.text) for __aeabi_uidivmod
    printf2.o(i.__0fprintf$2) refers to printf2.o(i._printf_core) for _printf_core
    printf2.o(i.__0fprintf$2) refers to usart.o(i.fputc) for fputc
    printf2.o(i.__0printf$2) refers to printf2.o(i._printf_core) for _printf_core
    printf2.o(i.__0printf$2) refers to usart.o(i.fputc) for fputc
    printf2.o(i.__0printf$2) refers to stdout.o(.data) for __stdout
    printf2.o(i.__0snprintf$2) refers to printf2.o(i._printf_core) for _printf_core
    printf2.o(i.__0snprintf$2) refers to printf2.o(i._snputc) for _snputc
    printf2.o(i.__0sprintf$2) refers to printf2.o(i._printf_core) for _printf_core
    printf2.o(i.__0sprintf$2) refers to printf2.o(i._sputc) for _sputc
    printf2.o(i.__0vfprintf$2) refers to printf2.o(i._printf_core) for _printf_core
    printf2.o(i.__0vfprintf$2) refers to usart.o(i.fputc) for fputc
    printf2.o(i.__0vprintf$2) refers to printf2.o(i._printf_core) for _printf_core
    printf2.o(i.__0vprintf$2) refers to usart.o(i.fputc) for fputc
    printf2.o(i.__0vprintf$2) refers to stdout.o(.data) for __stdout
    printf2.o(i.__0vsnprintf$2) refers to printf2.o(i._printf_core) for _printf_core
    printf2.o(i.__0vsnprintf$2) refers to printf2.o(i._snputc) for _snputc
    printf2.o(i.__0vsprintf$2) refers to printf2.o(i._printf_core) for _printf_core
    printf2.o(i.__0vsprintf$2) refers to printf2.o(i._sputc) for _sputc
    printf3.o(i.__0fprintf$3) refers to printf3.o(i._printf_core) for _printf_core
    printf3.o(i.__0fprintf$3) refers to usart.o(i.fputc) for fputc
    printf3.o(i.__0printf$3) refers to printf3.o(i._printf_core) for _printf_core
    printf3.o(i.__0printf$3) refers to usart.o(i.fputc) for fputc
    printf3.o(i.__0printf$3) refers to stdout.o(.data) for __stdout
    printf3.o(i.__0snprintf$3) refers to printf3.o(i._printf_core) for _printf_core
    printf3.o(i.__0snprintf$3) refers to printf3.o(i._snputc) for _snputc
    printf3.o(i.__0sprintf$3) refers to printf3.o(i._printf_core) for _printf_core
    printf3.o(i.__0sprintf$3) refers to printf3.o(i._sputc) for _sputc
    printf3.o(i.__0vfprintf$3) refers to printf3.o(i._printf_core) for _printf_core
    printf3.o(i.__0vfprintf$3) refers to usart.o(i.fputc) for fputc
    printf3.o(i.__0vprintf$3) refers to printf3.o(i._printf_core) for _printf_core
    printf3.o(i.__0vprintf$3) refers to usart.o(i.fputc) for fputc
    printf3.o(i.__0vprintf$3) refers to stdout.o(.data) for __stdout
    printf3.o(i.__0vsnprintf$3) refers to printf3.o(i._printf_core) for _printf_core
    printf3.o(i.__0vsnprintf$3) refers to printf3.o(i._snputc) for _snputc
    printf3.o(i.__0vsprintf$3) refers to printf3.o(i._printf_core) for _printf_core
    printf3.o(i.__0vsprintf$3) refers to printf3.o(i._sputc) for _sputc
    printf3.o(i._printf_core) refers to uidiv.o(.text) for __aeabi_uidivmod
    printf4.o(i.__0fprintf$4) refers to printf4.o(i._printf_core) for _printf_core
    printf4.o(i.__0fprintf$4) refers to usart.o(i.fputc) for fputc
    printf4.o(i.__0printf$4) refers to printf4.o(i._printf_core) for _printf_core
    printf4.o(i.__0printf$4) refers to usart.o(i.fputc) for fputc
    printf4.o(i.__0printf$4) refers to stdout.o(.data) for __stdout
    printf4.o(i.__0snprintf$4) refers to printf4.o(i._printf_core) for _printf_core
    printf4.o(i.__0snprintf$4) refers to printf4.o(i._snputc) for _snputc
    printf4.o(i.__0sprintf$4) refers to printf4.o(i._printf_core) for _printf_core
    printf4.o(i.__0sprintf$4) refers to printf4.o(i._sputc) for _sputc
    printf4.o(i.__0vfprintf$4) refers to printf4.o(i._printf_core) for _printf_core
    printf4.o(i.__0vfprintf$4) refers to usart.o(i.fputc) for fputc
    printf4.o(i.__0vprintf$4) refers to printf4.o(i._printf_core) for _printf_core
    printf4.o(i.__0vprintf$4) refers to usart.o(i.fputc) for fputc
    printf4.o(i.__0vprintf$4) refers to stdout.o(.data) for __stdout
    printf4.o(i.__0vsnprintf$4) refers to printf4.o(i._printf_core) for _printf_core
    printf4.o(i.__0vsnprintf$4) refers to printf4.o(i._snputc) for _snputc
    printf4.o(i.__0vsprintf$4) refers to printf4.o(i._printf_core) for _printf_core
    printf4.o(i.__0vsprintf$4) refers to printf4.o(i._sputc) for _sputc
    printf4.o(i._printf_core) refers to uldiv.o(.text) for __aeabi_uldivmod
    printf5.o(i.__0fprintf$5) refers to printf5.o(i._printf_core) for _printf_core
    printf5.o(i.__0fprintf$5) refers to usart.o(i.fputc) for fputc
    printf5.o(i.__0printf$5) refers to printf5.o(i._printf_core) for _printf_core
    printf5.o(i.__0printf$5) refers to usart.o(i.fputc) for fputc
    printf5.o(i.__0printf$5) refers to stdout.o(.data) for __stdout
    printf5.o(i.__0snprintf$5) refers to printf5.o(i._printf_core) for _printf_core
    printf5.o(i.__0snprintf$5) refers to printf5.o(i._snputc) for _snputc
    printf5.o(i.__0sprintf$5) refers to printf5.o(i._printf_core) for _printf_core
    printf5.o(i.__0sprintf$5) refers to printf5.o(i._sputc) for _sputc
    printf5.o(i.__0vfprintf$5) refers to printf5.o(i._printf_core) for _printf_core
    printf5.o(i.__0vfprintf$5) refers to usart.o(i.fputc) for fputc
    printf5.o(i.__0vprintf$5) refers to printf5.o(i._printf_core) for _printf_core
    printf5.o(i.__0vprintf$5) refers to usart.o(i.fputc) for fputc
    printf5.o(i.__0vprintf$5) refers to stdout.o(.data) for __stdout
    printf5.o(i.__0vsnprintf$5) refers to printf5.o(i._printf_core) for _printf_core
    printf5.o(i.__0vsnprintf$5) refers to printf5.o(i._snputc) for _snputc
    printf5.o(i.__0vsprintf$5) refers to printf5.o(i._printf_core) for _printf_core
    printf5.o(i.__0vsprintf$5) refers to printf5.o(i._sputc) for _sputc
    printf5.o(i._printf_core) refers to uldiv.o(.text) for __aeabi_uldivmod
    printf6.o(i.__0fprintf$6) refers to printf6.o(i._printf_core) for _printf_core
    printf6.o(i.__0fprintf$6) refers to usart.o(i.fputc) for fputc
    printf6.o(i.__0printf$6) refers to printf6.o(i._printf_core) for _printf_core
    printf6.o(i.__0printf$6) refers to usart.o(i.fputc) for fputc
    printf6.o(i.__0printf$6) refers to stdout.o(.data) for __stdout
    printf6.o(i.__0snprintf$6) refers to printf6.o(i._printf_core) for _printf_core
    printf6.o(i.__0snprintf$6) refers to printf6.o(i._snputc) for _snputc
    printf6.o(i.__0sprintf$6) refers to printf6.o(i._printf_core) for _printf_core
    printf6.o(i.__0sprintf$6) refers to printf6.o(i._sputc) for _sputc
    printf6.o(i.__0vfprintf$6) refers to printf6.o(i._printf_core) for _printf_core
    printf6.o(i.__0vfprintf$6) refers to usart.o(i.fputc) for fputc
    printf6.o(i.__0vprintf$6) refers to printf6.o(i._printf_core) for _printf_core
    printf6.o(i.__0vprintf$6) refers to usart.o(i.fputc) for fputc
    printf6.o(i.__0vprintf$6) refers to stdout.o(.data) for __stdout
    printf6.o(i.__0vsnprintf$6) refers to printf6.o(i._printf_core) for _printf_core
    printf6.o(i.__0vsnprintf$6) refers to printf6.o(i._snputc) for _snputc
    printf6.o(i.__0vsprintf$6) refers to printf6.o(i._printf_core) for _printf_core
    printf6.o(i.__0vsprintf$6) refers to printf6.o(i._sputc) for _sputc
    printf6.o(i._printf_core) refers to printf6.o(i._printf_pre_padding) for _printf_pre_padding
    printf6.o(i._printf_core) refers to uidiv.o(.text) for __aeabi_uidivmod
    printf6.o(i._printf_core) refers to printf6.o(i._printf_post_padding) for _printf_post_padding
    printf7.o(i.__0fprintf$7) refers to printf7.o(i._printf_core) for _printf_core
    printf7.o(i.__0fprintf$7) refers to usart.o(i.fputc) for fputc
    printf7.o(i.__0printf$7) refers to printf7.o(i._printf_core) for _printf_core
    printf7.o(i.__0printf$7) refers to usart.o(i.fputc) for fputc
    printf7.o(i.__0printf$7) refers to stdout.o(.data) for __stdout
    printf7.o(i.__0snprintf$7) refers to printf7.o(i._printf_core) for _printf_core
    printf7.o(i.__0snprintf$7) refers to printf7.o(i._snputc) for _snputc
    printf7.o(i.__0sprintf$7) refers to printf7.o(i._printf_core) for _printf_core
    printf7.o(i.__0sprintf$7) refers to printf7.o(i._sputc) for _sputc
    printf7.o(i.__0vfprintf$7) refers to printf7.o(i._printf_core) for _printf_core
    printf7.o(i.__0vfprintf$7) refers to usart.o(i.fputc) for fputc
    printf7.o(i.__0vprintf$7) refers to printf7.o(i._printf_core) for _printf_core
    printf7.o(i.__0vprintf$7) refers to usart.o(i.fputc) for fputc
    printf7.o(i.__0vprintf$7) refers to stdout.o(.data) for __stdout
    printf7.o(i.__0vsnprintf$7) refers to printf7.o(i._printf_core) for _printf_core
    printf7.o(i.__0vsnprintf$7) refers to printf7.o(i._snputc) for _snputc
    printf7.o(i.__0vsprintf$7) refers to printf7.o(i._printf_core) for _printf_core
    printf7.o(i.__0vsprintf$7) refers to printf7.o(i._sputc) for _sputc
    printf7.o(i._printf_core) refers to printf7.o(i._printf_pre_padding) for _printf_pre_padding
    printf7.o(i._printf_core) refers to uldiv.o(.text) for __aeabi_uldivmod
    printf7.o(i._printf_core) refers to printf7.o(i._printf_post_padding) for _printf_post_padding
    printf8.o(i.__0fprintf$8) refers to printf8.o(i._printf_core) for _printf_core
    printf8.o(i.__0fprintf$8) refers to usart.o(i.fputc) for fputc
    printf8.o(i.__0printf$8) refers to printf8.o(i._printf_core) for _printf_core
    printf8.o(i.__0printf$8) refers to usart.o(i.fputc) for fputc
    printf8.o(i.__0printf$8) refers to stdout.o(.data) for __stdout
    printf8.o(i.__0snprintf$8) refers to printf8.o(i._printf_core) for _printf_core
    printf8.o(i.__0snprintf$8) refers to printf8.o(i._snputc) for _snputc
    printf8.o(i.__0sprintf$8) refers to printf8.o(i._printf_core) for _printf_core
    printf8.o(i.__0sprintf$8) refers to printf8.o(i._sputc) for _sputc
    printf8.o(i.__0vfprintf$8) refers to printf8.o(i._printf_core) for _printf_core
    printf8.o(i.__0vfprintf$8) refers to usart.o(i.fputc) for fputc
    printf8.o(i.__0vprintf$8) refers to printf8.o(i._printf_core) for _printf_core
    printf8.o(i.__0vprintf$8) refers to usart.o(i.fputc) for fputc
    printf8.o(i.__0vprintf$8) refers to stdout.o(.data) for __stdout
    printf8.o(i.__0vsnprintf$8) refers to printf8.o(i._printf_core) for _printf_core
    printf8.o(i.__0vsnprintf$8) refers to printf8.o(i._snputc) for _snputc
    printf8.o(i.__0vsprintf$8) refers to printf8.o(i._printf_core) for _printf_core
    printf8.o(i.__0vsprintf$8) refers to printf8.o(i._sputc) for _sputc
    printf8.o(i._printf_core) refers to printf8.o(i._printf_pre_padding) for _printf_pre_padding
    printf8.o(i._printf_core) refers to uldiv.o(.text) for __aeabi_uldivmod
    printf8.o(i._printf_core) refers to printf8.o(i._printf_post_padding) for _printf_post_padding
    printfa.o(i.__0fprintf) refers (Special) to iusefp.o(.text) for __I$use$fp
    printfa.o(i.__0fprintf) refers to printfa.o(i._printf_core) for _printf_core
    printfa.o(i.__0fprintf) refers to usart.o(i.fputc) for fputc
    printfa.o(i.__0printf) refers (Special) to iusefp.o(.text) for __I$use$fp
    printfa.o(i.__0printf) refers to printfa.o(i._printf_core) for _printf_core
    printfa.o(i.__0printf) refers to usart.o(i.fputc) for fputc
    printfa.o(i.__0printf) refers to stdout.o(.data) for __stdout
    printfa.o(i.__0snprintf) refers (Special) to iusefp.o(.text) for __I$use$fp
    printfa.o(i.__0snprintf) refers to printfa.o(i._printf_core) for _printf_core
    printfa.o(i.__0snprintf) refers to printfa.o(i._snputc) for _snputc
    printfa.o(i.__0sprintf) refers (Special) to iusefp.o(.text) for __I$use$fp
    printfa.o(i.__0sprintf) refers to printfa.o(i._printf_core) for _printf_core
    printfa.o(i.__0sprintf) refers to printfa.o(i._sputc) for _sputc
    printfa.o(i.__0vfprintf) refers (Special) to iusefp.o(.text) for __I$use$fp
    printfa.o(i.__0vfprintf) refers to printfa.o(i._printf_core) for _printf_core
    printfa.o(i.__0vfprintf) refers to usart.o(i.fputc) for fputc
    printfa.o(i.__0vprintf) refers (Special) to iusefp.o(.text) for __I$use$fp
    printfa.o(i.__0vprintf) refers to printfa.o(i._printf_core) for _printf_core
    printfa.o(i.__0vprintf) refers to usart.o(i.fputc) for fputc
    printfa.o(i.__0vprintf) refers to stdout.o(.data) for __stdout
    printfa.o(i.__0vsnprintf) refers (Special) to iusefp.o(.text) for __I$use$fp
    printfa.o(i.__0vsnprintf) refers to printfa.o(i._printf_core) for _printf_core
    printfa.o(i.__0vsnprintf) refers to printfa.o(i._snputc) for _snputc
    printfa.o(i.__0vsprintf) refers (Special) to iusefp.o(.text) for __I$use$fp
    printfa.o(i.__0vsprintf) refers to printfa.o(i._printf_core) for _printf_core
    printfa.o(i.__0vsprintf) refers to printfa.o(i._sputc) for _sputc
    printfa.o(i._fp_digits) refers (Special) to iusefp.o(.text) for __I$use$fp
    printfa.o(i._fp_digits) refers to dmul.o(.text) for __aeabi_dmul
    printfa.o(i._fp_digits) refers to ddiv.o(.text) for __aeabi_ddiv
    printfa.o(i._fp_digits) refers to cdrcmple.o(.text) for __aeabi_cdrcmple
    printfa.o(i._fp_digits) refers to dadd.o(.text) for __aeabi_dadd
    printfa.o(i._fp_digits) refers to dfixul.o(.text) for __aeabi_d2ulz
    printfa.o(i._fp_digits) refers to uldiv.o(.text) for __aeabi_uldivmod
    printfa.o(i._printf_core) refers (Special) to iusefp.o(.text) for __I$use$fp
    printfa.o(i._printf_core) refers to printfa.o(i._printf_pre_padding) for _printf_pre_padding
    printfa.o(i._printf_core) refers to uldiv.o(.text) for __aeabi_uldivmod
    printfa.o(i._printf_core) refers to printfa.o(i._printf_post_padding) for _printf_post_padding
    printfa.o(i._printf_core) refers to printfa.o(i._fp_digits) for _fp_digits
    printfa.o(i._printf_core) refers to uidiv.o(.text) for __aeabi_uidivmod
    printfa.o(i._printf_post_padding) refers (Special) to iusefp.o(.text) for __I$use$fp
    printfa.o(i._printf_pre_padding) refers (Special) to iusefp.o(.text) for __I$use$fp
    printfa.o(i._snputc) refers (Special) to iusefp.o(.text) for __I$use$fp
    printfa.o(i._sputc) refers (Special) to iusefp.o(.text) for __I$use$fp
    malloc.o(i.free) refers to mvars.o(.data) for __microlib_freelist
    malloc.o(i.malloc) refers to mvars.o(.data) for __microlib_freelist_initialised
    malloc.o(i.malloc) refers to mvars.o(.data) for __microlib_freelist
    malloc.o(i.malloc) refers to startup_stm32f10x_hd.o(HEAP) for __heap_base
    mallocr.o(i.__free$realloc) refers to mvars.o(.data) for __microlib_freelist
    mallocr.o(i.__malloc$realloc) refers to mallocr.o(i.internal_alloc) for internal_alloc
    mallocr.o(i.__malloc$realloc) refers to mvars.o(.data) for __microlib_freelist_initialised
    mallocr.o(i.__malloc$realloc) refers to startup_stm32f10x_hd.o(HEAP) for __heap_base
    mallocr.o(i.__malloc$realloc) refers to mvars.o(.data) for __microlib_freelist
    mallocr.o(i.internal_alloc) refers to memcpya.o(.text) for __aeabi_memcpy
    mallocr.o(i.internal_alloc) refers to mvars.o(.data) for __microlib_freelist
    mallocr.o(i.realloc) refers to mallocr.o(i.__free$realloc) for __free$realloc
    mallocr.o(i.realloc) refers to mallocr.o(i.internal_alloc) for internal_alloc
    mallocr.o(i.realloc) refers to mallocr.o(i.__malloc$realloc) for __malloc$realloc
    mallocr.o(i.realloc) refers to mvars.o(.data) for __microlib_freelist
    malloca.o(i.__aligned_malloc) refers to mvars.o(.data) for __microlib_freelist_initialised
    malloca.o(i.__aligned_malloc) refers to mvars.o(.data) for __microlib_freelist
    malloca.o(i.__aligned_malloc) refers to startup_stm32f10x_hd.o(HEAP) for __heap_base
    malloca.o(i.__free$memalign) refers to mvars.o(.data) for __microlib_freelist
    malloca.o(i.__malloc$memalign) refers to malloca.o(i.__aligned_malloc) for __aligned_malloc
    mallocra.o(i.__aligned_malloc$realloc) refers to mallocra.o(i.internal_alloc) for internal_alloc
    mallocra.o(i.__aligned_malloc$realloc) refers to mvars.o(.data) for __microlib_freelist_initialised
    mallocra.o(i.__aligned_malloc$realloc) refers to startup_stm32f10x_hd.o(HEAP) for __heap_base
    mallocra.o(i.__aligned_malloc$realloc) refers to mvars.o(.data) for __microlib_freelist
    mallocra.o(i.__free$realloc$memalign) refers to mvars.o(.data) for __microlib_freelist
    mallocra.o(i.__malloc$realloc$memalign) refers to mallocra.o(i.__aligned_malloc$realloc) for __aligned_malloc$realloc
    mallocra.o(i.__realloc$memalign) refers to mallocra.o(i.__free$realloc$memalign) for __free$realloc$memalign
    mallocra.o(i.__realloc$memalign) refers to mallocra.o(i.internal_alloc) for internal_alloc
    mallocra.o(i.__realloc$memalign) refers to mallocra.o(i.__malloc$realloc$memalign) for __malloc$realloc$memalign
    mallocra.o(i.__realloc$memalign) refers to mvars.o(.data) for __microlib_freelist
    mallocra.o(i.internal_alloc) refers to memcpya.o(.text) for __aeabi_memcpy
    mallocra.o(i.internal_alloc) refers to mvars.o(.data) for __microlib_freelist
    __0sscanf.o(.text) refers to scanf_char.o(.text) for __vfscanf_char
    __0sscanf.o(.text) refers to _sgetc.o(.text) for _sgetc
    _scanf_int.o(.text) refers to _chval.o(.text) for _chval
    dadd.o(.text) refers (Special) to iusefp.o(.text) for __I$use$fp
    dadd.o(.text) refers to llshl.o(.text) for __aeabi_llsl
    dadd.o(.text) refers to llsshr.o(.text) for __aeabi_lasr
    dadd.o(.text) refers to depilogue.o(.text) for _double_epilogue
    dmul.o(.text) refers (Special) to iusefp.o(.text) for __I$use$fp
    dmul.o(.text) refers to depilogue.o(.text) for _double_epilogue
    dflti.o(.text) refers (Special) to iusefp.o(.text) for __I$use$fp
    dflti.o(.text) refers to depilogue.o(.text) for _double_epilogue
    dfltui.o(.text) refers (Special) to iusefp.o(.text) for __I$use$fp
    dfltui.o(.text) refers to depilogue.o(.text) for _double_epilogue
    dfixi.o(.text) refers (Special) to iusefp.o(.text) for __I$use$fp
    dfixi.o(.text) refers to llushr.o(.text) for __aeabi_llsr
    dfixui.o(.text) refers (Special) to iusefp.o(.text) for __I$use$fp
    dfixui.o(.text) refers to llushr.o(.text) for __aeabi_llsr
    f2d.o(.text) refers (Special) to iusefp.o(.text) for __I$use$fp
    cdcmple.o(.text) refers (Special) to iusefp.o(.text) for __I$use$fp
    cdrcmple.o(.text) refers (Special) to iusefp.o(.text) for __I$use$fp
    dunder.o(i.__mathlib_dbl_divzero) refers to ddiv.o(.text) for __aeabi_ddiv
    dunder.o(i.__mathlib_dbl_infnan) refers to dscalb.o(.text) for __ARM_scalbn
    dunder.o(i.__mathlib_dbl_infnan2) refers to dadd.o(.text) for __aeabi_dadd
    dunder.o(i.__mathlib_dbl_invalid) refers to ddiv.o(.text) for __aeabi_ddiv
    dunder.o(i.__mathlib_dbl_overflow) refers to dscalb.o(.text) for __ARM_scalbn
    dunder.o(i.__mathlib_dbl_posinfnan) refers to dmul.o(.text) for __aeabi_dmul
    dunder.o(i.__mathlib_dbl_underflow) refers to dscalb.o(.text) for __ARM_scalbn
    fpclassify.o(i.__ARM_fpclassify) refers (Special) to iusefp.o(.text) for __I$use$fp
    poly.o(i.__kernel_poly) refers (Special) to iusefp.o(.text) for __I$use$fp
    poly.o(i.__kernel_poly) refers to dmul.o(.text) for __aeabi_dmul
    poly.o(i.__kernel_poly) refers to dadd.o(.text) for __aeabi_dadd
    qnan.o(.constdata) refers (Special) to iusefp.o(.text) for __I$use$fp
    sqrt.o(i.__softfp_sqrt) refers (Special) to iusefp.o(.text) for __I$use$fp
    sqrt.o(i.__softfp_sqrt) refers to dsqrt.o(.text) for _dsqrt
    sqrt.o(i.__softfp_sqrt) refers to errno.o(i.__set_errno) for __set_errno
    sqrt.o(i.sqrt) refers (Special) to iusefp.o(.text) for __I$use$fp
    sqrt.o(i.sqrt) refers to dsqrt.o(.text) for _dsqrt
    sqrt.o(i.sqrt) refers to errno.o(i.__set_errno) for __set_errno
    sqrt_x.o(i.____softfp_sqrt$lsc) refers (Special) to iusefp.o(.text) for __I$use$fp
    sqrt_x.o(i.____softfp_sqrt$lsc) refers to cdcmple.o(.text) for __aeabi_cdcmple
    sqrt_x.o(i.____softfp_sqrt$lsc) refers to errno.o(i.__set_errno) for __set_errno
    sqrt_x.o(i.____softfp_sqrt$lsc) refers to dsqrt.o(.text) for _dsqrt
    sqrt_x.o(i.__sqrt$lsc) refers (Special) to iusefp.o(.text) for __I$use$fp
    sqrt_x.o(i.__sqrt$lsc) refers to cdcmple.o(.text) for __aeabi_cdcmple
    sqrt_x.o(i.__sqrt$lsc) refers to errno.o(i.__set_errno) for __set_errno
    sqrt_x.o(i.__sqrt$lsc) refers to dsqrt.o(.text) for _dsqrt
    entry2.o(.ARM.Collect$$$$00000001) refers to entry2.o(.ARM.Collect$$$$00002712) for __lit__00000000
    entry2.o(.ARM.Collect$$$$00002712) refers to startup_stm32f10x_hd.o(STACK) for __initial_sp
    entry2.o(__vectab_stack_and_reset_area) refers to startup_stm32f10x_hd.o(STACK) for __initial_sp
    entry2.o(__vectab_stack_and_reset_area) refers to entry.o(.ARM.Collect$$$$00000000) for __main
    entry5.o(.ARM.Collect$$$$00000004) refers to init.o(.text) for __scatterload
    entry9a.o(.ARM.Collect$$$$0000000B) refers to main.o(i.main) for main
    entry9b.o(.ARM.Collect$$$$0000000C) refers to main.o(i.main) for main
    uldiv.o(.text) refers to llushr.o(.text) for __aeabi_llsr
    uldiv.o(.text) refers to llshl.o(.text) for __aeabi_llsl
    errno.o(i.__aeabi_errno_addr) refers to errno.o(.data) for .data
    errno.o(i.__read_errno) refers to errno.o(.data) for .data
    errno.o(i.__set_errno) refers to errno.o(.data) for .data
    scanf_char.o(.text) refers to _scanf.o(.text) for __vfscanf
    scanf_char.o(.text) refers to isspace_c.o(.text) for isspace
    depilogue.o(.text) refers to llshl.o(.text) for __aeabi_llsl
    depilogue.o(.text) refers to llushr.o(.text) for __aeabi_llsr
    ddiv.o(.text) refers to depilogue.o(.text) for _double_round
    dfixul.o(.text) refers to llushr.o(.text) for __aeabi_llsr
    dfixul.o(.text) refers to llshl.o(.text) for __aeabi_llsl
    init.o(.text) refers to entry5.o(.ARM.Collect$$$$00000004) for __main_after_scatterload
    isspace_c.o(.text) refers to ctype_c.o(.text) for __ctype_lookup
    _scanf.o(.text) refers (Weak) to _scanf_int.o(.text) for _scanf_int
    _scanf.o(.text) refers (Weak) to _scanf_str.o(.text) for _scanf_string
    dsqrt.o(.text) refers to llushr.o(.text) for __aeabi_llsr
    dsqrt.o(.text) refers to depilogue.o(.text) for _double_round
    ctype_c.o(.text) refers to ctype_c.o(.constdata) for .constdata


==============================================================================

Removing Unused input sections from the image.

    Removing core_cm3.o(.emb_text), (32 bytes).
    Removing system_stm32f10x.o(i.SystemCoreClockUpdate), (164 bytes).
    Removing system_stm32f10x.o(.data), (20 bytes).
    Removing stm32f10x_exti.o(i.EXTI_ClearFlag), (12 bytes).
    Removing stm32f10x_exti.o(i.EXTI_DeInit), (36 bytes).
    Removing stm32f10x_exti.o(i.EXTI_GenerateSWInterrupt), (16 bytes).
    Removing stm32f10x_exti.o(i.EXTI_GetFlagStatus), (24 bytes).
    Removing stm32f10x_exti.o(i.EXTI_StructInit), (16 bytes).
    Removing misc.o(i.NVIC_SetVectorTable), (20 bytes).
    Removing misc.o(i.NVIC_SystemLPConfig), (32 bytes).
    Removing stm32f10x_gpio.o(i.GPIO_AFIODeInit), (20 bytes).
    Removing stm32f10x_gpio.o(i.GPIO_DeInit), (200 bytes).
    Removing stm32f10x_gpio.o(i.GPIO_ETH_MediaInterfaceConfig), (12 bytes).
    Removing stm32f10x_gpio.o(i.GPIO_EventOutputCmd), (12 bytes).
    Removing stm32f10x_gpio.o(i.GPIO_EventOutputConfig), (32 bytes).
    Removing stm32f10x_gpio.o(i.GPIO_PinLockConfig), (18 bytes).
    Removing stm32f10x_gpio.o(i.GPIO_PinRemapConfig), (144 bytes).
    Removing stm32f10x_gpio.o(i.GPIO_ReadInputData), (8 bytes).
    Removing stm32f10x_gpio.o(i.GPIO_ReadInputDataBit), (18 bytes).
    Removing stm32f10x_gpio.o(i.GPIO_ReadOutputData), (8 bytes).
    Removing stm32f10x_gpio.o(i.GPIO_ReadOutputDataBit), (18 bytes).
    Removing stm32f10x_gpio.o(i.GPIO_ResetBits), (4 bytes).
    Removing stm32f10x_gpio.o(i.GPIO_StructInit), (16 bytes).
    Removing stm32f10x_gpio.o(i.GPIO_Write), (4 bytes).
    Removing stm32f10x_rcc.o(i.RCC_ADCCLKConfig), (24 bytes).
    Removing stm32f10x_rcc.o(i.RCC_APB1PeriphResetCmd), (32 bytes).
    Removing stm32f10x_rcc.o(i.RCC_APB2PeriphResetCmd), (32 bytes).
    Removing stm32f10x_rcc.o(i.RCC_AdjustHSICalibrationValue), (24 bytes).
    Removing stm32f10x_rcc.o(i.RCC_BackupResetCmd), (12 bytes).
    Removing stm32f10x_rcc.o(i.RCC_ClearFlag), (20 bytes).
    Removing stm32f10x_rcc.o(i.RCC_ClearITPendingBit), (12 bytes).
    Removing stm32f10x_rcc.o(i.RCC_ClockSecuritySystemCmd), (12 bytes).
    Removing stm32f10x_rcc.o(i.RCC_DeInit), (76 bytes).
    Removing stm32f10x_rcc.o(i.RCC_GetFlagStatus), (60 bytes).
    Removing stm32f10x_rcc.o(i.RCC_GetITStatus), (24 bytes).
    Removing stm32f10x_rcc.o(i.RCC_GetSYSCLKSource), (16 bytes).
    Removing stm32f10x_rcc.o(i.RCC_HCLKConfig), (24 bytes).
    Removing stm32f10x_rcc.o(i.RCC_HSEConfig), (76 bytes).
    Removing stm32f10x_rcc.o(i.RCC_HSICmd), (12 bytes).
    Removing stm32f10x_rcc.o(i.RCC_ITConfig), (32 bytes).
    Removing stm32f10x_rcc.o(i.RCC_LSEConfig), (52 bytes).
    Removing stm32f10x_rcc.o(i.RCC_LSICmd), (12 bytes).
    Removing stm32f10x_rcc.o(i.RCC_MCOConfig), (12 bytes).
    Removing stm32f10x_rcc.o(i.RCC_PCLK1Config), (24 bytes).
    Removing stm32f10x_rcc.o(i.RCC_PCLK2Config), (24 bytes).
    Removing stm32f10x_rcc.o(i.RCC_PLLCmd), (12 bytes).
    Removing stm32f10x_rcc.o(i.RCC_PLLConfig), (28 bytes).
    Removing stm32f10x_rcc.o(i.RCC_RTCCLKCmd), (12 bytes).
    Removing stm32f10x_rcc.o(i.RCC_RTCCLKConfig), (16 bytes).
    Removing stm32f10x_rcc.o(i.RCC_SYSCLKConfig), (24 bytes).
    Removing stm32f10x_rcc.o(i.RCC_USBCLKConfig), (12 bytes).
    Removing stm32f10x_rcc.o(i.RCC_WaitForHSEStartUp), (56 bytes).
    Removing stm32f10x_usart.o(i.USART_ClearITPendingBit), (30 bytes).
    Removing stm32f10x_usart.o(i.USART_ClockInit), (34 bytes).
    Removing stm32f10x_usart.o(i.USART_ClockStructInit), (12 bytes).
    Removing stm32f10x_usart.o(i.USART_DMACmd), (18 bytes).
    Removing stm32f10x_usart.o(i.USART_DeInit), (156 bytes).
    Removing stm32f10x_usart.o(i.USART_HalfDuplexCmd), (24 bytes).
    Removing stm32f10x_usart.o(i.USART_IrDACmd), (24 bytes).
    Removing stm32f10x_usart.o(i.USART_IrDAConfig), (18 bytes).
    Removing stm32f10x_usart.o(i.USART_LINBreakDetectLengthConfig), (18 bytes).
    Removing stm32f10x_usart.o(i.USART_LINCmd), (24 bytes).
    Removing stm32f10x_usart.o(i.USART_OneBitMethodCmd), (24 bytes).
    Removing stm32f10x_usart.o(i.USART_OverSampling8Cmd), (22 bytes).
    Removing stm32f10x_usart.o(i.USART_ReceiveData), (10 bytes).
    Removing stm32f10x_usart.o(i.USART_ReceiverWakeUpCmd), (24 bytes).
    Removing stm32f10x_usart.o(i.USART_SendBreak), (10 bytes).
    Removing stm32f10x_usart.o(i.USART_SetAddress), (18 bytes).
    Removing stm32f10x_usart.o(i.USART_SetGuardTime), (16 bytes).
    Removing stm32f10x_usart.o(i.USART_SetPrescaler), (16 bytes).
    Removing stm32f10x_usart.o(i.USART_SmartCardCmd), (24 bytes).
    Removing stm32f10x_usart.o(i.USART_SmartCardNACKCmd), (24 bytes).
    Removing stm32f10x_usart.o(i.USART_StructInit), (24 bytes).
    Removing stm32f10x_usart.o(i.USART_WakeUpConfig), (18 bytes).
    Removing stm32f10x_fsmc.o(i.FSMC_ClearFlag), (64 bytes).
    Removing stm32f10x_fsmc.o(i.FSMC_ClearITPendingBit), (72 bytes).
    Removing stm32f10x_fsmc.o(i.FSMC_GetECC), (28 bytes).
    Removing stm32f10x_fsmc.o(i.FSMC_GetFlagStatus), (56 bytes).
    Removing stm32f10x_fsmc.o(i.FSMC_GetITStatus), (68 bytes).
    Removing stm32f10x_fsmc.o(i.FSMC_ITConfig), (128 bytes).
    Removing stm32f10x_fsmc.o(i.FSMC_NANDCmd), (92 bytes).
    Removing stm32f10x_fsmc.o(i.FSMC_NANDDeInit), (68 bytes).
    Removing stm32f10x_fsmc.o(i.FSMC_NANDECCCmd), (92 bytes).
    Removing stm32f10x_fsmc.o(i.FSMC_NANDInit), (136 bytes).
    Removing stm32f10x_fsmc.o(i.FSMC_NANDStructInit), (54 bytes).
    Removing stm32f10x_fsmc.o(i.FSMC_NORSRAMDeInit), (54 bytes).
    Removing stm32f10x_fsmc.o(i.FSMC_NORSRAMStructInit), (114 bytes).
    Removing stm32f10x_fsmc.o(i.FSMC_PCCARDCmd), (48 bytes).
    Removing stm32f10x_fsmc.o(i.FSMC_PCCARDDeInit), (40 bytes).
    Removing stm32f10x_fsmc.o(i.FSMC_PCCARDInit), (132 bytes).
    Removing stm32f10x_fsmc.o(i.FSMC_PCCARDStructInit), (60 bytes).
    Removing key.o(i.KEY_Scan), (160 bytes).
    Removing key.o(.data), (1 bytes).
    Removing tftlcd.o(i.LCD_Color_Fill), (94 bytes).
    Removing tftlcd.o(i.LCD_DrawLine), (176 bytes).
    Removing tftlcd.o(i.LCD_DrawLine_Color), (172 bytes).
    Removing tftlcd.o(i.LCD_DrawPoint), (32 bytes).
    Removing tftlcd.o(i.LCD_DrawRectangle), (60 bytes).
    Removing tftlcd.o(i.LCD_Draw_Circle), (152 bytes).
    Removing tftlcd.o(i.LCD_DrowSign), (132 bytes).
    Removing tftlcd.o(i.LCD_Fill), (92 bytes).
    Removing tftlcd.o(i.LCD_Pow), (22 bytes).
    Removing tftlcd.o(i.LCD_RGBColor_Change), (28 bytes).
    Removing tftlcd.o(i.LCD_ReadData), (12 bytes).
    Removing tftlcd.o(i.LCD_ReadPoint), (100 bytes).
    Removing tftlcd.o(i.LCD_SSD_BackLightSet), (84 bytes).
    Removing tftlcd.o(i.LCD_ShowNum), (148 bytes).
    Removing tftlcd.o(i.LCD_ShowPicture), (138 bytes).
    Removing tftlcd.o(i.LCD_ShowxNum), (190 bytes).
    Removing tftlcd.o(i.LCD_WriteCmdData), (20 bytes).
    Removing lsens.o(i.Get_ADC3), (52 bytes).
    Removing lsens.o(i.Lsens_Get_Val), (60 bytes).
    Removing lsens.o(i.Lsens_Init), (160 bytes).
    Removing onenet.o(i.OneNET_Publish), (124 bytes).
    Removing onenet.o(i.OneNET_RegisterDevice), (428 bytes).
    Removing onenet.o(.bss), (64 bytes).
    Removing hmac_sha1.o(i.rotr), (40 bytes).
    Removing hmac_sha1.o(.data), (973 bytes).
    Removing mqttkit.o(i.MQTT_PacketCmdResp), (140 bytes).
    Removing mqttkit.o(i.MQTT_PacketDisConnect), (48 bytes).
    Removing mqttkit.o(i.MQTT_PacketPing), (48 bytes).
    Removing mqttkit.o(i.MQTT_PacketPublishAck), (72 bytes).
    Removing mqttkit.o(i.MQTT_PacketPublishComp), (72 bytes).
    Removing mqttkit.o(i.MQTT_PacketPublishRec), (72 bytes).
    Removing mqttkit.o(i.MQTT_PacketPublishRel), (72 bytes).
    Removing mqttkit.o(i.MQTT_PacketSaveBinData), (212 bytes).
    Removing mqttkit.o(i.MQTT_PacketUnSubscribe), (238 bytes).
    Removing mqttkit.o(i.MQTT_UnPacketCmd), (140 bytes).
    Removing mqttkit.o(i.MQTT_UnPacketPublishComp), (30 bytes).
    Removing mqttkit.o(i.MQTT_UnPacketPublishRec), (30 bytes).
    Removing mqttkit.o(i.MQTT_UnPacketPublishRel), (36 bytes).
    Removing mqttkit.o(i.MQTT_UnPacketUnSubscribe), (18 bytes).
    Removing cjson.o(i.cJSON_AddItemReferenceToArray), (24 bytes).
    Removing cjson.o(i.cJSON_AddItemReferenceToObject), (32 bytes).
    Removing cjson.o(i.cJSON_AddItemToArray), (42 bytes).
    Removing cjson.o(i.cJSON_AddItemToObject), (48 bytes).
    Removing cjson.o(i.cJSON_AddItemToObjectCS), (60 bytes).
    Removing cjson.o(i.cJSON_CreateArray), (18 bytes).
    Removing cjson.o(i.cJSON_CreateBool), (26 bytes).
    Removing cjson.o(i.cJSON_CreateDoubleArray), (68 bytes).
    Removing cjson.o(i.cJSON_CreateFalse), (18 bytes).
    Removing cjson.o(i.cJSON_CreateFloatArray), (68 bytes).
    Removing cjson.o(i.cJSON_CreateIntArray), (68 bytes).
    Removing cjson.o(i.cJSON_CreateNull), (18 bytes).
    Removing cjson.o(i.cJSON_CreateNumber), (36 bytes).
    Removing cjson.o(i.cJSON_CreateObject), (18 bytes).
    Removing cjson.o(i.cJSON_CreateString), (28 bytes).
    Removing cjson.o(i.cJSON_CreateStringArray), (62 bytes).
    Removing cjson.o(i.cJSON_CreateTrue), (18 bytes).
    Removing cjson.o(i.cJSON_DeleteItemFromArray), (22 bytes).
    Removing cjson.o(i.cJSON_DeleteItemFromObject), (22 bytes).
    Removing cjson.o(i.cJSON_DetachItemFromArray), (66 bytes).
    Removing cjson.o(i.cJSON_DetachItemFromObject), (50 bytes).
    Removing cjson.o(i.cJSON_Duplicate), (172 bytes).
    Removing cjson.o(i.cJSON_GetArrayItem), (18 bytes).
    Removing cjson.o(i.cJSON_GetArraySize), (18 bytes).
    Removing cjson.o(i.cJSON_GetErrorPtr), (12 bytes).
    Removing cjson.o(i.cJSON_InitHooks), (64 bytes).
    Removing cjson.o(i.cJSON_InsertItemInArray), (64 bytes).
    Removing cjson.o(i.cJSON_Minify), (186 bytes).
    Removing cjson.o(i.cJSON_Print), (18 bytes).
    Removing cjson.o(i.cJSON_PrintBuffered), (44 bytes).
    Removing cjson.o(i.cJSON_PrintUnformatted), (18 bytes).
    Removing cjson.o(i.cJSON_ReplaceItemInArray), (76 bytes).
    Removing cjson.o(i.cJSON_ReplaceItemInObject), (62 bytes).
    Removing cjson.o(i.cJSON_strdup), (44 bytes).
    Removing cjson.o(i.create_reference), (48 bytes).
    Removing cjson.o(i.ensure), (112 bytes).
    Removing cjson.o(i.pow2gt), (28 bytes).
    Removing cjson.o(i.print_array), (592 bytes).
    Removing cjson.o(i.print_number), (408 bytes).
    Removing cjson.o(i.print_object), (1048 bytes).
    Removing cjson.o(i.print_string), (16 bytes).
    Removing cjson.o(i.print_string_ptr), (468 bytes).
    Removing cjson.o(i.print_value), (304 bytes).
    Removing cjson.o(i.suffix_object), (6 bytes).
    Removing cjson.o(i.update), (32 bytes).
    Removing dfltui.o(.text), (26 bytes).
    Removing dfixui.o(.text), (50 bytes).
    Removing f2d.o(.text), (38 bytes).
    Removing cdcmple.o(.text), (48 bytes).

181 unused section(s) (total 13326 bytes) removed from the image.
